Archive member included to satisfy reference by file (symbol)

C:\Programs\GNU Tools ARM Embedded\5.4 2016q2\arm-none-eabi\lib\armv6-m\libnosys.a(errno.o)
                              newlib_stubs.o (errno)
C:\Programs\GNU Tools ARM Embedded\5.4 2016q2\lib\gcc\arm-none-eabi\5.4.1\armv6-m\libgcc.a(_divsi3.o)
                              main.o (__aeabi_idiv)
C:\Programs\GNU Tools ARM Embedded\5.4 2016q2\lib\gcc\arm-none-eabi\5.4.1\armv6-m\libgcc.a(_dvmd_tls.o)
                              C:\Programs\GNU Tools ARM Embedded\5.4 2016q2\lib\gcc\arm-none-eabi\5.4.1\armv6-m\libgcc.a(_divsi3.o) (__aeabi_idiv0)
C:\Programs\GNU Tools ARM Embedded\5.4 2016q2\arm-none-eabi\lib\armv6-m\libc_nano.a(lib_a-fflush.o)
                              main.o (fflush)
C:\Programs\GNU Tools ARM Embedded\5.4 2016q2\arm-none-eabi\lib\armv6-m\libc_nano.a(lib_a-findfp.o)
                              C:\Programs\GNU Tools ARM Embedded\5.4 2016q2\arm-none-eabi\lib\armv6-m\libc_nano.a(lib_a-fflush.o) (__sinit)
C:\Programs\GNU Tools ARM Embedded\5.4 2016q2\arm-none-eabi\lib\armv6-m\libc_nano.a(lib_a-fwalk.o)
                              C:\Programs\GNU Tools ARM Embedded\5.4 2016q2\arm-none-eabi\lib\armv6-m\libc_nano.a(lib_a-findfp.o) (_fwalk)
C:\Programs\GNU Tools ARM Embedded\5.4 2016q2\arm-none-eabi\lib\armv6-m\libc_nano.a(lib_a-impure.o)
                              C:\Programs\GNU Tools ARM Embedded\5.4 2016q2\arm-none-eabi\lib\armv6-m\libc_nano.a(lib_a-fflush.o) (_global_impure_ptr)
C:\Programs\GNU Tools ARM Embedded\5.4 2016q2\arm-none-eabi\lib\armv6-m\libc_nano.a(lib_a-memset.o)
                              C:\Programs\GNU Tools ARM Embedded\5.4 2016q2\arm-none-eabi\lib\armv6-m\libc_nano.a(lib_a-findfp.o) (memset)
C:\Programs\GNU Tools ARM Embedded\5.4 2016q2\arm-none-eabi\lib\armv6-m\libc_nano.a(lib_a-nano-freer.o)
                              C:\Programs\GNU Tools ARM Embedded\5.4 2016q2\arm-none-eabi\lib\armv6-m\libc_nano.a(lib_a-fflush.o) (_free_r)
C:\Programs\GNU Tools ARM Embedded\5.4 2016q2\arm-none-eabi\lib\armv6-m\libc_nano.a(lib_a-nano-mallocr.o)
                              C:\Programs\GNU Tools ARM Embedded\5.4 2016q2\arm-none-eabi\lib\armv6-m\libc_nano.a(lib_a-findfp.o) (_malloc_r)
C:\Programs\GNU Tools ARM Embedded\5.4 2016q2\arm-none-eabi\lib\armv6-m\libc_nano.a(lib_a-printf.o)
                              main.o (printf)
C:\Programs\GNU Tools ARM Embedded\5.4 2016q2\arm-none-eabi\lib\armv6-m\libc_nano.a(lib_a-puts.o)
                              main.o (puts)
C:\Programs\GNU Tools ARM Embedded\5.4 2016q2\arm-none-eabi\lib\armv6-m\libc_nano.a(lib_a-sbrkr.o)
                              C:\Programs\GNU Tools ARM Embedded\5.4 2016q2\arm-none-eabi\lib\armv6-m\libc_nano.a(lib_a-nano-mallocr.o) (_sbrk_r)
C:\Programs\GNU Tools ARM Embedded\5.4 2016q2\arm-none-eabi\lib\armv6-m\libc_nano.a(lib_a-stdio.o)
                              C:\Programs\GNU Tools ARM Embedded\5.4 2016q2\arm-none-eabi\lib\armv6-m\libc_nano.a(lib_a-findfp.o) (__sread)
C:\Programs\GNU Tools ARM Embedded\5.4 2016q2\arm-none-eabi\lib\armv6-m\libc_nano.a(lib_a-wbuf.o)
                              C:\Programs\GNU Tools ARM Embedded\5.4 2016q2\arm-none-eabi\lib\armv6-m\libc_nano.a(lib_a-puts.o) (__swbuf_r)
C:\Programs\GNU Tools ARM Embedded\5.4 2016q2\arm-none-eabi\lib\armv6-m\libc_nano.a(lib_a-writer.o)
                              C:\Programs\GNU Tools ARM Embedded\5.4 2016q2\arm-none-eabi\lib\armv6-m\libc_nano.a(lib_a-stdio.o) (_write_r)
C:\Programs\GNU Tools ARM Embedded\5.4 2016q2\arm-none-eabi\lib\armv6-m\libc_nano.a(lib_a-wsetup.o)
                              C:\Programs\GNU Tools ARM Embedded\5.4 2016q2\arm-none-eabi\lib\armv6-m\libc_nano.a(lib_a-puts.o) (__swsetup_r)
C:\Programs\GNU Tools ARM Embedded\5.4 2016q2\arm-none-eabi\lib\armv6-m\libc_nano.a(lib_a-closer.o)
                              C:\Programs\GNU Tools ARM Embedded\5.4 2016q2\arm-none-eabi\lib\armv6-m\libc_nano.a(lib_a-stdio.o) (_close_r)
C:\Programs\GNU Tools ARM Embedded\5.4 2016q2\arm-none-eabi\lib\armv6-m\libc_nano.a(lib_a-lseekr.o)
                              C:\Programs\GNU Tools ARM Embedded\5.4 2016q2\arm-none-eabi\lib\armv6-m\libc_nano.a(lib_a-stdio.o) (_lseek_r)
C:\Programs\GNU Tools ARM Embedded\5.4 2016q2\arm-none-eabi\lib\armv6-m\libc_nano.a(lib_a-makebuf.o)
                              C:\Programs\GNU Tools ARM Embedded\5.4 2016q2\arm-none-eabi\lib\armv6-m\libc_nano.a(lib_a-wsetup.o) (__smakebuf_r)
C:\Programs\GNU Tools ARM Embedded\5.4 2016q2\arm-none-eabi\lib\armv6-m\libc_nano.a(lib_a-mlock.o)
                              C:\Programs\GNU Tools ARM Embedded\5.4 2016q2\arm-none-eabi\lib\armv6-m\libc_nano.a(lib_a-nano-freer.o) (__malloc_lock)
C:\Programs\GNU Tools ARM Embedded\5.4 2016q2\arm-none-eabi\lib\armv6-m\libc_nano.a(lib_a-nano-vfprintf.o)
                              C:\Programs\GNU Tools ARM Embedded\5.4 2016q2\arm-none-eabi\lib\armv6-m\libc_nano.a(lib_a-printf.o) (_vfprintf_r)
C:\Programs\GNU Tools ARM Embedded\5.4 2016q2\arm-none-eabi\lib\armv6-m\libc_nano.a(lib_a-nano-vfprintf_i.o)
                              C:\Programs\GNU Tools ARM Embedded\5.4 2016q2\arm-none-eabi\lib\armv6-m\libc_nano.a(lib_a-nano-vfprintf.o) (_printf_i)
C:\Programs\GNU Tools ARM Embedded\5.4 2016q2\arm-none-eabi\lib\armv6-m\libc_nano.a(lib_a-readr.o)
                              C:\Programs\GNU Tools ARM Embedded\5.4 2016q2\arm-none-eabi\lib\armv6-m\libc_nano.a(lib_a-stdio.o) (_read_r)
C:\Programs\GNU Tools ARM Embedded\5.4 2016q2\arm-none-eabi\lib\armv6-m\libc_nano.a(lib_a-fstatr.o)
                              C:\Programs\GNU Tools ARM Embedded\5.4 2016q2\arm-none-eabi\lib\armv6-m\libc_nano.a(lib_a-makebuf.o) (_fstat_r)
C:\Programs\GNU Tools ARM Embedded\5.4 2016q2\arm-none-eabi\lib\armv6-m\libc_nano.a(lib_a-fvwrite.o)
                              C:\Programs\GNU Tools ARM Embedded\5.4 2016q2\arm-none-eabi\lib\armv6-m\libc_nano.a(lib_a-nano-vfprintf.o) (__sfvwrite_r)
C:\Programs\GNU Tools ARM Embedded\5.4 2016q2\arm-none-eabi\lib\armv6-m\libc_nano.a(lib_a-isattyr.o)
                              C:\Programs\GNU Tools ARM Embedded\5.4 2016q2\arm-none-eabi\lib\armv6-m\libc_nano.a(lib_a-makebuf.o) (_isatty_r)
C:\Programs\GNU Tools ARM Embedded\5.4 2016q2\arm-none-eabi\lib\armv6-m\libc_nano.a(lib_a-memchr-stub.o)
                              C:\Programs\GNU Tools ARM Embedded\5.4 2016q2\arm-none-eabi\lib\armv6-m\libc_nano.a(lib_a-nano-vfprintf.o) (memchr)
C:\Programs\GNU Tools ARM Embedded\5.4 2016q2\arm-none-eabi\lib\armv6-m\libc_nano.a(lib_a-memcpy-stub.o)
                              C:\Programs\GNU Tools ARM Embedded\5.4 2016q2\arm-none-eabi\lib\armv6-m\libc_nano.a(lib_a-fvwrite.o) (memcpy)
C:\Programs\GNU Tools ARM Embedded\5.4 2016q2\arm-none-eabi\lib\armv6-m\libc_nano.a(lib_a-memmove.o)
                              C:\Programs\GNU Tools ARM Embedded\5.4 2016q2\arm-none-eabi\lib\armv6-m\libc_nano.a(lib_a-fvwrite.o) (memmove)
C:\Programs\GNU Tools ARM Embedded\5.4 2016q2\arm-none-eabi\lib\armv6-m\libc_nano.a(lib_a-nano-reallocr.o)
                              C:\Programs\GNU Tools ARM Embedded\5.4 2016q2\arm-none-eabi\lib\armv6-m\libc_nano.a(lib_a-fvwrite.o) (_realloc_r)
C:\Programs\GNU Tools ARM Embedded\5.4 2016q2\arm-none-eabi\lib\armv6-m\libc_nano.a(lib_a-nano-msizer.o)
                              C:\Programs\GNU Tools ARM Embedded\5.4 2016q2\arm-none-eabi\lib\armv6-m\libc_nano.a(lib_a-nano-reallocr.o) (_malloc_usable_size_r)
C:\Programs\GNU Tools ARM Embedded\5.4 2016q2\lib\gcc\arm-none-eabi\5.4.1\armv6-m\libgcc.a(_udivsi3.o)
                              C:\Programs\GNU Tools ARM Embedded\5.4 2016q2\arm-none-eabi\lib\armv6-m\libc_nano.a(lib_a-nano-vfprintf_i.o) (__aeabi_uidiv)

Allocating common symbols
Common symbol       size              file

errno               0x4               C:\Programs\GNU Tools ARM Embedded\5.4 2016q2\arm-none-eabi\lib\armv6-m\libnosys.a(errno.o)
ComError            0x4               serial.o
ComRXBuffer         0x4c              serial.o
ComTXBuffer         0x4c              serial.o
ComOpen             0x4               serial.o
ComBusy             0x4               serial.o

Memory Configuration

Name             Origin             Length             Attributes
flash            0x08000000         0x00010000
ram              0x20000000         0x00002000
*default*        0x00000000         0xffffffff

Linker script and memory map

LOAD main.o
LOAD init.o
LOAD serial.o
LOAD adc.o
LOAD newlib_stubs.o
LOAD C:\Programs\GNU Tools ARM Embedded\5.4 2016q2\arm-none-eabi\lib\armv6-m\libnosys.a
LOAD C:\Programs\GNU Tools ARM Embedded\5.4 2016q2\lib\gcc\arm-none-eabi\5.4.1\armv6-m\libgcc.a
START GROUP
LOAD C:\Programs\GNU Tools ARM Embedded\5.4 2016q2\lib\gcc\arm-none-eabi\5.4.1\armv6-m\libgcc.a
LOAD C:\Programs\GNU Tools ARM Embedded\5.4 2016q2\arm-none-eabi\lib\armv6-m\libc_nano.a
LOAD C:\Programs\GNU Tools ARM Embedded\5.4 2016q2\arm-none-eabi\lib\armv6-m\libm.a
END GROUP

.text           0x08000000     0x2384
 *(.vectors)
 .vectors       0x08000000       0xc0 init.o
                0x08000000                Vectors
 *(.after_vectors*)
 .after_vectors
                0x080000c0       0x28 init.o
                0x080000c0                ResetInit
 *(.text*)
 .text          0x080000e8       0xe8 main.o
                0x080000e8                delay
                0x08000104                main
 .text          0x080001d0      0x148 init.o
                0x08000244                initClock
                0x080002f0                Default_Handler
                0x08000304                Hard_Fault_Handler
 .text          0x08000318      0x4fc serial.o
                0x08000318                ReadCom
                0x0800038c                WriteCom
                0x0800042c                initUART
                0x08000574                isr_usart1
                0x080005a0                usart_rx
                0x080005d0                usart_tx
                0x08000648                PutBuf
                0x080006a8                GetBuf
                0x080006fc                GetBufCount
                0x08000710                eputs
                0x0800074c                eputc
                0x0800076c                egetc
                0x08000784                egets
 .text          0x08000814       0xc4 adc.o
                0x08000814                initADC
                0x080008a8                readADC
 .text          0x080008d8      0x2b4 newlib_stubs.o
                0x080008d8                _exit
                0x080008e4                _close
                0x080008f8                _execve
                0x0800091c                _fork
                0x08000934                _fstat
                0x08000950                _getpid
                0x0800095c                _kill
                0x0800097c                _link
                0x0800099c                _lseek
                0x080009b4                _stat
                0x080009d0                _times
                0x080009e4                _unlink
                0x08000a04                _wait
                0x08000a24                _isatty
                0x08000a4c                _sbrk
                0x08000abc                _read
                0x08000b38                _write
 .text          0x08000b8c        0x0 C:\Programs\GNU Tools ARM Embedded\5.4 2016q2\arm-none-eabi\lib\armv6-m\libnosys.a(errno.o)
 .text          0x08000b8c      0x1d4 C:\Programs\GNU Tools ARM Embedded\5.4 2016q2\lib\gcc\arm-none-eabi\5.4.1\armv6-m\libgcc.a(_divsi3.o)
                0x08000b8c                __divsi3
                0x08000b8c                __aeabi_idiv
                0x08000d58                __aeabi_idivmod
 .text          0x08000d60        0x4 C:\Programs\GNU Tools ARM Embedded\5.4 2016q2\lib\gcc\arm-none-eabi\5.4.1\armv6-m\libgcc.a(_dvmd_tls.o)
                0x08000d60                __aeabi_idiv0
                0x08000d60                __aeabi_ldiv0
 .text          0x08000d64        0x0 C:\Programs\GNU Tools ARM Embedded\5.4 2016q2\arm-none-eabi\lib\armv6-m\libc_nano.a(lib_a-fflush.o)
 .text.__sflush_r
                0x08000d64      0x10c C:\Programs\GNU Tools ARM Embedded\5.4 2016q2\arm-none-eabi\lib\armv6-m\libc_nano.a(lib_a-fflush.o)
                0x08000d64                __sflush_r
 .text._fflush_r
                0x08000e70       0x58 C:\Programs\GNU Tools ARM Embedded\5.4 2016q2\arm-none-eabi\lib\armv6-m\libc_nano.a(lib_a-fflush.o)
                0x08000e70                _fflush_r
 .text.fflush   0x08000ec8       0x28 C:\Programs\GNU Tools ARM Embedded\5.4 2016q2\arm-none-eabi\lib\armv6-m\libc_nano.a(lib_a-fflush.o)
                0x08000ec8                fflush
 .text          0x08000ef0        0x0 C:\Programs\GNU Tools ARM Embedded\5.4 2016q2\arm-none-eabi\lib\armv6-m\libc_nano.a(lib_a-findfp.o)
 .text.__fp_unlock
                0x08000ef0        0x4 C:\Programs\GNU Tools ARM Embedded\5.4 2016q2\arm-none-eabi\lib\armv6-m\libc_nano.a(lib_a-findfp.o)
 .text._cleanup_r
                0x08000ef4       0x10 C:\Programs\GNU Tools ARM Embedded\5.4 2016q2\arm-none-eabi\lib\armv6-m\libc_nano.a(lib_a-findfp.o)
                0x08000ef4                _cleanup_r
 .text.std.isra.0
                0x08000f04       0x48 C:\Programs\GNU Tools ARM Embedded\5.4 2016q2\arm-none-eabi\lib\armv6-m\libc_nano.a(lib_a-findfp.o)
 .text.__fp_lock
                0x08000f4c        0x4 C:\Programs\GNU Tools ARM Embedded\5.4 2016q2\arm-none-eabi\lib\armv6-m\libc_nano.a(lib_a-findfp.o)
 .text.__sfmoreglue
                0x08000f50       0x2c C:\Programs\GNU Tools ARM Embedded\5.4 2016q2\arm-none-eabi\lib\armv6-m\libc_nano.a(lib_a-findfp.o)
                0x08000f50                __sfmoreglue
 .text._cleanup
                0x08000f7c       0x10 C:\Programs\GNU Tools ARM Embedded\5.4 2016q2\arm-none-eabi\lib\armv6-m\libc_nano.a(lib_a-findfp.o)
                0x08000f7c                _cleanup
 .text.__sinit  0x08000f8c       0x68 C:\Programs\GNU Tools ARM Embedded\5.4 2016q2\arm-none-eabi\lib\armv6-m\libc_nano.a(lib_a-findfp.o)
                0x08000f8c                __sinit
 .text.__sfp    0x08000ff4       0x7c C:\Programs\GNU Tools ARM Embedded\5.4 2016q2\arm-none-eabi\lib\armv6-m\libc_nano.a(lib_a-findfp.o)
                0x08000ff4                __sfp
 .text.__sfp_lock_acquire
                0x08001070        0x2 C:\Programs\GNU Tools ARM Embedded\5.4 2016q2\arm-none-eabi\lib\armv6-m\libc_nano.a(lib_a-findfp.o)
                0x08001070                __sfp_lock_acquire
 .text.__sfp_lock_release
                0x08001072        0x2 C:\Programs\GNU Tools ARM Embedded\5.4 2016q2\arm-none-eabi\lib\armv6-m\libc_nano.a(lib_a-findfp.o)
                0x08001072                __sfp_lock_release
 .text.__sinit_lock_acquire
                0x08001074        0x2 C:\Programs\GNU Tools ARM Embedded\5.4 2016q2\arm-none-eabi\lib\armv6-m\libc_nano.a(lib_a-findfp.o)
                0x08001074                __sinit_lock_acquire
 .text.__sinit_lock_release
                0x08001076        0x2 C:\Programs\GNU Tools ARM Embedded\5.4 2016q2\arm-none-eabi\lib\armv6-m\libc_nano.a(lib_a-findfp.o)
                0x08001076                __sinit_lock_release
 .text.__fp_lock_all
                0x08001078       0x18 C:\Programs\GNU Tools ARM Embedded\5.4 2016q2\arm-none-eabi\lib\armv6-m\libc_nano.a(lib_a-findfp.o)
                0x08001078                __fp_lock_all
 .text.__fp_unlock_all
                0x08001090       0x18 C:\Programs\GNU Tools ARM Embedded\5.4 2016q2\arm-none-eabi\lib\armv6-m\libc_nano.a(lib_a-findfp.o)
                0x08001090                __fp_unlock_all
 .text          0x080010a8        0x0 C:\Programs\GNU Tools ARM Embedded\5.4 2016q2\arm-none-eabi\lib\armv6-m\libc_nano.a(lib_a-fwalk.o)
 .text._fwalk   0x080010a8       0x38 C:\Programs\GNU Tools ARM Embedded\5.4 2016q2\arm-none-eabi\lib\armv6-m\libc_nano.a(lib_a-fwalk.o)
                0x080010a8                _fwalk
 .text._fwalk_reent
                0x080010e0       0x42 C:\Programs\GNU Tools ARM Embedded\5.4 2016q2\arm-none-eabi\lib\armv6-m\libc_nano.a(lib_a-fwalk.o)
                0x080010e0                _fwalk_reent
 .text          0x08001122        0x0 C:\Programs\GNU Tools ARM Embedded\5.4 2016q2\arm-none-eabi\lib\armv6-m\libc_nano.a(lib_a-impure.o)
 .text          0x08001122        0x0 C:\Programs\GNU Tools ARM Embedded\5.4 2016q2\arm-none-eabi\lib\armv6-m\libc_nano.a(lib_a-memset.o)
 .text.memset   0x08001122       0x10 C:\Programs\GNU Tools ARM Embedded\5.4 2016q2\arm-none-eabi\lib\armv6-m\libc_nano.a(lib_a-memset.o)
                0x08001122                memset
 .text          0x08001132        0x0 C:\Programs\GNU Tools ARM Embedded\5.4 2016q2\arm-none-eabi\lib\armv6-m\libc_nano.a(lib_a-nano-freer.o)
 *fill*         0x08001132        0x2 
 .text._free_r  0x08001134       0x98 C:\Programs\GNU Tools ARM Embedded\5.4 2016q2\arm-none-eabi\lib\armv6-m\libc_nano.a(lib_a-nano-freer.o)
                0x08001134                _free_r
 .text          0x080011cc        0x0 C:\Programs\GNU Tools ARM Embedded\5.4 2016q2\arm-none-eabi\lib\armv6-m\libc_nano.a(lib_a-nano-mallocr.o)
 .text._malloc_r
                0x080011cc       0xc0 C:\Programs\GNU Tools ARM Embedded\5.4 2016q2\arm-none-eabi\lib\armv6-m\libc_nano.a(lib_a-nano-mallocr.o)
                0x080011cc                _malloc_r
 .text          0x0800128c        0x0 C:\Programs\GNU Tools ARM Embedded\5.4 2016q2\arm-none-eabi\lib\armv6-m\libc_nano.a(lib_a-printf.o)
 .text._printf_r
                0x0800128c       0x28 C:\Programs\GNU Tools ARM Embedded\5.4 2016q2\arm-none-eabi\lib\armv6-m\libc_nano.a(lib_a-printf.o)
                0x0800128c                _iprintf_r
                0x0800128c                _printf_r
 .text.printf   0x080012b4       0x34 C:\Programs\GNU Tools ARM Embedded\5.4 2016q2\arm-none-eabi\lib\armv6-m\libc_nano.a(lib_a-printf.o)
                0x080012b4                iprintf
                0x080012b4                printf
 .text          0x080012e8        0x0 C:\Programs\GNU Tools ARM Embedded\5.4 2016q2\arm-none-eabi\lib\armv6-m\libc_nano.a(lib_a-puts.o)
 .text._puts_r  0x080012e8       0xc4 C:\Programs\GNU Tools ARM Embedded\5.4 2016q2\arm-none-eabi\lib\armv6-m\libc_nano.a(lib_a-puts.o)
                0x080012e8                _puts_r
 .text.puts     0x080013ac       0x14 C:\Programs\GNU Tools ARM Embedded\5.4 2016q2\arm-none-eabi\lib\armv6-m\libc_nano.a(lib_a-puts.o)
                0x080013ac                puts
 .text          0x080013c0        0x0 C:\Programs\GNU Tools ARM Embedded\5.4 2016q2\arm-none-eabi\lib\armv6-m\libc_nano.a(lib_a-sbrkr.o)
 .text._sbrk_r  0x080013c0       0x24 C:\Programs\GNU Tools ARM Embedded\5.4 2016q2\arm-none-eabi\lib\armv6-m\libc_nano.a(lib_a-sbrkr.o)
                0x080013c0                _sbrk_r
 .text          0x080013e4        0x0 C:\Programs\GNU Tools ARM Embedded\5.4 2016q2\arm-none-eabi\lib\armv6-m\libc_nano.a(lib_a-stdio.o)
 .text.__sread  0x080013e4       0x28 C:\Programs\GNU Tools ARM Embedded\5.4 2016q2\arm-none-eabi\lib\armv6-m\libc_nano.a(lib_a-stdio.o)
                0x080013e4                __sread
 .text.__seofread
                0x0800140c        0x4 C:\Programs\GNU Tools ARM Embedded\5.4 2016q2\arm-none-eabi\lib\armv6-m\libc_nano.a(lib_a-stdio.o)
                0x0800140c                __seofread
 .text.__swrite
                0x08001410       0x38 C:\Programs\GNU Tools ARM Embedded\5.4 2016q2\arm-none-eabi\lib\armv6-m\libc_nano.a(lib_a-stdio.o)
                0x08001410                __swrite
 .text.__sseek  0x08001448       0x2c C:\Programs\GNU Tools ARM Embedded\5.4 2016q2\arm-none-eabi\lib\armv6-m\libc_nano.a(lib_a-stdio.o)
                0x08001448                __sseek
 .text.__sclose
                0x08001474        0xc C:\Programs\GNU Tools ARM Embedded\5.4 2016q2\arm-none-eabi\lib\armv6-m\libc_nano.a(lib_a-stdio.o)
                0x08001474                __sclose
 .text          0x08001480        0x0 C:\Programs\GNU Tools ARM Embedded\5.4 2016q2\arm-none-eabi\lib\armv6-m\libc_nano.a(lib_a-wbuf.o)
 .text.__swbuf_r
                0x08001480       0xb0 C:\Programs\GNU Tools ARM Embedded\5.4 2016q2\arm-none-eabi\lib\armv6-m\libc_nano.a(lib_a-wbuf.o)
                0x08001480                __swbuf_r
 .text.__swbuf  0x08001530       0x14 C:\Programs\GNU Tools ARM Embedded\5.4 2016q2\arm-none-eabi\lib\armv6-m\libc_nano.a(lib_a-wbuf.o)
                0x08001530                __swbuf
 .text          0x08001544        0x0 C:\Programs\GNU Tools ARM Embedded\5.4 2016q2\arm-none-eabi\lib\armv6-m\libc_nano.a(lib_a-writer.o)
 .text._write_r
                0x08001544       0x28 C:\Programs\GNU Tools ARM Embedded\5.4 2016q2\arm-none-eabi\lib\armv6-m\libc_nano.a(lib_a-writer.o)
                0x08001544                _write_r
 .text          0x0800156c        0x0 C:\Programs\GNU Tools ARM Embedded\5.4 2016q2\arm-none-eabi\lib\armv6-m\libc_nano.a(lib_a-wsetup.o)
 .text.__swsetup_r
                0x0800156c       0xec C:\Programs\GNU Tools ARM Embedded\5.4 2016q2\arm-none-eabi\lib\armv6-m\libc_nano.a(lib_a-wsetup.o)
                0x0800156c                __swsetup_r
 .text          0x08001658        0x0 C:\Programs\GNU Tools ARM Embedded\5.4 2016q2\arm-none-eabi\lib\armv6-m\libc_nano.a(lib_a-closer.o)
 .text._close_r
                0x08001658       0x24 C:\Programs\GNU Tools ARM Embedded\5.4 2016q2\arm-none-eabi\lib\armv6-m\libc_nano.a(lib_a-closer.o)
                0x08001658                _close_r
 .text          0x0800167c        0x0 C:\Programs\GNU Tools ARM Embedded\5.4 2016q2\arm-none-eabi\lib\armv6-m\libc_nano.a(lib_a-lseekr.o)
 .text._lseek_r
                0x0800167c       0x28 C:\Programs\GNU Tools ARM Embedded\5.4 2016q2\arm-none-eabi\lib\armv6-m\libc_nano.a(lib_a-lseekr.o)
                0x0800167c                _lseek_r
 .text          0x080016a4        0x0 C:\Programs\GNU Tools ARM Embedded\5.4 2016q2\arm-none-eabi\lib\armv6-m\libc_nano.a(lib_a-makebuf.o)
 .text.__swhatbuf_r
                0x080016a4       0x4c C:\Programs\GNU Tools ARM Embedded\5.4 2016q2\arm-none-eabi\lib\armv6-m\libc_nano.a(lib_a-makebuf.o)
                0x080016a4                __swhatbuf_r
 .text.__smakebuf_r
                0x080016f0       0x7c C:\Programs\GNU Tools ARM Embedded\5.4 2016q2\arm-none-eabi\lib\armv6-m\libc_nano.a(lib_a-makebuf.o)
                0x080016f0                __smakebuf_r
 .text          0x0800176c        0x0 C:\Programs\GNU Tools ARM Embedded\5.4 2016q2\arm-none-eabi\lib\armv6-m\libc_nano.a(lib_a-mlock.o)
 .text.__malloc_lock
                0x0800176c        0x2 C:\Programs\GNU Tools ARM Embedded\5.4 2016q2\arm-none-eabi\lib\armv6-m\libc_nano.a(lib_a-mlock.o)
                0x0800176c                __malloc_lock
 .text.__malloc_unlock
                0x0800176e        0x2 C:\Programs\GNU Tools ARM Embedded\5.4 2016q2\arm-none-eabi\lib\armv6-m\libc_nano.a(lib_a-mlock.o)
                0x0800176e                __malloc_unlock
 .text          0x08001770        0x0 C:\Programs\GNU Tools ARM Embedded\5.4 2016q2\arm-none-eabi\lib\armv6-m\libc_nano.a(lib_a-nano-vfprintf.o)
 .text.__sfputc_r
                0x08001770       0x2a C:\Programs\GNU Tools ARM Embedded\5.4 2016q2\arm-none-eabi\lib\armv6-m\libc_nano.a(lib_a-nano-vfprintf.o)
 .text.__sfputs_r
                0x0800179a       0x24 C:\Programs\GNU Tools ARM Embedded\5.4 2016q2\arm-none-eabi\lib\armv6-m\libc_nano.a(lib_a-nano-vfprintf.o)
                0x0800179a                __sfputs_r
 .text.__sprint_r
                0x080017be       0x1c C:\Programs\GNU Tools ARM Embedded\5.4 2016q2\arm-none-eabi\lib\armv6-m\libc_nano.a(lib_a-nano-vfprintf.o)
                0x080017be                __sprint_r
 *fill*         0x080017da        0x2 
 .text._vfprintf_r
                0x080017dc      0x238 C:\Programs\GNU Tools ARM Embedded\5.4 2016q2\arm-none-eabi\lib\armv6-m\libc_nano.a(lib_a-nano-vfprintf.o)
                0x080017dc                _vfprintf_r
                0x080017dc                _vfiprintf_r
 .text.vfprintf
                0x08001a14       0x18 C:\Programs\GNU Tools ARM Embedded\5.4 2016q2\arm-none-eabi\lib\armv6-m\libc_nano.a(lib_a-nano-vfprintf.o)
                0x08001a14                vfprintf
                0x08001a14                vfiprintf
 .text          0x08001a2c        0x0 C:\Programs\GNU Tools ARM Embedded\5.4 2016q2\arm-none-eabi\lib\armv6-m\libc_nano.a(lib_a-nano-vfprintf_i.o)
 .text._printf_common
                0x08001a2c       0xdc C:\Programs\GNU Tools ARM Embedded\5.4 2016q2\arm-none-eabi\lib\armv6-m\libc_nano.a(lib_a-nano-vfprintf_i.o)
                0x08001a2c                _printf_common
 .text._printf_i
                0x08001b08      0x244 C:\Programs\GNU Tools ARM Embedded\5.4 2016q2\arm-none-eabi\lib\armv6-m\libc_nano.a(lib_a-nano-vfprintf_i.o)
                0x08001b08                _printf_i
 .text          0x08001d4c        0x0 C:\Programs\GNU Tools ARM Embedded\5.4 2016q2\arm-none-eabi\lib\armv6-m\libc_nano.a(lib_a-readr.o)
 .text._read_r  0x08001d4c       0x28 C:\Programs\GNU Tools ARM Embedded\5.4 2016q2\arm-none-eabi\lib\armv6-m\libc_nano.a(lib_a-readr.o)
                0x08001d4c                _read_r
 .text          0x08001d74        0x0 C:\Programs\GNU Tools ARM Embedded\5.4 2016q2\arm-none-eabi\lib\armv6-m\libc_nano.a(lib_a-fstatr.o)
 .text._fstat_r
                0x08001d74       0x24 C:\Programs\GNU Tools ARM Embedded\5.4 2016q2\arm-none-eabi\lib\armv6-m\libc_nano.a(lib_a-fstatr.o)
                0x08001d74                _fstat_r
 .text          0x08001d98        0x0 C:\Programs\GNU Tools ARM Embedded\5.4 2016q2\arm-none-eabi\lib\armv6-m\libc_nano.a(lib_a-fvwrite.o)
 .text.__sfvwrite_r
                0x08001d98      0x2d0 C:\Programs\GNU Tools ARM Embedded\5.4 2016q2\arm-none-eabi\lib\armv6-m\libc_nano.a(lib_a-fvwrite.o)
                0x08001d98                __sfvwrite_r
 .text          0x08002068        0x0 C:\Programs\GNU Tools ARM Embedded\5.4 2016q2\arm-none-eabi\lib\armv6-m\libc_nano.a(lib_a-isattyr.o)
 .text._isatty_r
                0x08002068       0x24 C:\Programs\GNU Tools ARM Embedded\5.4 2016q2\arm-none-eabi\lib\armv6-m\libc_nano.a(lib_a-isattyr.o)
                0x08002068                _isatty_r
 .text          0x0800208c        0x0 C:\Programs\GNU Tools ARM Embedded\5.4 2016q2\arm-none-eabi\lib\armv6-m\libc_nano.a(lib_a-memchr-stub.o)
 .text.memchr   0x0800208c       0x16 C:\Programs\GNU Tools ARM Embedded\5.4 2016q2\arm-none-eabi\lib\armv6-m\libc_nano.a(lib_a-memchr-stub.o)
                0x0800208c                memchr
 .text          0x080020a2        0x0 C:\Programs\GNU Tools ARM Embedded\5.4 2016q2\arm-none-eabi\lib\armv6-m\libc_nano.a(lib_a-memcpy-stub.o)
 .text.memcpy   0x080020a2       0x12 C:\Programs\GNU Tools ARM Embedded\5.4 2016q2\arm-none-eabi\lib\armv6-m\libc_nano.a(lib_a-memcpy-stub.o)
                0x080020a2                memcpy
 .text          0x080020b4        0x0 C:\Programs\GNU Tools ARM Embedded\5.4 2016q2\arm-none-eabi\lib\armv6-m\libc_nano.a(lib_a-memmove.o)
 .text.memmove  0x080020b4       0x2a C:\Programs\GNU Tools ARM Embedded\5.4 2016q2\arm-none-eabi\lib\armv6-m\libc_nano.a(lib_a-memmove.o)
                0x080020b4                memmove
 .text          0x080020de        0x0 C:\Programs\GNU Tools ARM Embedded\5.4 2016q2\arm-none-eabi\lib\armv6-m\libc_nano.a(lib_a-nano-reallocr.o)
 .text._realloc_r
                0x080020de       0x4c C:\Programs\GNU Tools ARM Embedded\5.4 2016q2\arm-none-eabi\lib\armv6-m\libc_nano.a(lib_a-nano-reallocr.o)
                0x080020de                _realloc_r
 .text          0x0800212a        0x0 C:\Programs\GNU Tools ARM Embedded\5.4 2016q2\arm-none-eabi\lib\armv6-m\libc_nano.a(lib_a-nano-msizer.o)
 .text._malloc_usable_size_r
                0x0800212a       0x16 C:\Programs\GNU Tools ARM Embedded\5.4 2016q2\arm-none-eabi\lib\armv6-m\libc_nano.a(lib_a-nano-msizer.o)
                0x0800212a                _malloc_usable_size_r
 .text          0x08002140      0x114 C:\Programs\GNU Tools ARM Embedded\5.4 2016q2\lib\gcc\arm-none-eabi\5.4.1\armv6-m\libgcc.a(_udivsi3.o)
                0x08002140                __aeabi_uidiv
                0x08002140                __udivsi3
                0x0800224c                __aeabi_uidivmod
 *(.rodata*)
 .rodata        0x08002254       0x30 main.o
 .rodata        0x08002284       0x64 init.o
 .rodata.__sf_fake_stdin
                0x080022e8       0x20 C:\Programs\GNU Tools ARM Embedded\5.4 2016q2\arm-none-eabi\lib\armv6-m\libc_nano.a(lib_a-findfp.o)
                0x080022e8                __sf_fake_stdin
 .rodata.__sf_fake_stdout
                0x08002308       0x20 C:\Programs\GNU Tools ARM Embedded\5.4 2016q2\arm-none-eabi\lib\armv6-m\libc_nano.a(lib_a-findfp.o)
                0x08002308                __sf_fake_stdout
 .rodata.__sf_fake_stderr
                0x08002328       0x20 C:\Programs\GNU Tools ARM Embedded\5.4 2016q2\arm-none-eabi\lib\armv6-m\libc_nano.a(lib_a-findfp.o)
                0x08002328                __sf_fake_stderr
 .rodata.str1.1
                0x08002348        0x2 C:\Programs\GNU Tools ARM Embedded\5.4 2016q2\arm-none-eabi\lib\armv6-m\libc_nano.a(lib_a-impure.o)
 *fill*         0x0800234a        0x2 
 .rodata._global_impure_ptr
                0x0800234c        0x4 C:\Programs\GNU Tools ARM Embedded\5.4 2016q2\arm-none-eabi\lib\armv6-m\libc_nano.a(lib_a-impure.o)
                0x0800234c                _global_impure_ptr
 .rodata.str1.1
                0x08002350       0x11 C:\Programs\GNU Tools ARM Embedded\5.4 2016q2\arm-none-eabi\lib\armv6-m\libc_nano.a(lib_a-nano-vfprintf.o)
 .rodata.str1.1
                0x08002361       0x22 C:\Programs\GNU Tools ARM Embedded\5.4 2016q2\arm-none-eabi\lib\armv6-m\libc_nano.a(lib_a-nano-vfprintf_i.o)
                0x08002384                . = ALIGN (0x4)
 *fill*         0x08002383        0x1 
                0x08002384                PROVIDE (__init_array_start, .)
 *(SORT(.init_array.*))
 *(.init_array)
                0x08002384                PROVIDE (__init_array_end, .)
                0x08002384                . = ALIGN (0x4)
                0x08002384                _etext = .

.glue_7         0x08002384        0x0
 .glue_7        0x08002384        0x0 linker stubs

.glue_7t        0x08002384        0x0
 .glue_7t       0x08002384        0x0 linker stubs

.vfp11_veneer   0x08002384        0x0
 .vfp11_veneer  0x08002384        0x0 linker stubs

.v4_bx          0x08002384        0x0
 .v4_bx         0x08002384        0x0 linker stubs

.iplt           0x08002384        0x0
 .iplt          0x08002384        0x0 main.o

.rel.dyn        0x08002384        0x0
 .rel.iplt      0x08002384        0x0 main.o

.data           0x20000000       0x68 load address 0x08002384
                0x20000000                . = ALIGN (0x4)
                0x20000000                _data = .
 *(.data*)
 .data          0x20000000        0x0 main.o
 .data          0x20000000        0x0 init.o
 .data          0x20000000        0x0 serial.o
 .data          0x20000000        0x0 adc.o
 .data          0x20000000        0x4 newlib_stubs.o
                0x20000000                environ
 .data          0x20000004        0x0 C:\Programs\GNU Tools ARM Embedded\5.4 2016q2\arm-none-eabi\lib\armv6-m\libnosys.a(errno.o)
 .data          0x20000004        0x0 C:\Programs\GNU Tools ARM Embedded\5.4 2016q2\lib\gcc\arm-none-eabi\5.4.1\armv6-m\libgcc.a(_divsi3.o)
 .data          0x20000004        0x0 C:\Programs\GNU Tools ARM Embedded\5.4 2016q2\lib\gcc\arm-none-eabi\5.4.1\armv6-m\libgcc.a(_dvmd_tls.o)
 .data          0x20000004        0x0 C:\Programs\GNU Tools ARM Embedded\5.4 2016q2\arm-none-eabi\lib\armv6-m\libc_nano.a(lib_a-fflush.o)
 .data          0x20000004        0x0 C:\Programs\GNU Tools ARM Embedded\5.4 2016q2\arm-none-eabi\lib\armv6-m\libc_nano.a(lib_a-findfp.o)
 .data          0x20000004        0x0 C:\Programs\GNU Tools ARM Embedded\5.4 2016q2\arm-none-eabi\lib\armv6-m\libc_nano.a(lib_a-fwalk.o)
 .data          0x20000004        0x0 C:\Programs\GNU Tools ARM Embedded\5.4 2016q2\arm-none-eabi\lib\armv6-m\libc_nano.a(lib_a-impure.o)
 .data.impure_data
                0x20000004       0x60 C:\Programs\GNU Tools ARM Embedded\5.4 2016q2\arm-none-eabi\lib\armv6-m\libc_nano.a(lib_a-impure.o)
 .data._impure_ptr
                0x20000064        0x4 C:\Programs\GNU Tools ARM Embedded\5.4 2016q2\arm-none-eabi\lib\armv6-m\libc_nano.a(lib_a-impure.o)
                0x20000064                _impure_ptr
 .data          0x20000068        0x0 C:\Programs\GNU Tools ARM Embedded\5.4 2016q2\arm-none-eabi\lib\armv6-m\libc_nano.a(lib_a-memset.o)
 .data          0x20000068        0x0 C:\Programs\GNU Tools ARM Embedded\5.4 2016q2\arm-none-eabi\lib\armv6-m\libc_nano.a(lib_a-nano-freer.o)
 .data          0x20000068        0x0 C:\Programs\GNU Tools ARM Embedded\5.4 2016q2\arm-none-eabi\lib\armv6-m\libc_nano.a(lib_a-nano-mallocr.o)
 .data          0x20000068        0x0 C:\Programs\GNU Tools ARM Embedded\5.4 2016q2\arm-none-eabi\lib\armv6-m\libc_nano.a(lib_a-printf.o)
 .data          0x20000068        0x0 C:\Programs\GNU Tools ARM Embedded\5.4 2016q2\arm-none-eabi\lib\armv6-m\libc_nano.a(lib_a-puts.o)
 .data          0x20000068        0x0 C:\Programs\GNU Tools ARM Embedded\5.4 2016q2\arm-none-eabi\lib\armv6-m\libc_nano.a(lib_a-sbrkr.o)
 .data          0x20000068        0x0 C:\Programs\GNU Tools ARM Embedded\5.4 2016q2\arm-none-eabi\lib\armv6-m\libc_nano.a(lib_a-stdio.o)
 .data          0x20000068        0x0 C:\Programs\GNU Tools ARM Embedded\5.4 2016q2\arm-none-eabi\lib\armv6-m\libc_nano.a(lib_a-wbuf.o)
 .data          0x20000068        0x0 C:\Programs\GNU Tools ARM Embedded\5.4 2016q2\arm-none-eabi\lib\armv6-m\libc_nano.a(lib_a-writer.o)
 .data          0x20000068        0x0 C:\Programs\GNU Tools ARM Embedded\5.4 2016q2\arm-none-eabi\lib\armv6-m\libc_nano.a(lib_a-wsetup.o)
 .data          0x20000068        0x0 C:\Programs\GNU Tools ARM Embedded\5.4 2016q2\arm-none-eabi\lib\armv6-m\libc_nano.a(lib_a-closer.o)
 .data          0x20000068        0x0 C:\Programs\GNU Tools ARM Embedded\5.4 2016q2\arm-none-eabi\lib\armv6-m\libc_nano.a(lib_a-lseekr.o)
 .data          0x20000068        0x0 C:\Programs\GNU Tools ARM Embedded\5.4 2016q2\arm-none-eabi\lib\armv6-m\libc_nano.a(lib_a-makebuf.o)
 .data          0x20000068        0x0 C:\Programs\GNU Tools ARM Embedded\5.4 2016q2\arm-none-eabi\lib\armv6-m\libc_nano.a(lib_a-mlock.o)
 .data          0x20000068        0x0 C:\Programs\GNU Tools ARM Embedded\5.4 2016q2\arm-none-eabi\lib\armv6-m\libc_nano.a(lib_a-nano-vfprintf.o)
 .data          0x20000068        0x0 C:\Programs\GNU Tools ARM Embedded\5.4 2016q2\arm-none-eabi\lib\armv6-m\libc_nano.a(lib_a-nano-vfprintf_i.o)
 .data          0x20000068        0x0 C:\Programs\GNU Tools ARM Embedded\5.4 2016q2\arm-none-eabi\lib\armv6-m\libc_nano.a(lib_a-readr.o)
 .data          0x20000068        0x0 C:\Programs\GNU Tools ARM Embedded\5.4 2016q2\arm-none-eabi\lib\armv6-m\libc_nano.a(lib_a-fstatr.o)
 .data          0x20000068        0x0 C:\Programs\GNU Tools ARM Embedded\5.4 2016q2\arm-none-eabi\lib\armv6-m\libc_nano.a(lib_a-fvwrite.o)
 .data          0x20000068        0x0 C:\Programs\GNU Tools ARM Embedded\5.4 2016q2\arm-none-eabi\lib\armv6-m\libc_nano.a(lib_a-isattyr.o)
 .data          0x20000068        0x0 C:\Programs\GNU Tools ARM Embedded\5.4 2016q2\arm-none-eabi\lib\armv6-m\libc_nano.a(lib_a-memchr-stub.o)
 .data          0x20000068        0x0 C:\Programs\GNU Tools ARM Embedded\5.4 2016q2\arm-none-eabi\lib\armv6-m\libc_nano.a(lib_a-memcpy-stub.o)
 .data          0x20000068        0x0 C:\Programs\GNU Tools ARM Embedded\5.4 2016q2\arm-none-eabi\lib\armv6-m\libc_nano.a(lib_a-memmove.o)
 .data          0x20000068        0x0 C:\Programs\GNU Tools ARM Embedded\5.4 2016q2\arm-none-eabi\lib\armv6-m\libc_nano.a(lib_a-nano-reallocr.o)
 .data          0x20000068        0x0 C:\Programs\GNU Tools ARM Embedded\5.4 2016q2\arm-none-eabi\lib\armv6-m\libc_nano.a(lib_a-nano-msizer.o)
 .data          0x20000068        0x0 C:\Programs\GNU Tools ARM Embedded\5.4 2016q2\lib\gcc\arm-none-eabi\5.4.1\armv6-m\libgcc.a(_udivsi3.o)
                0x20000068                . = ALIGN (0x4)
                0x20000068                _edata = .

.igot.plt       0x20000068        0x0 load address 0x080023ec
 .igot.plt      0x20000068        0x0 main.o

.bss            0x20000068       0xb8 load address 0x080023ec
                0x20000068                _bss = .
 *(.bss*)
 .bss           0x20000068        0x0 main.o
 .bss           0x20000068        0x0 init.o
 .bss           0x20000068        0x0 serial.o
 .bss           0x20000068        0x0 adc.o
 .bss           0x20000068        0x8 newlib_stubs.o
                0x20000068                __env
 .bss           0x20000070        0x0 C:\Programs\GNU Tools ARM Embedded\5.4 2016q2\arm-none-eabi\lib\armv6-m\libnosys.a(errno.o)
 .bss           0x20000070        0x0 C:\Programs\GNU Tools ARM Embedded\5.4 2016q2\lib\gcc\arm-none-eabi\5.4.1\armv6-m\libgcc.a(_divsi3.o)
 .bss           0x20000070        0x0 C:\Programs\GNU Tools ARM Embedded\5.4 2016q2\lib\gcc\arm-none-eabi\5.4.1\armv6-m\libgcc.a(_dvmd_tls.o)
 .bss           0x20000070        0x0 C:\Programs\GNU Tools ARM Embedded\5.4 2016q2\arm-none-eabi\lib\armv6-m\libc_nano.a(lib_a-fflush.o)
 .bss           0x20000070        0x0 C:\Programs\GNU Tools ARM Embedded\5.4 2016q2\arm-none-eabi\lib\armv6-m\libc_nano.a(lib_a-findfp.o)
 .bss           0x20000070        0x0 C:\Programs\GNU Tools ARM Embedded\5.4 2016q2\arm-none-eabi\lib\armv6-m\libc_nano.a(lib_a-fwalk.o)
 .bss           0x20000070        0x0 C:\Programs\GNU Tools ARM Embedded\5.4 2016q2\arm-none-eabi\lib\armv6-m\libc_nano.a(lib_a-impure.o)
 .bss           0x20000070        0x0 C:\Programs\GNU Tools ARM Embedded\5.4 2016q2\arm-none-eabi\lib\armv6-m\libc_nano.a(lib_a-memset.o)
 .bss           0x20000070        0x0 C:\Programs\GNU Tools ARM Embedded\5.4 2016q2\arm-none-eabi\lib\armv6-m\libc_nano.a(lib_a-nano-freer.o)
 .bss           0x20000070        0x0 C:\Programs\GNU Tools ARM Embedded\5.4 2016q2\arm-none-eabi\lib\armv6-m\libc_nano.a(lib_a-nano-mallocr.o)
 .bss.__malloc_sbrk_start
                0x20000070        0x4 C:\Programs\GNU Tools ARM Embedded\5.4 2016q2\arm-none-eabi\lib\armv6-m\libc_nano.a(lib_a-nano-mallocr.o)
                0x20000070                __malloc_sbrk_start
 .bss.__malloc_free_list
                0x20000074        0x4 C:\Programs\GNU Tools ARM Embedded\5.4 2016q2\arm-none-eabi\lib\armv6-m\libc_nano.a(lib_a-nano-mallocr.o)
                0x20000074                __malloc_free_list
 .bss           0x20000078        0x0 C:\Programs\GNU Tools ARM Embedded\5.4 2016q2\arm-none-eabi\lib\armv6-m\libc_nano.a(lib_a-printf.o)
 .bss           0x20000078        0x0 C:\Programs\GNU Tools ARM Embedded\5.4 2016q2\arm-none-eabi\lib\armv6-m\libc_nano.a(lib_a-puts.o)
 .bss           0x20000078        0x0 C:\Programs\GNU Tools ARM Embedded\5.4 2016q2\arm-none-eabi\lib\armv6-m\libc_nano.a(lib_a-sbrkr.o)
 .bss           0x20000078        0x0 C:\Programs\GNU Tools ARM Embedded\5.4 2016q2\arm-none-eabi\lib\armv6-m\libc_nano.a(lib_a-stdio.o)
 .bss           0x20000078        0x0 C:\Programs\GNU Tools ARM Embedded\5.4 2016q2\arm-none-eabi\lib\armv6-m\libc_nano.a(lib_a-wbuf.o)
 .bss           0x20000078        0x0 C:\Programs\GNU Tools ARM Embedded\5.4 2016q2\arm-none-eabi\lib\armv6-m\libc_nano.a(lib_a-writer.o)
 .bss           0x20000078        0x0 C:\Programs\GNU Tools ARM Embedded\5.4 2016q2\arm-none-eabi\lib\armv6-m\libc_nano.a(lib_a-wsetup.o)
 .bss           0x20000078        0x0 C:\Programs\GNU Tools ARM Embedded\5.4 2016q2\arm-none-eabi\lib\armv6-m\libc_nano.a(lib_a-closer.o)
 .bss           0x20000078        0x0 C:\Programs\GNU Tools ARM Embedded\5.4 2016q2\arm-none-eabi\lib\armv6-m\libc_nano.a(lib_a-lseekr.o)
 .bss           0x20000078        0x0 C:\Programs\GNU Tools ARM Embedded\5.4 2016q2\arm-none-eabi\lib\armv6-m\libc_nano.a(lib_a-makebuf.o)
 .bss           0x20000078        0x0 C:\Programs\GNU Tools ARM Embedded\5.4 2016q2\arm-none-eabi\lib\armv6-m\libc_nano.a(lib_a-mlock.o)
 .bss           0x20000078        0x0 C:\Programs\GNU Tools ARM Embedded\5.4 2016q2\arm-none-eabi\lib\armv6-m\libc_nano.a(lib_a-nano-vfprintf.o)
 .bss           0x20000078        0x0 C:\Programs\GNU Tools ARM Embedded\5.4 2016q2\arm-none-eabi\lib\armv6-m\libc_nano.a(lib_a-nano-vfprintf_i.o)
 .bss           0x20000078        0x0 C:\Programs\GNU Tools ARM Embedded\5.4 2016q2\arm-none-eabi\lib\armv6-m\libc_nano.a(lib_a-readr.o)
 .bss           0x20000078        0x0 C:\Programs\GNU Tools ARM Embedded\5.4 2016q2\arm-none-eabi\lib\armv6-m\libc_nano.a(lib_a-fstatr.o)
 .bss           0x20000078        0x0 C:\Programs\GNU Tools ARM Embedded\5.4 2016q2\arm-none-eabi\lib\armv6-m\libc_nano.a(lib_a-fvwrite.o)
 .bss           0x20000078        0x0 C:\Programs\GNU Tools ARM Embedded\5.4 2016q2\arm-none-eabi\lib\armv6-m\libc_nano.a(lib_a-isattyr.o)
 .bss           0x20000078        0x0 C:\Programs\GNU Tools ARM Embedded\5.4 2016q2\arm-none-eabi\lib\armv6-m\libc_nano.a(lib_a-memchr-stub.o)
 .bss           0x20000078        0x0 C:\Programs\GNU Tools ARM Embedded\5.4 2016q2\arm-none-eabi\lib\armv6-m\libc_nano.a(lib_a-memcpy-stub.o)
 .bss           0x20000078        0x0 C:\Programs\GNU Tools ARM Embedded\5.4 2016q2\arm-none-eabi\lib\armv6-m\libc_nano.a(lib_a-memmove.o)
 .bss           0x20000078        0x0 C:\Programs\GNU Tools ARM Embedded\5.4 2016q2\arm-none-eabi\lib\armv6-m\libc_nano.a(lib_a-nano-reallocr.o)
 .bss           0x20000078        0x0 C:\Programs\GNU Tools ARM Embedded\5.4 2016q2\arm-none-eabi\lib\armv6-m\libc_nano.a(lib_a-nano-msizer.o)
 .bss           0x20000078        0x0 C:\Programs\GNU Tools ARM Embedded\5.4 2016q2\lib\gcc\arm-none-eabi\5.4.1\armv6-m\libgcc.a(_udivsi3.o)
 *(COMMON)
 COMMON         0x20000078       0xa4 serial.o
                0x20000078                ComError
                0x2000007c                ComRXBuffer
                0x200000c8                ComTXBuffer
                0x20000114                ComOpen
                0x20000118                ComBusy
 COMMON         0x2000011c        0x4 C:\Programs\GNU Tools ARM Embedded\5.4 2016q2\arm-none-eabi\lib\armv6-m\libnosys.a(errno.o)
                0x2000011c                errno
                0x20000120                . = ALIGN (0x4)
                0x20000120                _ebss = .
                [!provide]                PROVIDE (end, .)
                0x20000120                PROVIDE (_HeapStart, .)
                0x20002000                PROVIDE (_StackTop, (ORIGIN (ram) + LENGTH (ram)))
OUTPUT(main.elf elf32-littlearm)

.debug_info     0x00000000     0x142e
 .debug_info    0x00000000      0x8d0 main.o
 .debug_info    0x000008d0      0x125 init.o
 .debug_info    0x000009f5      0x330 serial.o
 .debug_info    0x00000d25       0x53 adc.o
 .debug_info    0x00000d78      0x6b6 newlib_stubs.o

.debug_abbrev   0x00000000      0x583
 .debug_abbrev  0x00000000      0x1d4 main.o
 .debug_abbrev  0x000001d4       0xc5 init.o
 .debug_abbrev  0x00000299      0x141 serial.o
 .debug_abbrev  0x000003da       0x51 adc.o
 .debug_abbrev  0x0000042b      0x158 newlib_stubs.o

.debug_aranges  0x00000000       0xa8
 .debug_aranges
                0x00000000       0x20 main.o
 .debug_aranges
                0x00000020       0x28 init.o
 .debug_aranges
                0x00000048       0x20 serial.o
 .debug_aranges
                0x00000068       0x20 adc.o
 .debug_aranges
                0x00000088       0x20 newlib_stubs.o

.debug_line     0x00000000      0x4d3
 .debug_line    0x00000000      0x137 main.o
 .debug_line    0x00000137       0x8e init.o
 .debug_line    0x000001c5      0x12a serial.o
 .debug_line    0x000002ef       0x51 adc.o
 .debug_line    0x00000340      0x193 newlib_stubs.o

.debug_str      0x00000000      0x82d
 .debug_str     0x00000000      0x4af main.o
                                0x50b (size before relaxing)
 .debug_str     0x000004af       0x92 init.o
                                0x147 (size before relaxing)
 .debug_str     0x00000541       0xd8 serial.o
                                0x1b1 (size before relaxing)
 .debug_str     0x00000619       0x16 adc.o
                                 0xaf (size before relaxing)
 .debug_str     0x0000062f      0x1fe newlib_stubs.o
                                0x3b3 (size before relaxing)

.comment        0x00000000       0x6e
 .comment       0x00000000       0x6e main.o
                                 0x6f (size before relaxing)
 .comment       0x0000006e       0x6f init.o
 .comment       0x0000006e       0x6f serial.o
 .comment       0x0000006e       0x6f adc.o
 .comment       0x0000006e       0x6f newlib_stubs.o

.ARM.attributes
                0x00000000       0x31
 .ARM.attributes
                0x00000000       0x31 main.o
 .ARM.attributes
                0x00000031       0x31 init.o
 .ARM.attributes
                0x00000062       0x31 serial.o
 .ARM.attributes
                0x00000093       0x31 adc.o
 .ARM.attributes
                0x000000c4       0x31 newlib_stubs.o
 .ARM.attributes
                0x000000f5       0x2c C:\Programs\GNU Tools ARM Embedded\5.4 2016q2\arm-none-eabi\lib\armv6-m\libnosys.a(errno.o)
 .ARM.attributes
                0x00000121       0x1e C:\Programs\GNU Tools ARM Embedded\5.4 2016q2\lib\gcc\arm-none-eabi\5.4.1\armv6-m\libgcc.a(_divsi3.o)
 .ARM.attributes
                0x0000013f       0x1e C:\Programs\GNU Tools ARM Embedded\5.4 2016q2\lib\gcc\arm-none-eabi\5.4.1\armv6-m\libgcc.a(_dvmd_tls.o)
 .ARM.attributes
                0x0000015d       0x2c C:\Programs\GNU Tools ARM Embedded\5.4 2016q2\arm-none-eabi\lib\armv6-m\libc_nano.a(lib_a-fflush.o)
 .ARM.attributes
                0x00000189       0x2c C:\Programs\GNU Tools ARM Embedded\5.4 2016q2\arm-none-eabi\lib\armv6-m\libc_nano.a(lib_a-findfp.o)
 .ARM.attributes
                0x000001b5       0x2c C:\Programs\GNU Tools ARM Embedded\5.4 2016q2\arm-none-eabi\lib\armv6-m\libc_nano.a(lib_a-fwalk.o)
 .ARM.attributes
                0x000001e1       0x2c C:\Programs\GNU Tools ARM Embedded\5.4 2016q2\arm-none-eabi\lib\armv6-m\libc_nano.a(lib_a-impure.o)
 .ARM.attributes
                0x0000020d       0x2c C:\Programs\GNU Tools ARM Embedded\5.4 2016q2\arm-none-eabi\lib\armv6-m\libc_nano.a(lib_a-memset.o)
 .ARM.attributes
                0x00000239       0x2c C:\Programs\GNU Tools ARM Embedded\5.4 2016q2\arm-none-eabi\lib\armv6-m\libc_nano.a(lib_a-nano-freer.o)
 .ARM.attributes
                0x00000265       0x2c C:\Programs\GNU Tools ARM Embedded\5.4 2016q2\arm-none-eabi\lib\armv6-m\libc_nano.a(lib_a-nano-mallocr.o)
 .ARM.attributes
                0x00000291       0x2c C:\Programs\GNU Tools ARM Embedded\5.4 2016q2\arm-none-eabi\lib\armv6-m\libc_nano.a(lib_a-printf.o)
 .ARM.attributes
                0x000002bd       0x2c C:\Programs\GNU Tools ARM Embedded\5.4 2016q2\arm-none-eabi\lib\armv6-m\libc_nano.a(lib_a-puts.o)
 .ARM.attributes
                0x000002e9       0x2c C:\Programs\GNU Tools ARM Embedded\5.4 2016q2\arm-none-eabi\lib\armv6-m\libc_nano.a(lib_a-sbrkr.o)
 .ARM.attributes
                0x00000315       0x2c C:\Programs\GNU Tools ARM Embedded\5.4 2016q2\arm-none-eabi\lib\armv6-m\libc_nano.a(lib_a-stdio.o)
 .ARM.attributes
                0x00000341       0x2c C:\Programs\GNU Tools ARM Embedded\5.4 2016q2\arm-none-eabi\lib\armv6-m\libc_nano.a(lib_a-wbuf.o)
 .ARM.attributes
                0x0000036d       0x2c C:\Programs\GNU Tools ARM Embedded\5.4 2016q2\arm-none-eabi\lib\armv6-m\libc_nano.a(lib_a-writer.o)
 .ARM.attributes
                0x00000399       0x2c C:\Programs\GNU Tools ARM Embedded\5.4 2016q2\arm-none-eabi\lib\armv6-m\libc_nano.a(lib_a-wsetup.o)
 .ARM.attributes
                0x000003c5       0x2c C:\Programs\GNU Tools ARM Embedded\5.4 2016q2\arm-none-eabi\lib\armv6-m\libc_nano.a(lib_a-closer.o)
 .ARM.attributes
                0x000003f1       0x2c C:\Programs\GNU Tools ARM Embedded\5.4 2016q2\arm-none-eabi\lib\armv6-m\libc_nano.a(lib_a-lseekr.o)
 .ARM.attributes
                0x0000041d       0x2c C:\Programs\GNU Tools ARM Embedded\5.4 2016q2\arm-none-eabi\lib\armv6-m\libc_nano.a(lib_a-makebuf.o)
 .ARM.attributes
                0x00000449       0x2c C:\Programs\GNU Tools ARM Embedded\5.4 2016q2\arm-none-eabi\lib\armv6-m\libc_nano.a(lib_a-mlock.o)
 .ARM.attributes
                0x00000475       0x2c C:\Programs\GNU Tools ARM Embedded\5.4 2016q2\arm-none-eabi\lib\armv6-m\libc_nano.a(lib_a-nano-vfprintf.o)
 .ARM.attributes
                0x000004a1       0x2c C:\Programs\GNU Tools ARM Embedded\5.4 2016q2\arm-none-eabi\lib\armv6-m\libc_nano.a(lib_a-nano-vfprintf_i.o)
 .ARM.attributes
                0x000004cd       0x2c C:\Programs\GNU Tools ARM Embedded\5.4 2016q2\arm-none-eabi\lib\armv6-m\libc_nano.a(lib_a-readr.o)
 .ARM.attributes
                0x000004f9       0x2c C:\Programs\GNU Tools ARM Embedded\5.4 2016q2\arm-none-eabi\lib\armv6-m\libc_nano.a(lib_a-fstatr.o)
 .ARM.attributes
                0x00000525       0x2c C:\Programs\GNU Tools ARM Embedded\5.4 2016q2\arm-none-eabi\lib\armv6-m\libc_nano.a(lib_a-fvwrite.o)
 .ARM.attributes
                0x00000551       0x2c C:\Programs\GNU Tools ARM Embedded\5.4 2016q2\arm-none-eabi\lib\armv6-m\libc_nano.a(lib_a-isattyr.o)
 .ARM.attributes
                0x0000057d       0x2c C:\Programs\GNU Tools ARM Embedded\5.4 2016q2\arm-none-eabi\lib\armv6-m\libc_nano.a(lib_a-memchr-stub.o)
 .ARM.attributes
                0x000005a9       0x2c C:\Programs\GNU Tools ARM Embedded\5.4 2016q2\arm-none-eabi\lib\armv6-m\libc_nano.a(lib_a-memcpy-stub.o)
 .ARM.attributes
                0x000005d5       0x2c C:\Programs\GNU Tools ARM Embedded\5.4 2016q2\arm-none-eabi\lib\armv6-m\libc_nano.a(lib_a-memmove.o)
 .ARM.attributes
                0x00000601       0x2c C:\Programs\GNU Tools ARM Embedded\5.4 2016q2\arm-none-eabi\lib\armv6-m\libc_nano.a(lib_a-nano-reallocr.o)
 .ARM.attributes
                0x0000062d       0x2c C:\Programs\GNU Tools ARM Embedded\5.4 2016q2\arm-none-eabi\lib\armv6-m\libc_nano.a(lib_a-nano-msizer.o)
 .ARM.attributes
                0x00000659       0x1e C:\Programs\GNU Tools ARM Embedded\5.4 2016q2\lib\gcc\arm-none-eabi\5.4.1\armv6-m\libgcc.a(_udivsi3.o)

.debug_frame    0x00000000      0xce0
 .debug_frame   0x00000000       0x50 main.o
 .debug_frame   0x00000050       0x94 init.o
 .debug_frame   0x000000e4      0x1a4 serial.o
 .debug_frame   0x00000288       0x48 adc.o
 .debug_frame   0x000002d0      0x228 newlib_stubs.o
 .debug_frame   0x000004f8       0x20 C:\Programs\GNU Tools ARM Embedded\5.4 2016q2\lib\gcc\arm-none-eabi\5.4.1\armv6-m\libgcc.a(_divsi3.o)
 .debug_frame   0x00000518       0x68 C:\Programs\GNU Tools ARM Embedded\5.4 2016q2\arm-none-eabi\lib\armv6-m\libc_nano.a(lib_a-fflush.o)
 .debug_frame   0x00000580      0x140 C:\Programs\GNU Tools ARM Embedded\5.4 2016q2\arm-none-eabi\lib\armv6-m\libc_nano.a(lib_a-findfp.o)
 .debug_frame   0x000006c0       0x58 C:\Programs\GNU Tools ARM Embedded\5.4 2016q2\arm-none-eabi\lib\armv6-m\libc_nano.a(lib_a-fwalk.o)
 .debug_frame   0x00000718       0x20 C:\Programs\GNU Tools ARM Embedded\5.4 2016q2\arm-none-eabi\lib\armv6-m\libc_nano.a(lib_a-memset.o)
 .debug_frame   0x00000738       0x2c C:\Programs\GNU Tools ARM Embedded\5.4 2016q2\arm-none-eabi\lib\armv6-m\libc_nano.a(lib_a-nano-freer.o)
 .debug_frame   0x00000764       0x2c C:\Programs\GNU Tools ARM Embedded\5.4 2016q2\arm-none-eabi\lib\armv6-m\libc_nano.a(lib_a-nano-mallocr.o)
 .debug_frame   0x00000790       0x50 C:\Programs\GNU Tools ARM Embedded\5.4 2016q2\arm-none-eabi\lib\armv6-m\libc_nano.a(lib_a-printf.o)
 .debug_frame   0x000007e0       0x44 C:\Programs\GNU Tools ARM Embedded\5.4 2016q2\arm-none-eabi\lib\armv6-m\libc_nano.a(lib_a-puts.o)
 .debug_frame   0x00000824       0x2c C:\Programs\GNU Tools ARM Embedded\5.4 2016q2\arm-none-eabi\lib\armv6-m\libc_nano.a(lib_a-sbrkr.o)
 .debug_frame   0x00000850       0x90 C:\Programs\GNU Tools ARM Embedded\5.4 2016q2\arm-none-eabi\lib\armv6-m\libc_nano.a(lib_a-stdio.o)
 .debug_frame   0x000008e0       0x48 C:\Programs\GNU Tools ARM Embedded\5.4 2016q2\arm-none-eabi\lib\armv6-m\libc_nano.a(lib_a-wbuf.o)
 .debug_frame   0x00000928       0x2c C:\Programs\GNU Tools ARM Embedded\5.4 2016q2\arm-none-eabi\lib\armv6-m\libc_nano.a(lib_a-writer.o)
 .debug_frame   0x00000954       0x2c C:\Programs\GNU Tools ARM Embedded\5.4 2016q2\arm-none-eabi\lib\armv6-m\libc_nano.a(lib_a-wsetup.o)
 .debug_frame   0x00000980       0x2c C:\Programs\GNU Tools ARM Embedded\5.4 2016q2\arm-none-eabi\lib\armv6-m\libc_nano.a(lib_a-closer.o)
 .debug_frame   0x000009ac       0x2c C:\Programs\GNU Tools ARM Embedded\5.4 2016q2\arm-none-eabi\lib\armv6-m\libc_nano.a(lib_a-lseekr.o)
 .debug_frame   0x000009d8       0x54 C:\Programs\GNU Tools ARM Embedded\5.4 2016q2\arm-none-eabi\lib\armv6-m\libc_nano.a(lib_a-makebuf.o)
 .debug_frame   0x00000a2c       0x30 C:\Programs\GNU Tools ARM Embedded\5.4 2016q2\arm-none-eabi\lib\armv6-m\libc_nano.a(lib_a-mlock.o)
 .debug_frame   0x00000a5c       0x9c C:\Programs\GNU Tools ARM Embedded\5.4 2016q2\arm-none-eabi\lib\armv6-m\libc_nano.a(lib_a-nano-vfprintf.o)
 .debug_frame   0x00000af8       0x54 C:\Programs\GNU Tools ARM Embedded\5.4 2016q2\arm-none-eabi\lib\armv6-m\libc_nano.a(lib_a-nano-vfprintf_i.o)
 .debug_frame   0x00000b4c       0x2c C:\Programs\GNU Tools ARM Embedded\5.4 2016q2\arm-none-eabi\lib\armv6-m\libc_nano.a(lib_a-readr.o)
 .debug_frame   0x00000b78       0x2c C:\Programs\GNU Tools ARM Embedded\5.4 2016q2\arm-none-eabi\lib\armv6-m\libc_nano.a(lib_a-fstatr.o)
 .debug_frame   0x00000ba4       0x30 C:\Programs\GNU Tools ARM Embedded\5.4 2016q2\arm-none-eabi\lib\armv6-m\libc_nano.a(lib_a-fvwrite.o)
 .debug_frame   0x00000bd4       0x2c C:\Programs\GNU Tools ARM Embedded\5.4 2016q2\arm-none-eabi\lib\armv6-m\libc_nano.a(lib_a-isattyr.o)
 .debug_frame   0x00000c00       0x20 C:\Programs\GNU Tools ARM Embedded\5.4 2016q2\arm-none-eabi\lib\armv6-m\libc_nano.a(lib_a-memchr-stub.o)
 .debug_frame   0x00000c20       0x28 C:\Programs\GNU Tools ARM Embedded\5.4 2016q2\arm-none-eabi\lib\armv6-m\libc_nano.a(lib_a-memcpy-stub.o)
 .debug_frame   0x00000c48       0x28 C:\Programs\GNU Tools ARM Embedded\5.4 2016q2\arm-none-eabi\lib\armv6-m\libc_nano.a(lib_a-memmove.o)
 .debug_frame   0x00000c70       0x30 C:\Programs\GNU Tools ARM Embedded\5.4 2016q2\arm-none-eabi\lib\armv6-m\libc_nano.a(lib_a-nano-reallocr.o)
 .debug_frame   0x00000ca0       0x20 C:\Programs\GNU Tools ARM Embedded\5.4 2016q2\arm-none-eabi\lib\armv6-m\libc_nano.a(lib_a-nano-msizer.o)
 .debug_frame   0x00000cc0       0x20 C:\Programs\GNU Tools ARM Embedded\5.4 2016q2\lib\gcc\arm-none-eabi\5.4.1\armv6-m\libgcc.a(_udivsi3.o)

.debug_ranges   0x00000000       0x18
 .debug_ranges  0x00000000       0x18 init.o

Cross Reference Table

Symbol                                            File
ComBusy                                           serial.o
ComError                                          serial.o
ComOpen                                           serial.o
ComRXBuffer                                       serial.o
ComTXBuffer                                       serial.o
Default_Handler                                   init.o
GetBuf                                            serial.o
GetBufCount                                       serial.o
Hard_Fault_Handler                                init.o
PutBuf                                            serial.o
ReadCom                                           serial.o
ResetInit                                         init.o
Vectors                                           init.o
WriteCom                                          serial.o
_HeapStart                                        newlib_stubs.o
_StackTop                                         newlib_stubs.o
                                                  init.o
__aeabi_idiv                                      C:\Programs\GNU Tools ARM Embedded\5.4 2016q2\lib\gcc\arm-none-eabi\5.4.1\armv6-m\libgcc.a(_divsi3.o)
                                                  C:\Programs\GNU Tools ARM Embedded\5.4 2016q2\arm-none-eabi\lib\armv6-m\libc_nano.a(lib_a-fvwrite.o)
                                                  serial.o
                                                  main.o
__aeabi_idiv0                                     C:\Programs\GNU Tools ARM Embedded\5.4 2016q2\lib\gcc\arm-none-eabi\5.4.1\armv6-m\libgcc.a(_dvmd_tls.o)
                                                  C:\Programs\GNU Tools ARM Embedded\5.4 2016q2\lib\gcc\arm-none-eabi\5.4.1\armv6-m\libgcc.a(_udivsi3.o)
                                                  C:\Programs\GNU Tools ARM Embedded\5.4 2016q2\lib\gcc\arm-none-eabi\5.4.1\armv6-m\libgcc.a(_divsi3.o)
__aeabi_idivmod                                   C:\Programs\GNU Tools ARM Embedded\5.4 2016q2\lib\gcc\arm-none-eabi\5.4.1\armv6-m\libgcc.a(_divsi3.o)
                                                  main.o
__aeabi_ldiv0                                     C:\Programs\GNU Tools ARM Embedded\5.4 2016q2\lib\gcc\arm-none-eabi\5.4.1\armv6-m\libgcc.a(_dvmd_tls.o)
__aeabi_uidiv                                     C:\Programs\GNU Tools ARM Embedded\5.4 2016q2\lib\gcc\arm-none-eabi\5.4.1\armv6-m\libgcc.a(_udivsi3.o)
                                                  C:\Programs\GNU Tools ARM Embedded\5.4 2016q2\arm-none-eabi\lib\armv6-m\libc_nano.a(lib_a-nano-vfprintf_i.o)
__aeabi_uidivmod                                  C:\Programs\GNU Tools ARM Embedded\5.4 2016q2\lib\gcc\arm-none-eabi\5.4.1\armv6-m\libgcc.a(_udivsi3.o)
                                                  C:\Programs\GNU Tools ARM Embedded\5.4 2016q2\arm-none-eabi\lib\armv6-m\libc_nano.a(lib_a-nano-vfprintf_i.o)
__divsi3                                          C:\Programs\GNU Tools ARM Embedded\5.4 2016q2\lib\gcc\arm-none-eabi\5.4.1\armv6-m\libgcc.a(_divsi3.o)
__env                                             newlib_stubs.o
__fp_lock_all                                     C:\Programs\GNU Tools ARM Embedded\5.4 2016q2\arm-none-eabi\lib\armv6-m\libc_nano.a(lib_a-findfp.o)
__fp_unlock_all                                   C:\Programs\GNU Tools ARM Embedded\5.4 2016q2\arm-none-eabi\lib\armv6-m\libc_nano.a(lib_a-findfp.o)
__init_array_end                                  init.o
__init_array_start                                init.o
__malloc_free_list                                C:\Programs\GNU Tools ARM Embedded\5.4 2016q2\arm-none-eabi\lib\armv6-m\libc_nano.a(lib_a-nano-mallocr.o)
                                                  C:\Programs\GNU Tools ARM Embedded\5.4 2016q2\arm-none-eabi\lib\armv6-m\libc_nano.a(lib_a-nano-freer.o)
__malloc_lock                                     C:\Programs\GNU Tools ARM Embedded\5.4 2016q2\arm-none-eabi\lib\armv6-m\libc_nano.a(lib_a-mlock.o)
                                                  C:\Programs\GNU Tools ARM Embedded\5.4 2016q2\arm-none-eabi\lib\armv6-m\libc_nano.a(lib_a-nano-mallocr.o)
                                                  C:\Programs\GNU Tools ARM Embedded\5.4 2016q2\arm-none-eabi\lib\armv6-m\libc_nano.a(lib_a-nano-freer.o)
__malloc_sbrk_start                               C:\Programs\GNU Tools ARM Embedded\5.4 2016q2\arm-none-eabi\lib\armv6-m\libc_nano.a(lib_a-nano-mallocr.o)
__malloc_unlock                                   C:\Programs\GNU Tools ARM Embedded\5.4 2016q2\arm-none-eabi\lib\armv6-m\libc_nano.a(lib_a-mlock.o)
                                                  C:\Programs\GNU Tools ARM Embedded\5.4 2016q2\arm-none-eabi\lib\armv6-m\libc_nano.a(lib_a-nano-mallocr.o)
                                                  C:\Programs\GNU Tools ARM Embedded\5.4 2016q2\arm-none-eabi\lib\armv6-m\libc_nano.a(lib_a-nano-freer.o)
__sclose                                          C:\Programs\GNU Tools ARM Embedded\5.4 2016q2\arm-none-eabi\lib\armv6-m\libc_nano.a(lib_a-stdio.o)
                                                  C:\Programs\GNU Tools ARM Embedded\5.4 2016q2\arm-none-eabi\lib\armv6-m\libc_nano.a(lib_a-findfp.o)
__seofread                                        C:\Programs\GNU Tools ARM Embedded\5.4 2016q2\arm-none-eabi\lib\armv6-m\libc_nano.a(lib_a-stdio.o)
__sf_fake_stderr                                  C:\Programs\GNU Tools ARM Embedded\5.4 2016q2\arm-none-eabi\lib\armv6-m\libc_nano.a(lib_a-findfp.o)
                                                  C:\Programs\GNU Tools ARM Embedded\5.4 2016q2\arm-none-eabi\lib\armv6-m\libc_nano.a(lib_a-nano-vfprintf.o)
                                                  C:\Programs\GNU Tools ARM Embedded\5.4 2016q2\arm-none-eabi\lib\armv6-m\libc_nano.a(lib_a-wsetup.o)
                                                  C:\Programs\GNU Tools ARM Embedded\5.4 2016q2\arm-none-eabi\lib\armv6-m\libc_nano.a(lib_a-wbuf.o)
                                                  C:\Programs\GNU Tools ARM Embedded\5.4 2016q2\arm-none-eabi\lib\armv6-m\libc_nano.a(lib_a-puts.o)
                                                  C:\Programs\GNU Tools ARM Embedded\5.4 2016q2\arm-none-eabi\lib\armv6-m\libc_nano.a(lib_a-impure.o)
                                                  C:\Programs\GNU Tools ARM Embedded\5.4 2016q2\arm-none-eabi\lib\armv6-m\libc_nano.a(lib_a-fflush.o)
__sf_fake_stdin                                   C:\Programs\GNU Tools ARM Embedded\5.4 2016q2\arm-none-eabi\lib\armv6-m\libc_nano.a(lib_a-findfp.o)
                                                  C:\Programs\GNU Tools ARM Embedded\5.4 2016q2\arm-none-eabi\lib\armv6-m\libc_nano.a(lib_a-nano-vfprintf.o)
                                                  C:\Programs\GNU Tools ARM Embedded\5.4 2016q2\arm-none-eabi\lib\armv6-m\libc_nano.a(lib_a-wsetup.o)
                                                  C:\Programs\GNU Tools ARM Embedded\5.4 2016q2\arm-none-eabi\lib\armv6-m\libc_nano.a(lib_a-wbuf.o)
                                                  C:\Programs\GNU Tools ARM Embedded\5.4 2016q2\arm-none-eabi\lib\armv6-m\libc_nano.a(lib_a-puts.o)
                                                  C:\Programs\GNU Tools ARM Embedded\5.4 2016q2\arm-none-eabi\lib\armv6-m\libc_nano.a(lib_a-impure.o)
                                                  C:\Programs\GNU Tools ARM Embedded\5.4 2016q2\arm-none-eabi\lib\armv6-m\libc_nano.a(lib_a-fflush.o)
__sf_fake_stdout                                  C:\Programs\GNU Tools ARM Embedded\5.4 2016q2\arm-none-eabi\lib\armv6-m\libc_nano.a(lib_a-findfp.o)
                                                  C:\Programs\GNU Tools ARM Embedded\5.4 2016q2\arm-none-eabi\lib\armv6-m\libc_nano.a(lib_a-nano-vfprintf.o)
                                                  C:\Programs\GNU Tools ARM Embedded\5.4 2016q2\arm-none-eabi\lib\armv6-m\libc_nano.a(lib_a-wsetup.o)
                                                  C:\Programs\GNU Tools ARM Embedded\5.4 2016q2\arm-none-eabi\lib\armv6-m\libc_nano.a(lib_a-wbuf.o)
                                                  C:\Programs\GNU Tools ARM Embedded\5.4 2016q2\arm-none-eabi\lib\armv6-m\libc_nano.a(lib_a-puts.o)
                                                  C:\Programs\GNU Tools ARM Embedded\5.4 2016q2\arm-none-eabi\lib\armv6-m\libc_nano.a(lib_a-impure.o)
                                                  C:\Programs\GNU Tools ARM Embedded\5.4 2016q2\arm-none-eabi\lib\armv6-m\libc_nano.a(lib_a-fflush.o)
__sflush_r                                        C:\Programs\GNU Tools ARM Embedded\5.4 2016q2\arm-none-eabi\lib\armv6-m\libc_nano.a(lib_a-fflush.o)
__sfmoreglue                                      C:\Programs\GNU Tools ARM Embedded\5.4 2016q2\arm-none-eabi\lib\armv6-m\libc_nano.a(lib_a-findfp.o)
__sfp                                             C:\Programs\GNU Tools ARM Embedded\5.4 2016q2\arm-none-eabi\lib\armv6-m\libc_nano.a(lib_a-findfp.o)
__sfp_lock_acquire                                C:\Programs\GNU Tools ARM Embedded\5.4 2016q2\arm-none-eabi\lib\armv6-m\libc_nano.a(lib_a-findfp.o)
__sfp_lock_release                                C:\Programs\GNU Tools ARM Embedded\5.4 2016q2\arm-none-eabi\lib\armv6-m\libc_nano.a(lib_a-findfp.o)
__sfputs_r                                        C:\Programs\GNU Tools ARM Embedded\5.4 2016q2\arm-none-eabi\lib\armv6-m\libc_nano.a(lib_a-nano-vfprintf.o)
__sfvwrite_r                                      C:\Programs\GNU Tools ARM Embedded\5.4 2016q2\arm-none-eabi\lib\armv6-m\libc_nano.a(lib_a-fvwrite.o)
                                                  C:\Programs\GNU Tools ARM Embedded\5.4 2016q2\arm-none-eabi\lib\armv6-m\libc_nano.a(lib_a-nano-vfprintf.o)
__sinit                                           C:\Programs\GNU Tools ARM Embedded\5.4 2016q2\arm-none-eabi\lib\armv6-m\libc_nano.a(lib_a-findfp.o)
                                                  C:\Programs\GNU Tools ARM Embedded\5.4 2016q2\arm-none-eabi\lib\armv6-m\libc_nano.a(lib_a-nano-vfprintf.o)
                                                  C:\Programs\GNU Tools ARM Embedded\5.4 2016q2\arm-none-eabi\lib\armv6-m\libc_nano.a(lib_a-wsetup.o)
                                                  C:\Programs\GNU Tools ARM Embedded\5.4 2016q2\arm-none-eabi\lib\armv6-m\libc_nano.a(lib_a-wbuf.o)
                                                  C:\Programs\GNU Tools ARM Embedded\5.4 2016q2\arm-none-eabi\lib\armv6-m\libc_nano.a(lib_a-puts.o)
                                                  C:\Programs\GNU Tools ARM Embedded\5.4 2016q2\arm-none-eabi\lib\armv6-m\libc_nano.a(lib_a-printf.o)
                                                  C:\Programs\GNU Tools ARM Embedded\5.4 2016q2\arm-none-eabi\lib\armv6-m\libc_nano.a(lib_a-fflush.o)
__sinit_lock_acquire                              C:\Programs\GNU Tools ARM Embedded\5.4 2016q2\arm-none-eabi\lib\armv6-m\libc_nano.a(lib_a-findfp.o)
__sinit_lock_release                              C:\Programs\GNU Tools ARM Embedded\5.4 2016q2\arm-none-eabi\lib\armv6-m\libc_nano.a(lib_a-findfp.o)
__smakebuf_r                                      C:\Programs\GNU Tools ARM Embedded\5.4 2016q2\arm-none-eabi\lib\armv6-m\libc_nano.a(lib_a-makebuf.o)
                                                  C:\Programs\GNU Tools ARM Embedded\5.4 2016q2\arm-none-eabi\lib\armv6-m\libc_nano.a(lib_a-wsetup.o)
__sprint_r                                        C:\Programs\GNU Tools ARM Embedded\5.4 2016q2\arm-none-eabi\lib\armv6-m\libc_nano.a(lib_a-nano-vfprintf.o)
__sread                                           C:\Programs\GNU Tools ARM Embedded\5.4 2016q2\arm-none-eabi\lib\armv6-m\libc_nano.a(lib_a-stdio.o)
                                                  C:\Programs\GNU Tools ARM Embedded\5.4 2016q2\arm-none-eabi\lib\armv6-m\libc_nano.a(lib_a-findfp.o)
__sseek                                           C:\Programs\GNU Tools ARM Embedded\5.4 2016q2\arm-none-eabi\lib\armv6-m\libc_nano.a(lib_a-stdio.o)
                                                  C:\Programs\GNU Tools ARM Embedded\5.4 2016q2\arm-none-eabi\lib\armv6-m\libc_nano.a(lib_a-findfp.o)
__swbuf                                           C:\Programs\GNU Tools ARM Embedded\5.4 2016q2\arm-none-eabi\lib\armv6-m\libc_nano.a(lib_a-wbuf.o)
__swbuf_r                                         C:\Programs\GNU Tools ARM Embedded\5.4 2016q2\arm-none-eabi\lib\armv6-m\libc_nano.a(lib_a-wbuf.o)
                                                  C:\Programs\GNU Tools ARM Embedded\5.4 2016q2\arm-none-eabi\lib\armv6-m\libc_nano.a(lib_a-nano-vfprintf.o)
                                                  C:\Programs\GNU Tools ARM Embedded\5.4 2016q2\arm-none-eabi\lib\armv6-m\libc_nano.a(lib_a-puts.o)
__swhatbuf_r                                      C:\Programs\GNU Tools ARM Embedded\5.4 2016q2\arm-none-eabi\lib\armv6-m\libc_nano.a(lib_a-makebuf.o)
__swrite                                          C:\Programs\GNU Tools ARM Embedded\5.4 2016q2\arm-none-eabi\lib\armv6-m\libc_nano.a(lib_a-stdio.o)
                                                  C:\Programs\GNU Tools ARM Embedded\5.4 2016q2\arm-none-eabi\lib\armv6-m\libc_nano.a(lib_a-findfp.o)
__swsetup_r                                       C:\Programs\GNU Tools ARM Embedded\5.4 2016q2\arm-none-eabi\lib\armv6-m\libc_nano.a(lib_a-wsetup.o)
                                                  C:\Programs\GNU Tools ARM Embedded\5.4 2016q2\arm-none-eabi\lib\armv6-m\libc_nano.a(lib_a-fvwrite.o)
                                                  C:\Programs\GNU Tools ARM Embedded\5.4 2016q2\arm-none-eabi\lib\armv6-m\libc_nano.a(lib_a-nano-vfprintf.o)
                                                  C:\Programs\GNU Tools ARM Embedded\5.4 2016q2\arm-none-eabi\lib\armv6-m\libc_nano.a(lib_a-wbuf.o)
                                                  C:\Programs\GNU Tools ARM Embedded\5.4 2016q2\arm-none-eabi\lib\armv6-m\libc_nano.a(lib_a-puts.o)
__udivsi3                                         C:\Programs\GNU Tools ARM Embedded\5.4 2016q2\lib\gcc\arm-none-eabi\5.4.1\armv6-m\libgcc.a(_udivsi3.o)
_cleanup                                          C:\Programs\GNU Tools ARM Embedded\5.4 2016q2\arm-none-eabi\lib\armv6-m\libc_nano.a(lib_a-findfp.o)
_cleanup_r                                        C:\Programs\GNU Tools ARM Embedded\5.4 2016q2\arm-none-eabi\lib\armv6-m\libc_nano.a(lib_a-findfp.o)
                                                  C:\Programs\GNU Tools ARM Embedded\5.4 2016q2\arm-none-eabi\lib\armv6-m\libc_nano.a(lib_a-makebuf.o)
_close                                            newlib_stubs.o
                                                  C:\Programs\GNU Tools ARM Embedded\5.4 2016q2\arm-none-eabi\lib\armv6-m\libc_nano.a(lib_a-closer.o)
_close_r                                          C:\Programs\GNU Tools ARM Embedded\5.4 2016q2\arm-none-eabi\lib\armv6-m\libc_nano.a(lib_a-closer.o)
                                                  C:\Programs\GNU Tools ARM Embedded\5.4 2016q2\arm-none-eabi\lib\armv6-m\libc_nano.a(lib_a-stdio.o)
_data                                             init.o
_ebss                                             init.o
_edata                                            init.o
_etext                                            init.o
_execve                                           newlib_stubs.o
_exit                                             newlib_stubs.o
_fflush_r                                         C:\Programs\GNU Tools ARM Embedded\5.4 2016q2\arm-none-eabi\lib\armv6-m\libc_nano.a(lib_a-fflush.o)
                                                  C:\Programs\GNU Tools ARM Embedded\5.4 2016q2\arm-none-eabi\lib\armv6-m\libc_nano.a(lib_a-fvwrite.o)
                                                  C:\Programs\GNU Tools ARM Embedded\5.4 2016q2\arm-none-eabi\lib\armv6-m\libc_nano.a(lib_a-wbuf.o)
                                                  C:\Programs\GNU Tools ARM Embedded\5.4 2016q2\arm-none-eabi\lib\armv6-m\libc_nano.a(lib_a-findfp.o)
_fork                                             newlib_stubs.o
_free_r                                           C:\Programs\GNU Tools ARM Embedded\5.4 2016q2\arm-none-eabi\lib\armv6-m\libc_nano.a(lib_a-nano-freer.o)
                                                  C:\Programs\GNU Tools ARM Embedded\5.4 2016q2\arm-none-eabi\lib\armv6-m\libc_nano.a(lib_a-nano-reallocr.o)
                                                  C:\Programs\GNU Tools ARM Embedded\5.4 2016q2\arm-none-eabi\lib\armv6-m\libc_nano.a(lib_a-fvwrite.o)
                                                  C:\Programs\GNU Tools ARM Embedded\5.4 2016q2\arm-none-eabi\lib\armv6-m\libc_nano.a(lib_a-wsetup.o)
                                                  C:\Programs\GNU Tools ARM Embedded\5.4 2016q2\arm-none-eabi\lib\armv6-m\libc_nano.a(lib_a-fflush.o)
_fstat                                            newlib_stubs.o
                                                  C:\Programs\GNU Tools ARM Embedded\5.4 2016q2\arm-none-eabi\lib\armv6-m\libc_nano.a(lib_a-fstatr.o)
_fstat_r                                          C:\Programs\GNU Tools ARM Embedded\5.4 2016q2\arm-none-eabi\lib\armv6-m\libc_nano.a(lib_a-fstatr.o)
                                                  C:\Programs\GNU Tools ARM Embedded\5.4 2016q2\arm-none-eabi\lib\armv6-m\libc_nano.a(lib_a-makebuf.o)
_fwalk                                            C:\Programs\GNU Tools ARM Embedded\5.4 2016q2\arm-none-eabi\lib\armv6-m\libc_nano.a(lib_a-fwalk.o)
                                                  C:\Programs\GNU Tools ARM Embedded\5.4 2016q2\arm-none-eabi\lib\armv6-m\libc_nano.a(lib_a-findfp.o)
_fwalk_reent                                      C:\Programs\GNU Tools ARM Embedded\5.4 2016q2\arm-none-eabi\lib\armv6-m\libc_nano.a(lib_a-fwalk.o)
                                                  C:\Programs\GNU Tools ARM Embedded\5.4 2016q2\arm-none-eabi\lib\armv6-m\libc_nano.a(lib_a-findfp.o)
                                                  C:\Programs\GNU Tools ARM Embedded\5.4 2016q2\arm-none-eabi\lib\armv6-m\libc_nano.a(lib_a-fflush.o)
_getpid                                           newlib_stubs.o
_global_impure_ptr                                C:\Programs\GNU Tools ARM Embedded\5.4 2016q2\arm-none-eabi\lib\armv6-m\libc_nano.a(lib_a-impure.o)
                                                  C:\Programs\GNU Tools ARM Embedded\5.4 2016q2\arm-none-eabi\lib\armv6-m\libc_nano.a(lib_a-findfp.o)
                                                  C:\Programs\GNU Tools ARM Embedded\5.4 2016q2\arm-none-eabi\lib\armv6-m\libc_nano.a(lib_a-fflush.o)
_impure_ptr                                       C:\Programs\GNU Tools ARM Embedded\5.4 2016q2\arm-none-eabi\lib\armv6-m\libc_nano.a(lib_a-impure.o)
                                                  C:\Programs\GNU Tools ARM Embedded\5.4 2016q2\arm-none-eabi\lib\armv6-m\libc_nano.a(lib_a-nano-vfprintf.o)
                                                  C:\Programs\GNU Tools ARM Embedded\5.4 2016q2\arm-none-eabi\lib\armv6-m\libc_nano.a(lib_a-wsetup.o)
                                                  C:\Programs\GNU Tools ARM Embedded\5.4 2016q2\arm-none-eabi\lib\armv6-m\libc_nano.a(lib_a-wbuf.o)
                                                  C:\Programs\GNU Tools ARM Embedded\5.4 2016q2\arm-none-eabi\lib\armv6-m\libc_nano.a(lib_a-puts.o)
                                                  C:\Programs\GNU Tools ARM Embedded\5.4 2016q2\arm-none-eabi\lib\armv6-m\libc_nano.a(lib_a-printf.o)
                                                  C:\Programs\GNU Tools ARM Embedded\5.4 2016q2\arm-none-eabi\lib\armv6-m\libc_nano.a(lib_a-findfp.o)
                                                  C:\Programs\GNU Tools ARM Embedded\5.4 2016q2\arm-none-eabi\lib\armv6-m\libc_nano.a(lib_a-fflush.o)
                                                  main.o
_iprintf_r                                        C:\Programs\GNU Tools ARM Embedded\5.4 2016q2\arm-none-eabi\lib\armv6-m\libc_nano.a(lib_a-printf.o)
_isatty                                           newlib_stubs.o
                                                  C:\Programs\GNU Tools ARM Embedded\5.4 2016q2\arm-none-eabi\lib\armv6-m\libc_nano.a(lib_a-isattyr.o)
_isatty_r                                         C:\Programs\GNU Tools ARM Embedded\5.4 2016q2\arm-none-eabi\lib\armv6-m\libc_nano.a(lib_a-isattyr.o)
                                                  C:\Programs\GNU Tools ARM Embedded\5.4 2016q2\arm-none-eabi\lib\armv6-m\libc_nano.a(lib_a-makebuf.o)
_kill                                             newlib_stubs.o
_link                                             newlib_stubs.o
_lseek                                            newlib_stubs.o
                                                  C:\Programs\GNU Tools ARM Embedded\5.4 2016q2\arm-none-eabi\lib\armv6-m\libc_nano.a(lib_a-lseekr.o)
_lseek_r                                          C:\Programs\GNU Tools ARM Embedded\5.4 2016q2\arm-none-eabi\lib\armv6-m\libc_nano.a(lib_a-lseekr.o)
                                                  C:\Programs\GNU Tools ARM Embedded\5.4 2016q2\arm-none-eabi\lib\armv6-m\libc_nano.a(lib_a-stdio.o)
_malloc_r                                         C:\Programs\GNU Tools ARM Embedded\5.4 2016q2\arm-none-eabi\lib\armv6-m\libc_nano.a(lib_a-nano-mallocr.o)
                                                  C:\Programs\GNU Tools ARM Embedded\5.4 2016q2\arm-none-eabi\lib\armv6-m\libc_nano.a(lib_a-nano-reallocr.o)
                                                  C:\Programs\GNU Tools ARM Embedded\5.4 2016q2\arm-none-eabi\lib\armv6-m\libc_nano.a(lib_a-fvwrite.o)
                                                  C:\Programs\GNU Tools ARM Embedded\5.4 2016q2\arm-none-eabi\lib\armv6-m\libc_nano.a(lib_a-makebuf.o)
                                                  C:\Programs\GNU Tools ARM Embedded\5.4 2016q2\arm-none-eabi\lib\armv6-m\libc_nano.a(lib_a-findfp.o)
_malloc_usable_size_r                             C:\Programs\GNU Tools ARM Embedded\5.4 2016q2\arm-none-eabi\lib\armv6-m\libc_nano.a(lib_a-nano-msizer.o)
                                                  C:\Programs\GNU Tools ARM Embedded\5.4 2016q2\arm-none-eabi\lib\armv6-m\libc_nano.a(lib_a-nano-reallocr.o)
_printf_common                                    C:\Programs\GNU Tools ARM Embedded\5.4 2016q2\arm-none-eabi\lib\armv6-m\libc_nano.a(lib_a-nano-vfprintf_i.o)
_printf_float                                     C:\Programs\GNU Tools ARM Embedded\5.4 2016q2\arm-none-eabi\lib\armv6-m\libc_nano.a(lib_a-nano-vfprintf.o)
_printf_i                                         C:\Programs\GNU Tools ARM Embedded\5.4 2016q2\arm-none-eabi\lib\armv6-m\libc_nano.a(lib_a-nano-vfprintf_i.o)
                                                  C:\Programs\GNU Tools ARM Embedded\5.4 2016q2\arm-none-eabi\lib\armv6-m\libc_nano.a(lib_a-nano-vfprintf.o)
_printf_r                                         C:\Programs\GNU Tools ARM Embedded\5.4 2016q2\arm-none-eabi\lib\armv6-m\libc_nano.a(lib_a-printf.o)
_puts_r                                           C:\Programs\GNU Tools ARM Embedded\5.4 2016q2\arm-none-eabi\lib\armv6-m\libc_nano.a(lib_a-puts.o)
_read                                             newlib_stubs.o
                                                  C:\Programs\GNU Tools ARM Embedded\5.4 2016q2\arm-none-eabi\lib\armv6-m\libc_nano.a(lib_a-readr.o)
_read_r                                           C:\Programs\GNU Tools ARM Embedded\5.4 2016q2\arm-none-eabi\lib\armv6-m\libc_nano.a(lib_a-readr.o)
                                                  C:\Programs\GNU Tools ARM Embedded\5.4 2016q2\arm-none-eabi\lib\armv6-m\libc_nano.a(lib_a-stdio.o)
_realloc_r                                        C:\Programs\GNU Tools ARM Embedded\5.4 2016q2\arm-none-eabi\lib\armv6-m\libc_nano.a(lib_a-nano-reallocr.o)
                                                  C:\Programs\GNU Tools ARM Embedded\5.4 2016q2\arm-none-eabi\lib\armv6-m\libc_nano.a(lib_a-fvwrite.o)
_sbrk                                             newlib_stubs.o
                                                  C:\Programs\GNU Tools ARM Embedded\5.4 2016q2\arm-none-eabi\lib\armv6-m\libc_nano.a(lib_a-sbrkr.o)
_sbrk_r                                           C:\Programs\GNU Tools ARM Embedded\5.4 2016q2\arm-none-eabi\lib\armv6-m\libc_nano.a(lib_a-sbrkr.o)
                                                  C:\Programs\GNU Tools ARM Embedded\5.4 2016q2\arm-none-eabi\lib\armv6-m\libc_nano.a(lib_a-nano-mallocr.o)
_stat                                             newlib_stubs.o
_times                                            newlib_stubs.o
_unlink                                           newlib_stubs.o
_vfiprintf_r                                      C:\Programs\GNU Tools ARM Embedded\5.4 2016q2\arm-none-eabi\lib\armv6-m\libc_nano.a(lib_a-nano-vfprintf.o)
_vfprintf_r                                       C:\Programs\GNU Tools ARM Embedded\5.4 2016q2\arm-none-eabi\lib\armv6-m\libc_nano.a(lib_a-nano-vfprintf.o)
                                                  C:\Programs\GNU Tools ARM Embedded\5.4 2016q2\arm-none-eabi\lib\armv6-m\libc_nano.a(lib_a-printf.o)
_wait                                             newlib_stubs.o
_write                                            newlib_stubs.o
                                                  C:\Programs\GNU Tools ARM Embedded\5.4 2016q2\arm-none-eabi\lib\armv6-m\libc_nano.a(lib_a-writer.o)
_write_r                                          C:\Programs\GNU Tools ARM Embedded\5.4 2016q2\arm-none-eabi\lib\armv6-m\libc_nano.a(lib_a-writer.o)
                                                  C:\Programs\GNU Tools ARM Embedded\5.4 2016q2\arm-none-eabi\lib\armv6-m\libc_nano.a(lib_a-stdio.o)
delay                                             main.o
egetc                                             serial.o
                                                  newlib_stubs.o
egets                                             serial.o
environ                                           newlib_stubs.o
eputc                                             serial.o
                                                  newlib_stubs.o
eputs                                             serial.o
                                                  init.o
errno                                             C:\Programs\GNU Tools ARM Embedded\5.4 2016q2\arm-none-eabi\lib\armv6-m\libnosys.a(errno.o)
                                                  C:\Programs\GNU Tools ARM Embedded\5.4 2016q2\arm-none-eabi\lib\armv6-m\libc_nano.a(lib_a-isattyr.o)
                                                  C:\Programs\GNU Tools ARM Embedded\5.4 2016q2\arm-none-eabi\lib\armv6-m\libc_nano.a(lib_a-fstatr.o)
                                                  C:\Programs\GNU Tools ARM Embedded\5.4 2016q2\arm-none-eabi\lib\armv6-m\libc_nano.a(lib_a-readr.o)
                                                  C:\Programs\GNU Tools ARM Embedded\5.4 2016q2\arm-none-eabi\lib\armv6-m\libc_nano.a(lib_a-lseekr.o)
                                                  C:\Programs\GNU Tools ARM Embedded\5.4 2016q2\arm-none-eabi\lib\armv6-m\libc_nano.a(lib_a-closer.o)
                                                  C:\Programs\GNU Tools ARM Embedded\5.4 2016q2\arm-none-eabi\lib\armv6-m\libc_nano.a(lib_a-writer.o)
                                                  C:\Programs\GNU Tools ARM Embedded\5.4 2016q2\arm-none-eabi\lib\armv6-m\libc_nano.a(lib_a-sbrkr.o)
                                                  newlib_stubs.o
fflush                                            C:\Programs\GNU Tools ARM Embedded\5.4 2016q2\arm-none-eabi\lib\armv6-m\libc_nano.a(lib_a-fflush.o)
                                                  main.o
initADC                                           adc.o
                                                  main.o
initClock                                         init.o
initUART                                          serial.o
                                                  init.o
iprintf                                           C:\Programs\GNU Tools ARM Embedded\5.4 2016q2\arm-none-eabi\lib\armv6-m\libc_nano.a(lib_a-printf.o)
isr_usart1                                        serial.o
                                                  init.o
main                                              main.o
                                                  init.o
memchr                                            C:\Programs\GNU Tools ARM Embedded\5.4 2016q2\arm-none-eabi\lib\armv6-m\libc_nano.a(lib_a-memchr-stub.o)
                                                  C:\Programs\GNU Tools ARM Embedded\5.4 2016q2\arm-none-eabi\lib\armv6-m\libc_nano.a(lib_a-fvwrite.o)
                                                  C:\Programs\GNU Tools ARM Embedded\5.4 2016q2\arm-none-eabi\lib\armv6-m\libc_nano.a(lib_a-nano-vfprintf_i.o)
                                                  C:\Programs\GNU Tools ARM Embedded\5.4 2016q2\arm-none-eabi\lib\armv6-m\libc_nano.a(lib_a-nano-vfprintf.o)
memcpy                                            C:\Programs\GNU Tools ARM Embedded\5.4 2016q2\arm-none-eabi\lib\armv6-m\libc_nano.a(lib_a-memcpy-stub.o)
                                                  C:\Programs\GNU Tools ARM Embedded\5.4 2016q2\arm-none-eabi\lib\armv6-m\libc_nano.a(lib_a-nano-reallocr.o)
                                                  C:\Programs\GNU Tools ARM Embedded\5.4 2016q2\arm-none-eabi\lib\armv6-m\libc_nano.a(lib_a-fvwrite.o)
memmove                                           C:\Programs\GNU Tools ARM Embedded\5.4 2016q2\arm-none-eabi\lib\armv6-m\libc_nano.a(lib_a-memmove.o)
                                                  C:\Programs\GNU Tools ARM Embedded\5.4 2016q2\arm-none-eabi\lib\armv6-m\libc_nano.a(lib_a-fvwrite.o)
memset                                            C:\Programs\GNU Tools ARM Embedded\5.4 2016q2\arm-none-eabi\lib\armv6-m\libc_nano.a(lib_a-memset.o)
                                                  C:\Programs\GNU Tools ARM Embedded\5.4 2016q2\arm-none-eabi\lib\armv6-m\libc_nano.a(lib_a-findfp.o)
printf                                            C:\Programs\GNU Tools ARM Embedded\5.4 2016q2\arm-none-eabi\lib\armv6-m\libc_nano.a(lib_a-printf.o)
                                                  main.o
puts                                              C:\Programs\GNU Tools ARM Embedded\5.4 2016q2\arm-none-eabi\lib\armv6-m\libc_nano.a(lib_a-puts.o)
                                                  main.o
readADC                                           adc.o
                                                  main.o
usart_rx                                          serial.o
usart_tx                                          serial.o
vfiprintf                                         C:\Programs\GNU Tools ARM Embedded\5.4 2016q2\arm-none-eabi\lib\armv6-m\libc_nano.a(lib_a-nano-vfprintf.o)
vfprintf                                          C:\Programs\GNU Tools ARM Embedded\5.4 2016q2\arm-none-eabi\lib\armv6-m\libc_nano.a(lib_a-nano-vfprintf.o)
