Archive member included to satisfy reference by file (symbol)

C:\Programs\GNU Tools ARM Embedded\5.4 2016q2\lib\gcc\arm-none-eabi\5.4.1\armv6-m\libnosys.a(errno.o)
                              newlib_stubs.o (errno)
C:\Programs\GNU Tools ARM Embedded\5.4 2016q2\lib\gcc\arm-none-eabi\5.4.1\armv6-m\libgcc.a(_divsi3.o)
                              main.o (__aeabi_idiv)
C:\Programs\GNU Tools ARM Embedded\5.4 2016q2\lib\gcc\arm-none-eabi\5.4.1\armv6-m\libgcc.a(_dvmd_tls.o)
                              C:\Programs\GNU Tools ARM Embedded\5.4 2016q2\lib\gcc\arm-none-eabi\5.4.1\armv6-m\libgcc.a(_divsi3.o) (__aeabi_idiv0)

Allocating common symbols
Common symbol       size              file

errno               0x4               C:\Programs\GNU Tools ARM Embedded\5.4 2016q2\lib\gcc\arm-none-eabi\5.4.1\armv6-m\libnosys.a(errno.o)
ComError            0x4               serial.o
ComRXBuffer         0x4c              serial.o
ComTXBuffer         0x4c              serial.o
ComOpen             0x4               serial.o
ComBusy             0x4               serial.o

Memory Configuration

Name             Origin             Length             Attributes
flash            0x08000000         0x00010000
ram              0x20000000         0x00002000
*default*        0x00000000         0xffffffff

Linker script and memory map

LOAD main.o
LOAD init.o
LOAD serial.o
LOAD adc.o
LOAD newlib_stubs.o
LOAD C:\Programs\GNU Tools ARM Embedded\5.4 2016q2\lib\gcc\arm-none-eabi\5.4.1\armv6-m\libnosys.a
LOAD C:\Programs\GNU Tools ARM Embedded\5.4 2016q2\lib\gcc\arm-none-eabi\5.4.1\armv6-m\libgcc.a
START GROUP
LOAD C:\Programs\GNU Tools ARM Embedded\5.4 2016q2\lib\gcc\arm-none-eabi\5.4.1\armv6-m\libgcc.a
LOAD C:\Programs\GNU Tools ARM Embedded\5.4 2016q2\lib\gcc\arm-none-eabi\5.4.1\armv6-m\libc_nano.a
LOAD C:\Programs\GNU Tools ARM Embedded\5.4 2016q2\lib\gcc\arm-none-eabi\5.4.1\armv6-m\libm.a
END GROUP

.text           0x08000000      0xec4
 *(.vectors)
 .vectors       0x08000000       0xc0 init.o
                0x08000000                Vectors
 *(.after_vectors*)
 .after_vectors
                0x080000c0       0x28 init.o
                0x080000c0                ResetInit
 *(.text*)
 .text          0x080000e8      0x198 main.o
                0x080000e8                delay
                0x08000104                PrintNumber
                0x080001a0                main
 .text          0x08000280      0x148 init.o
                0x080002f4                initClock
                0x080003a0                Default_Handler
                0x080003b4                Hard_Fault_Handler
 .text          0x080003c8      0x4fc serial.o
                0x080003c8                ReadCom
                0x0800043c                WriteCom
                0x080004dc                initUART
                0x08000624                isr_usart1
                0x08000650                usart_rx
                0x08000680                usart_tx
                0x080006f8                PutBuf
                0x08000758                GetBuf
                0x080007ac                GetBufCount
                0x080007c0                eputs
                0x080007fc                eputc
                0x0800081c                egetc
                0x08000834                egets
 .text          0x080008c4       0xc4 adc.o
                0x080008c4                initADC
                0x08000958                readADC
 .text          0x08000988      0x2b4 newlib_stubs.o
                0x08000988                _exit
                0x08000994                _close
                0x080009a8                _execve
                0x080009cc                _fork
                0x080009e4                _fstat
                0x08000a00                _getpid
                0x08000a0c                _kill
                0x08000a2c                _link
                0x08000a4c                _lseek
                0x08000a64                _stat
                0x08000a80                _times
                0x08000a94                _unlink
                0x08000ab4                _wait
                0x08000ad4                _isatty
                0x08000afc                _sbrk
                0x08000b6c                _read
                0x08000be8                _write
 .text          0x08000c3c        0x0 C:\Programs\GNU Tools ARM Embedded\5.4 2016q2\lib\gcc\arm-none-eabi\5.4.1\armv6-m\libnosys.a(errno.o)
 .text          0x08000c3c      0x1d4 C:\Programs\GNU Tools ARM Embedded\5.4 2016q2\lib\gcc\arm-none-eabi\5.4.1\armv6-m\libgcc.a(_divsi3.o)
                0x08000c3c                __divsi3
                0x08000c3c                __aeabi_idiv
                0x08000e08                __aeabi_idivmod
 .text          0x08000e10        0x4 C:\Programs\GNU Tools ARM Embedded\5.4 2016q2\lib\gcc\arm-none-eabi\5.4.1\armv6-m\libgcc.a(_dvmd_tls.o)
                0x08000e10                __aeabi_idiv0
                0x08000e10                __aeabi_ldiv0
 *(.rodata*)
 .rodata        0x08000e14       0x4a main.o
 *fill*         0x08000e5e        0x2 
 .rodata        0x08000e60       0x64 init.o
                0x08000ec4                . = ALIGN (0x4)
                0x08000ec4                PROVIDE (__init_array_start, .)
 *(SORT(.init_array.*))
 *(.init_array)
                0x08000ec4                PROVIDE (__init_array_end, .)
                0x08000ec4                . = ALIGN (0x4)
                0x08000ec4                _etext = .

.glue_7         0x08000ec4        0x0
 .glue_7        0x08000ec4        0x0 linker stubs

.glue_7t        0x08000ec4        0x0
 .glue_7t       0x08000ec4        0x0 linker stubs

.vfp11_veneer   0x08000ec4        0x0
 .vfp11_veneer  0x08000ec4        0x0 linker stubs

.v4_bx          0x08000ec4        0x0
 .v4_bx         0x08000ec4        0x0 linker stubs

.iplt           0x08000ec4        0x0
 .iplt          0x08000ec4        0x0 main.o

.rel.dyn        0x08000ec4        0x0
 .rel.iplt      0x08000ec4        0x0 main.o

.data           0x20000000        0x4 load address 0x08000ec4
                0x20000000                . = ALIGN (0x4)
                0x20000000                _data = .
 *(.data*)
 .data          0x20000000        0x0 main.o
 .data          0x20000000        0x0 init.o
 .data          0x20000000        0x0 serial.o
 .data          0x20000000        0x0 adc.o
 .data          0x20000000        0x4 newlib_stubs.o
                0x20000000                environ
 .data          0x20000004        0x0 C:\Programs\GNU Tools ARM Embedded\5.4 2016q2\lib\gcc\arm-none-eabi\5.4.1\armv6-m\libnosys.a(errno.o)
 .data          0x20000004        0x0 C:\Programs\GNU Tools ARM Embedded\5.4 2016q2\lib\gcc\arm-none-eabi\5.4.1\armv6-m\libgcc.a(_divsi3.o)
 .data          0x20000004        0x0 C:\Programs\GNU Tools ARM Embedded\5.4 2016q2\lib\gcc\arm-none-eabi\5.4.1\armv6-m\libgcc.a(_dvmd_tls.o)
                0x20000004                . = ALIGN (0x4)
                0x20000004                _edata = .

.igot.plt       0x20000004        0x0 load address 0x08000ec8
 .igot.plt      0x20000004        0x0 main.o

.bss            0x20000004       0xb0 load address 0x08000ec8
                0x20000004                _bss = .
 *(.bss*)
 .bss           0x20000004        0x0 main.o
 .bss           0x20000004        0x0 init.o
 .bss           0x20000004        0x0 serial.o
 .bss           0x20000004        0x0 adc.o
 .bss           0x20000004        0x8 newlib_stubs.o
                0x20000004                __env
 .bss           0x2000000c        0x0 C:\Programs\GNU Tools ARM Embedded\5.4 2016q2\lib\gcc\arm-none-eabi\5.4.1\armv6-m\libnosys.a(errno.o)
 .bss           0x2000000c        0x0 C:\Programs\GNU Tools ARM Embedded\5.4 2016q2\lib\gcc\arm-none-eabi\5.4.1\armv6-m\libgcc.a(_divsi3.o)
 .bss           0x2000000c        0x0 C:\Programs\GNU Tools ARM Embedded\5.4 2016q2\lib\gcc\arm-none-eabi\5.4.1\armv6-m\libgcc.a(_dvmd_tls.o)
 *(COMMON)
 COMMON         0x2000000c       0xa4 serial.o
                0x2000000c                ComError
                0x20000010                ComRXBuffer
                0x2000005c                ComTXBuffer
                0x200000a8                ComOpen
                0x200000ac                ComBusy
 COMMON         0x200000b0        0x4 C:\Programs\GNU Tools ARM Embedded\5.4 2016q2\lib\gcc\arm-none-eabi\5.4.1\armv6-m\libnosys.a(errno.o)
                0x200000b0                errno
                0x200000b4                . = ALIGN (0x4)
                0x200000b4                _ebss = .
                [!provide]                PROVIDE (end, .)
                0x200000b4                PROVIDE (_HeapStart, .)
                0x20002000                PROVIDE (_StackTop, (ORIGIN (ram) + LENGTH (ram)))
OUTPUT(main.elf elf32-littlearm)

.debug_info     0x00000000      0xc6d
 .debug_info    0x00000000      0x10f main.o
 .debug_info    0x0000010f      0x125 init.o
 .debug_info    0x00000234      0x330 serial.o
 .debug_info    0x00000564       0x53 adc.o
 .debug_info    0x000005b7      0x6b6 newlib_stubs.o

.debug_abbrev   0x00000000      0x473
 .debug_abbrev  0x00000000       0xc4 main.o
 .debug_abbrev  0x000000c4       0xc5 init.o
 .debug_abbrev  0x00000189      0x141 serial.o
 .debug_abbrev  0x000002ca       0x51 adc.o
 .debug_abbrev  0x0000031b      0x158 newlib_stubs.o

.debug_aranges  0x00000000       0xa8
 .debug_aranges
                0x00000000       0x20 main.o
 .debug_aranges
                0x00000020       0x28 init.o
 .debug_aranges
                0x00000048       0x20 serial.o
 .debug_aranges
                0x00000068       0x20 adc.o
 .debug_aranges
                0x00000088       0x20 newlib_stubs.o

.debug_line     0x00000000      0x42c
 .debug_line    0x00000000       0x90 main.o
 .debug_line    0x00000090       0x8e init.o
 .debug_line    0x0000011e      0x12a serial.o
 .debug_line    0x00000248       0x51 adc.o
 .debug_line    0x00000299      0x193 newlib_stubs.o

.debug_str      0x00000000      0x4d9
 .debug_str     0x00000000       0xda main.o
                                 0xdf (size before relaxing)
 .debug_str     0x000000da       0x98 init.o
                                0x147 (size before relaxing)
 .debug_str     0x00000172       0xe6 serial.o
                                0x1b1 (size before relaxing)
 .debug_str     0x00000258       0x16 adc.o
                                 0xaf (size before relaxing)
 .debug_str     0x0000026e      0x26b newlib_stubs.o
                                0x3b3 (size before relaxing)

.comment        0x00000000       0x6e
 .comment       0x00000000       0x6e main.o
                                 0x6f (size before relaxing)
 .comment       0x0000006e       0x6f init.o
 .comment       0x0000006e       0x6f serial.o
 .comment       0x0000006e       0x6f adc.o
 .comment       0x0000006e       0x6f newlib_stubs.o

.ARM.attributes
                0x00000000       0x31
 .ARM.attributes
                0x00000000       0x31 main.o
 .ARM.attributes
                0x00000031       0x31 init.o
 .ARM.attributes
                0x00000062       0x31 serial.o
 .ARM.attributes
                0x00000093       0x31 adc.o
 .ARM.attributes
                0x000000c4       0x31 newlib_stubs.o
 .ARM.attributes
                0x000000f5       0x2c C:\Programs\GNU Tools ARM Embedded\5.4 2016q2\lib\gcc\arm-none-eabi\5.4.1\armv6-m\libnosys.a(errno.o)
 .ARM.attributes
                0x00000121       0x1e C:\Programs\GNU Tools ARM Embedded\5.4 2016q2\lib\gcc\arm-none-eabi\5.4.1\armv6-m\libgcc.a(_divsi3.o)
 .ARM.attributes
                0x0000013f       0x1e C:\Programs\GNU Tools ARM Embedded\5.4 2016q2\lib\gcc\arm-none-eabi\5.4.1\armv6-m\libgcc.a(_dvmd_tls.o)

.debug_frame    0x00000000      0x538
 .debug_frame   0x00000000       0x70 main.o
 .debug_frame   0x00000070       0x94 init.o
 .debug_frame   0x00000104      0x1a4 serial.o
 .debug_frame   0x000002a8       0x48 adc.o
 .debug_frame   0x000002f0      0x228 newlib_stubs.o
 .debug_frame   0x00000518       0x20 C:\Programs\GNU Tools ARM Embedded\5.4 2016q2\lib\gcc\arm-none-eabi\5.4.1\armv6-m\libgcc.a(_divsi3.o)

.debug_ranges   0x00000000       0x18
 .debug_ranges  0x00000000       0x18 init.o

Cross Reference Table

Symbol                                            File
ComBusy                                           serial.o
ComError                                          serial.o
ComOpen                                           serial.o
ComRXBuffer                                       serial.o
ComTXBuffer                                       serial.o
Default_Handler                                   init.o
GetBuf                                            serial.o
GetBufCount                                       serial.o
Hard_Fault_Handler                                init.o
PrintNumber                                       main.o
PutBuf                                            serial.o
ReadCom                                           serial.o
ResetInit                                         init.o
Vectors                                           init.o
WriteCom                                          serial.o
_HeapStart                                        newlib_stubs.o
_StackTop                                         newlib_stubs.o
                                                  init.o
__aeabi_idiv                                      C:\Programs\GNU Tools ARM Embedded\5.4 2016q2\lib\gcc\arm-none-eabi\5.4.1\armv6-m\libgcc.a(_divsi3.o)
                                                  serial.o
                                                  main.o
__aeabi_idiv0                                     C:\Programs\GNU Tools ARM Embedded\5.4 2016q2\lib\gcc\arm-none-eabi\5.4.1\armv6-m\libgcc.a(_dvmd_tls.o)
                                                  C:\Programs\GNU Tools ARM Embedded\5.4 2016q2\lib\gcc\arm-none-eabi\5.4.1\armv6-m\libgcc.a(_divsi3.o)
__aeabi_idivmod                                   C:\Programs\GNU Tools ARM Embedded\5.4 2016q2\lib\gcc\arm-none-eabi\5.4.1\armv6-m\libgcc.a(_divsi3.o)
                                                  main.o
__aeabi_ldiv0                                     C:\Programs\GNU Tools ARM Embedded\5.4 2016q2\lib\gcc\arm-none-eabi\5.4.1\armv6-m\libgcc.a(_dvmd_tls.o)
__divsi3                                          C:\Programs\GNU Tools ARM Embedded\5.4 2016q2\lib\gcc\arm-none-eabi\5.4.1\armv6-m\libgcc.a(_divsi3.o)
__env                                             newlib_stubs.o
__init_array_end                                  init.o
__init_array_start                                init.o
_close                                            newlib_stubs.o
_data                                             init.o
_ebss                                             init.o
_edata                                            init.o
_etext                                            init.o
_execve                                           newlib_stubs.o
_exit                                             newlib_stubs.o
_fork                                             newlib_stubs.o
_fstat                                            newlib_stubs.o
_getpid                                           newlib_stubs.o
_isatty                                           newlib_stubs.o
_kill                                             newlib_stubs.o
_link                                             newlib_stubs.o
_lseek                                            newlib_stubs.o
_read                                             newlib_stubs.o
_sbrk                                             newlib_stubs.o
_stat                                             newlib_stubs.o
_times                                            newlib_stubs.o
_unlink                                           newlib_stubs.o
_wait                                             newlib_stubs.o
_write                                            newlib_stubs.o
delay                                             main.o
egetc                                             serial.o
                                                  newlib_stubs.o
egets                                             serial.o
environ                                           newlib_stubs.o
eputc                                             serial.o
                                                  newlib_stubs.o
                                                  main.o
eputs                                             serial.o
                                                  init.o
                                                  main.o
errno                                             C:\Programs\GNU Tools ARM Embedded\5.4 2016q2\lib\gcc\arm-none-eabi\5.4.1\armv6-m\libnosys.a(errno.o)
                                                  newlib_stubs.o
initADC                                           adc.o
                                                  main.o
initClock                                         init.o
initUART                                          serial.o
                                                  init.o
isr_usart1                                        serial.o
                                                  init.o
main                                              main.o
                                                  init.o
readADC                                           adc.o
                                                  main.o
usart_rx                                          serial.o
usart_tx                                          serial.o
