Archive member included to satisfy reference by file (symbol)

C:\Program Files\6 2017-q1-update\arm-none-eabi\lib\thumb\v6-m\libnosys.a(errno.o)
                              newlib_stubs.o (errno)
C:\Program Files\6 2017-q1-update\lib\gcc\arm-none-eabi\6.3.1\thumb\v6-m\libgcc.a(_divsi3.o)
                              serial.o (__aeabi_idiv)
C:\Program Files\6 2017-q1-update\lib\gcc\arm-none-eabi\6.3.1\thumb\v6-m\libgcc.a(_dvmd_tls.o)
                              C:\Program Files\6 2017-q1-update\lib\gcc\arm-none-eabi\6.3.1\thumb\v6-m\libgcc.a(_divsi3.o) (__aeabi_idiv0)
C:\Program Files\6 2017-q1-update\lib\gcc\arm-none-eabi\6.3.1\thumb\v6-m\libgcc.a(divdf3.o)
                              main.o (__aeabi_ddiv)
C:\Program Files\6 2017-q1-update\lib\gcc\arm-none-eabi\6.3.1\thumb\v6-m\libgcc.a(muldf3.o)
                              main.o (__aeabi_dmul)
C:\Program Files\6 2017-q1-update\lib\gcc\arm-none-eabi\6.3.1\thumb\v6-m\libgcc.a(floatsidf.o)
                              main.o (__aeabi_i2d)
C:\Program Files\6 2017-q1-update\lib\gcc\arm-none-eabi\6.3.1\thumb\v6-m\libgcc.a(extendsfdf2.o)
                              main.o (__aeabi_f2d)
C:\Program Files\6 2017-q1-update\lib\gcc\arm-none-eabi\6.3.1\thumb\v6-m\libgcc.a(truncdfsf2.o)
                              main.o (__aeabi_d2f)
C:\Program Files\6 2017-q1-update\lib\gcc\arm-none-eabi\6.3.1\thumb\v6-m\libgcc.a(_udivsi3.o)
                              C:\Program Files\6 2017-q1-update\lib\gcc\arm-none-eabi\6.3.1\thumb\v6-m\libgcc.a(divdf3.o) (__aeabi_uidiv)
C:\Program Files\6 2017-q1-update\lib\gcc\arm-none-eabi\6.3.1\thumb\v6-m\libgcc.a(_clzsi2.o)
                              C:\Program Files\6 2017-q1-update\lib\gcc\arm-none-eabi\6.3.1\thumb\v6-m\libgcc.a(divdf3.o) (__clzsi2)
C:\Program Files\6 2017-q1-update\arm-none-eabi\lib\thumb\v6-m\libc_nano.a(lib_a-fflush.o)
                              main.o (fflush)
C:\Program Files\6 2017-q1-update\arm-none-eabi\lib\thumb\v6-m\libc_nano.a(lib_a-findfp.o)
                              C:\Program Files\6 2017-q1-update\arm-none-eabi\lib\thumb\v6-m\libc_nano.a(lib_a-fflush.o) (__sinit)
C:\Program Files\6 2017-q1-update\arm-none-eabi\lib\thumb\v6-m\libc_nano.a(lib_a-fwalk.o)
                              C:\Program Files\6 2017-q1-update\arm-none-eabi\lib\thumb\v6-m\libc_nano.a(lib_a-findfp.o) (_fwalk)
C:\Program Files\6 2017-q1-update\arm-none-eabi\lib\thumb\v6-m\libc_nano.a(lib_a-impure.o)
                              C:\Program Files\6 2017-q1-update\arm-none-eabi\lib\thumb\v6-m\libc_nano.a(lib_a-fflush.o) (_global_impure_ptr)
C:\Program Files\6 2017-q1-update\arm-none-eabi\lib\thumb\v6-m\libc_nano.a(lib_a-memset.o)
                              C:\Program Files\6 2017-q1-update\arm-none-eabi\lib\thumb\v6-m\libc_nano.a(lib_a-findfp.o) (memset)
C:\Program Files\6 2017-q1-update\arm-none-eabi\lib\thumb\v6-m\libc_nano.a(lib_a-nano-freer.o)
                              C:\Program Files\6 2017-q1-update\arm-none-eabi\lib\thumb\v6-m\libc_nano.a(lib_a-fflush.o) (_free_r)
C:\Program Files\6 2017-q1-update\arm-none-eabi\lib\thumb\v6-m\libc_nano.a(lib_a-nano-mallocr.o)
                              C:\Program Files\6 2017-q1-update\arm-none-eabi\lib\thumb\v6-m\libc_nano.a(lib_a-findfp.o) (_malloc_r)
C:\Program Files\6 2017-q1-update\arm-none-eabi\lib\thumb\v6-m\libc_nano.a(lib_a-nano-vfprintf_float.o)
                              (_printf_float)
C:\Program Files\6 2017-q1-update\arm-none-eabi\lib\thumb\v6-m\libc_nano.a(lib_a-nano-vfprintf_i.o)
                              C:\Program Files\6 2017-q1-update\arm-none-eabi\lib\thumb\v6-m\libc_nano.a(lib_a-nano-vfprintf_float.o) (_printf_common)
C:\Program Files\6 2017-q1-update\arm-none-eabi\lib\thumb\v6-m\libc_nano.a(lib_a-printf.o)
                              main.o (printf)
C:\Program Files\6 2017-q1-update\arm-none-eabi\lib\thumb\v6-m\libc_nano.a(lib_a-puts.o)
                              main.o (puts)
C:\Program Files\6 2017-q1-update\arm-none-eabi\lib\thumb\v6-m\libc_nano.a(lib_a-sbrkr.o)
                              C:\Program Files\6 2017-q1-update\arm-none-eabi\lib\thumb\v6-m\libc_nano.a(lib_a-nano-mallocr.o) (_sbrk_r)
C:\Program Files\6 2017-q1-update\arm-none-eabi\lib\thumb\v6-m\libc_nano.a(lib_a-stdio.o)
                              C:\Program Files\6 2017-q1-update\arm-none-eabi\lib\thumb\v6-m\libc_nano.a(lib_a-findfp.o) (__sread)
C:\Program Files\6 2017-q1-update\arm-none-eabi\lib\thumb\v6-m\libc_nano.a(lib_a-strlen.o)
                              C:\Program Files\6 2017-q1-update\arm-none-eabi\lib\thumb\v6-m\libc_nano.a(lib_a-nano-vfprintf_float.o) (strlen)
C:\Program Files\6 2017-q1-update\arm-none-eabi\lib\thumb\v6-m\libc_nano.a(lib_a-wbuf.o)
                              C:\Program Files\6 2017-q1-update\arm-none-eabi\lib\thumb\v6-m\libc_nano.a(lib_a-puts.o) (__swbuf_r)
C:\Program Files\6 2017-q1-update\arm-none-eabi\lib\thumb\v6-m\libc_nano.a(lib_a-writer.o)
[...]
Memory Configuration

Name             Origin             Length             Attributes
flash            0x08000000         0x00010000
ram              0x20000000         0x00002000
*default*        0x00000000         0xffffffff

Linker script and memory map

LOAD main.o
LOAD init.o
LOAD serial.o
LOAD adc.o
LOAD newlib_stubs.o
LOAD C:\Program Files\6 2017-q1-update\arm-none-eabi\lib\thumb\v6-m\libnosys.a
LOAD C:\Program Files\6 2017-q1-update\lib\gcc\arm-none-eabi\6.3.1\thumb\v6-m\libgcc.a
START GROUP
LOAD C:\Program Files\6 2017-q1-update\lib\gcc\arm-none-eabi\6.3.1\thumb\v6-m\libgcc.a
LOAD C:\Program Files\6 2017-q1-update\arm-none-eabi\lib\thumb\v6-m\libc_nano.a
LOAD C:\Program Files\6 2017-q1-update\arm-none-eabi\lib\thumb\v6-m\libm.a
END GROUP

.text           0x08000000     0x6080
 *(.vectors)
 .vectors       0x08000000       0xc0 init.o
                0x08000000                Vectors
 *(.after_vectors*)
 .after_vectors
                0x080000c0       0x28 init.o
                0x080000c0                ResetInit
 *(.text*)
 .text          0x080000e8       0xf4 main.o
                0x080000e8                delay
                0x08000104                main
 .text          0x080001dc      0x148 init.o
                0x08000250                initClock
                0x080002fc                Default_Handler
                0x08000310                Hard_Fault_Handler
 .text          0x08000324      0x4f8 serial.o
                0x08000324                ReadCom
                0x08000398                WriteCom
                0x08000438                initUART
                0x08000580                isr_usart1
                0x080005ac                usart_rx
                0x080005dc                usart_tx
                0x08000654                PutBuf
                0x080006b2                GetBuf
                0x08000704                GetBufCount
                0x08000718                eputs
                0x08000754                eputc
                0x08000772                egetc
                0x0800078c                egets
 .text          0x0800081c       0xc4 adc.o
                0x0800081c                initADC
                0x080008b0                readADC
 .text          0x080008e0      0x2ac newlib_stubs.o
                0x080008e0                _exit
                0x080008ea                _close
                0x080008fe                _execve
                0x08000920                _fork
                0x08000938                _fstat
                0x08000954                _getpid
                0x08000960                _kill
                0x08000980                _link
                0x080009a0                _lseek
                0x080009b6                _stat
                0x080009d2                _times
                0x080009e6                _unlink
                0x08000a04                _wait
                0x08000a24                _isatty
                0x08000a4c                _sbrk
                0x08000abc                _read
                0x08000b38                _write
 .text          0x08000b8c        0x0 C:\Program Files\6 2017-q1-update\arm-none-eabi\lib\thumb\v6-m\libnosys.a(errno.o)
 .text          0x08000b8c      0x1d4 C:\Program Files\6 2017-q1-update\lib\gcc\arm-none-eabi\6.3.1\thumb\v6-m\libgcc.a(_divsi3.o)
                0x08000b8c                __divsi3
                0x08000b8c                __aeabi_idiv
                0x08000d58                __aeabi_idivmod
 .text          0x08000d60        0x4 C:\Program Files\6 2017-q1-update\lib\gcc\arm-none-eabi\6.3.1\thumb\v6-m\libgcc.a(_dvmd_tls.o)
                0x08000d60                __aeabi_idiv0
                0x08000d60                __aeabi_ldiv0
 .text          0x08000d64      0x668 C:\Program Files\6 2017-q1-update\lib\gcc\arm-none-eabi\6.3.1\thumb\v6-m\libgcc.a(divdf3.o)
                0x08000d64                __aeabi_ddiv
 .text          0x080013cc      0x500 C:\Program Files\6 2017-q1-update\lib\gcc\arm-none-eabi\6.3.1\thumb\v6-m\libgcc.a(muldf3.o)
                0x080013cc                __aeabi_dmul
 .text          0x080018cc       0x84 C:\Program Files\6 2017-q1-update\lib\gcc\arm-none-eabi\6.3.1\thumb\v6-m\libgcc.a(floatsidf.o)
                0x080018cc                __aeabi_i2d
 .text          0x08001950       0xa4 C:\Program Files\6 2017-q1-update\lib\gcc\arm-none-eabi\6.3.1\thumb\v6-m\libgcc.a(extendsfdf2.o)
                0x08001950                __aeabi_f2d
 .text          0x080019f4      0x114 C:\Program Files\6 2017-q1-update\lib\gcc\arm-none-eabi\6.3.1\thumb\v6-m\libgcc.a(truncdfsf2.o)
                0x080019f4                __aeabi_d2f
 .text          0x08001b08      0x114 C:\Program Files\6 2017-q1-update\lib\gcc\arm-none-eabi\6.3.1\thumb\v6-m\libgcc.a(_udivsi3.o)
                0x08001b08                __aeabi_uidiv
                0x08001b08                __udivsi3
                0x08001c14                __aeabi_uidivmod
 .text          0x08001c1c       0x3c C:\Program Files\6 2017-q1-update\lib\gcc\arm-none-eabi\6.3.1\thumb\v6-m\libgcc.a(_clzsi2.o)
                0x08001c1c                __clzsi2
 .text          0x08001c58        0x0 C:\Program Files\6 2017-q1-update\arm-none-eabi\lib\thumb\v6-m\libc_nano.a(lib_a-fflush.o)
 .text.__sflush_r
                0x08001c58      0x114 C:\Program Files\6 2017-q1-update\arm-none-eabi\lib\thumb\v6-m\libc_nano.a(lib_a-fflush.o)
                0x08001c58                __sflush_r
 .text._fflush_r
                0x08001d6c       0x58 C:\Program Files\6 2017-q1-update\arm-none-eabi\lib\thumb\v6-m\libc_nano.a(lib_a-fflush.o)
                0x08001d6c                _fflush_r
 .text.fflush   0x08001dc4       0x28 C:\Program Files\6 2017-q1-update\arm-none-eabi\lib\thumb\v6-m\libc_nano.a(lib_a-fflush.o)
                0x08001dc4                fflush
 .text          0x08001dec        0x0 C:\Program Files\6 2017-q1-update\arm-none-eabi\lib\thumb\v6-m\libc_nano.a(lib_a-findfp.o)
 .text.__fp_unlock
                0x08001dec        0x4 C:\Program Files\6 2017-q1-update\arm-none-eabi\lib\thumb\v6-m\libc_nano.a(lib_a-findfp.o)
 .text._cleanup_r
                0x08001df0       0x10 C:\Program Files\6 2017-q1-update\arm-none-eabi\lib\thumb\v6-m\libc_nano.a(lib_a-findfp.o)
                0x08001df0                _cleanup_r
 .text.std.isra.0
                0x08001e00       0x48 C:\Program Files\6 2017-q1-update\arm-none-eabi\lib\thumb\v6-m\libc_nano.a(lib_a-findfp.o)
 .text.__fp_lock
                0x08001e48        0x4 C:\Program Files\6 2017-q1-update\arm-none-eabi\lib\thumb\v6-m\libc_nano.a(lib_a-findfp.o)
 .text.__sfmoreglue
                0x08001e4c       0x2c C:\Program Files\6 2017-q1-update\arm-none-eabi\lib\thumb\v6-m\libc_nano.a(lib_a-findfp.o)
                0x08001e4c                __sfmoreglue
 .text._cleanup
                0x08001e78       0x10 C:\Program Files\6 2017-q1-update\arm-none-eabi\lib\thumb\v6-m\libc_nano.a(lib_a-findfp.o)
                0x08001e78                _cleanup
 .text.__sinit  0x08001e88       0x68 C:\Program Files\6 2017-q1-update\arm-none-eabi\lib\thumb\v6-m\libc_nano.a(lib_a-findfp.o)
                0x08001e88                __sinit
 .text.__sfp    0x08001ef0       0x80 C:\Program Files\6 2017-q1-update\arm-none-eabi\lib\thumb\v6-m\libc_nano.a(lib_a-findfp.o)
                0x08001ef0                __sfp
 .text.__sfp_lock_acquire
                0x08001f70        0x2 C:\Program Files\6 2017-q1-update\arm-none-eabi\lib\thumb\v6-m\libc_nano.a(lib_a-findfp.o)
                0x08001f70                __sfp_lock_acquire
 .text.__sfp_lock_release
                0x08001f72        0x2 C:\Program Files\6 2017-q1-update\arm-none-eabi\lib\thumb\v6-m\libc_nano.a(lib_a-findfp.o)
                0x08001f72                __sfp_lock_release
 .text.__sinit_lock_acquire
                0x08001f74        0x2 C:\Program Files\6 2017-q1-update\arm-none-eabi\lib\thumb\v6-m\libc_nano.a(lib_a-findfp.o)
                0x08001f74                __sinit_lock_acquire
 .text.__sinit_lock_release
                0x08001f76        0x2 C:\Program Files\6 2017-q1-update\arm-none-eabi\lib\thumb\v6-m\libc_nano.a(lib_a-findfp.o)
                0x08001f76                __sinit_lock_release
 .text.__fp_lock_all
                0x08001f78       0x18 C:\Program Files\6 2017-q1-update\arm-none-eabi\lib\thumb\v6-m\libc_nano.a(lib_a-findfp.o)
                0x08001f78                __fp_lock_all
 .text.__fp_unlock_all
                0x08001f90       0x18 C:\Program Files\6 2017-q1-update\arm-none-eabi\lib\thumb\v6-m\libc_nano.a(lib_a-findfp.o)
                0x08001f90                __fp_unlock_all
 .text          0x08001fa8        0x0 C:\Program Files\6 2017-q1-update\arm-none-eabi\lib\thumb\v6-m\libc_nano.a(lib_a-fwalk.o)
 .text._fwalk   0x08001fa8       0x38 C:\Program Files\6 2017-q1-update\arm-none-eabi\lib\thumb\v6-m\libc_nano.a(lib_a-fwalk.o)
                0x08001fa8                _fwalk
 .text._fwalk_reent
                0x08001fe0       0x42 C:\Program Files\6 2017-q1-update\arm-none-eabi\lib\thumb\v6-m\libc_nano.a(lib_a-fwalk.o)
                0x08001fe0                _fwalk_reent
 .text          0x08002022        0x0 C:\Program Files\6 2017-q1-update\arm-none-eabi\lib\thumb\v6-m\libc_nano.a(lib_a-impure.o)
 .text          0x08002022        0x0 C:\Program Files\6 2017-q1-update\arm-none-eabi\lib\thumb\v6-m\libc_nano.a(lib_a-memset.o)
 .text.memset   0x08002022       0x10 C:\Program Files\6 2017-q1-update\arm-none-eabi\lib\thumb\v6-m\libc_nano.a(lib_a-memset.o)
                0x08002022                memset
 .text          0x08002032        0x0 C:\Program Files\6 2017-q1-update\arm-none-eabi\lib\thumb\v6-m\libc_nano.a(lib_a-nano-freer.o)
 *fill*         0x08002032        0x2 
 .text._free_r  0x08002034       0x94 C:\Program Files\6 2017-q1-update\arm-none-eabi\lib\thumb\v6-m\libc_nano.a(lib_a-nano-freer.o)
                0x08002034                _free_r
 .text          0x080020c8        0x0 C:\Program Files\6 2017-q1-update\arm-none-eabi\lib\thumb\v6-m\libc_nano.a(lib_a-nano-mallocr.o)
 .text._malloc_r
                0x080020c8       0xbc C:\Program Files\6 2017-q1-update\arm-none-eabi\lib\thumb\v6-m\libc_nano.a(lib_a-nano-mallocr.o)
                0x080020c8                _malloc_r
 .text          0x08002184        0x0 C:\Program Files\6 2017-q1-update\arm-none-eabi\lib\thumb\v6-m\libc_nano.a(lib_a-nano-vfprintf_float.o)
 .text.__cvt    0x08002184       0xc8 C:\Program Files\6 2017-q1-update\arm-none-eabi\lib\thumb\v6-m\libc_nano.a(lib_a-nano-vfprintf_float.o)
                0x08002184                __cvt
 .text.__exponent
                0x0800224c       0x70 C:\Program Files\6 2017-q1-update\arm-none-eabi\lib\thumb\v6-m\libc_nano.a(lib_a-nano-vfprintf_float.o)
                0x0800224c                __exponent
 .text._printf_float
                0x080022bc      0x498 C:\Program Files\6 2017-q1-update\arm-none-eabi\lib\thumb\v6-m\libc_nano.a(lib_a-nano-vfprintf_float.o)
                0x080022bc                _printf_float
 .text          0x08002754        0x0 C:\Program Files\6 2017-q1-update\arm-none-eabi\lib\thumb\v6-m\libc_nano.a(lib_a-nano-vfprintf_i.o)
 .text._printf_common
                0x08002754       0xda C:\Program Files\6 2017-q1-update\arm-none-eabi\lib\thumb\v6-m\libc_nano.a(lib_a-nano-vfprintf_i.o)
                0x08002754                _printf_common
 *fill*         0x0800282e        0x2 
 .text._printf_i
                0x08002830      0x234 C:\Program Files\6 2017-q1-update\arm-none-eabi\lib\thumb\v6-m\libc_nano.a(lib_a-nano-vfprintf_i.o)
                0x08002830                _printf_i
 .text          0x08002a64        0x0 C:\Program Files\6 2017-q1-update\arm-none-eabi\lib\thumb\v6-m\libc_nano.a(lib_a-printf.o)
 .text._printf_r
                0x08002a64       0x28 C:\Program Files\6 2017-q1-update\arm-none-eabi\lib\thumb\v6-m\libc_nano.a(lib_a-printf.o)
                0x08002a64                _iprintf_r
                0x08002a64                _printf_r
 .text.printf   0x08002a8c       0x34 C:\Program Files\6 2017-q1-update\arm-none-eabi\lib\thumb\v6-m\libc_nano.a(lib_a-printf.o)
                0x08002a8c                iprintf
                0x08002a8c                printf
 .text          0x08002ac0        0x0 C:\Program Files\6 2017-q1-update\arm-none-eabi\lib\thumb\v6-m\libc_nano.a(lib_a-puts.o)
 .text._puts_r  0x08002ac0       0xc0 C:\Program Files\6 2017-q1-update\arm-none-eabi\lib\thumb\v6-m\libc_nano.a(lib_a-puts.o)
                0x08002ac0                _puts_r
 .text.puts     0x08002b80       0x14 C:\Program Files\6 2017-q1-update\arm-none-eabi\lib\thumb\v6-m\libc_nano.a(lib_a-puts.o)
                0x08002b80                puts
 .text          0x08002b94        0x0 C:\Program Files\6 2017-q1-update\arm-none-eabi\lib\thumb\v6-m\libc_nano.a(lib_a-sbrkr.o)
 .text._sbrk_r  0x08002b94       0x24 C:\Program Files\6 2017-q1-update\arm-none-eabi\lib\thumb\v6-m\libc_nano.a(lib_a-sbrkr.o)
                0x08002b94                _sbrk_r
 .text          0x08002bb8        0x0 C:\Program Files\6 2017-q1-update\arm-none-eabi\lib\thumb\v6-m\libc_nano.a(lib_a-stdio.o)
 .text.__sread  0x08002bb8       0x28 C:\Program Files\6 2017-q1-update\arm-none-eabi\lib\thumb\v6-m\libc_nano.a(lib_a-stdio.o)
                0x08002bb8                __sread
 .text.__seofread
                0x08002be0        0x4 C:\Program Files\6 2017-q1-update\arm-none-eabi\lib\thumb\v6-m\libc_nano.a(lib_a-stdio.o)
                0x08002be0                __seofread
 .text.__swrite
                0x08002be4       0x38 C:\Program Files\6 2017-q1-update\arm-none-eabi\lib\thumb\v6-m\libc_nano.a(lib_a-stdio.o)
                0x08002be4                __swrite
 .text.__sseek  0x08002c1c       0x2c C:\Program Files\6 2017-q1-update\arm-none-eabi\lib\thumb\v6-m\libc_nano.a(lib_a-stdio.o)
                0x08002c1c                __sseek
 .text.__sclose
                0x08002c48        0xc C:\Program Files\6 2017-q1-update\arm-none-eabi\lib\thumb\v6-m\libc_nano.a(lib_a-stdio.o)
                0x08002c48                __sclose
 .text          0x08002c54        0xe C:\Program Files\6 2017-q1-update\arm-none-eabi\lib\thumb\v6-m\libc_nano.a(lib_a-strlen.o)
                0x08002c54                strlen
 .text          0x08002c62        0x0 C:\Program Files\6 2017-q1-update\arm-none-eabi\lib\thumb\v6-m\libc_nano.a(lib_a-wbuf.o)
 *fill*         0x08002c62        0x2 
 .text.__swbuf_r
                0x08002c64       0xac C:\Program Files\6 2017-q1-update\arm-none-eabi\lib\thumb\v6-m\libc_nano.a(lib_a-wbuf.o)
                0x08002c64                __swbuf_r
 .text.__swbuf  0x08002d10       0x14 C:\Program Files\6 2017-q1-update\arm-none-eabi\lib\thumb\v6-m\libc_nano.a(lib_a-wbuf.o)
                0x08002d10                __swbuf
 .text          0x08002d24        0x0 C:\Program Files\6 2017-q1-update\arm-none-eabi\lib\thumb\v6-m\libc_nano.a(lib_a-writer.o)
 .text._write_r
                0x08002d24       0x28 C:\Program Files\6 2017-q1-update\arm-none-eabi\lib\thumb\v6-m\libc_nano.a(lib_a-writer.o)
                0x08002d24                _write_r
 .text          0x08002d4c        0x0 C:\Program Files\6 2017-q1-update\arm-none-eabi\lib\thumb\v6-m\libc_nano.a(lib_a-wsetup.o)
 .text.__swsetup_r
                0x08002d4c       0xec C:\Program Files\6 2017-q1-update\arm-none-eabi\lib\thumb\v6-m\libc_nano.a(lib_a-wsetup.o)
                0x08002d4c                __swsetup_r
 .text          0x08002e38        0x0 C:\Program Files\6 2017-q1-update\arm-none-eabi\lib\thumb\v6-m\libc_nano.a(lib_a-closer.o)
 .text._close_r
                0x08002e38       0x24 C:\Program Files\6 2017-q1-update\arm-none-eabi\lib\thumb\v6-m\libc_nano.a(lib_a-closer.o)
                0x08002e38                _close_r
 .text          0x08002e5c        0x0 C:\Program Files\6 2017-q1-update\arm-none-eabi\lib\thumb\v6-m\libc_nano.a(lib_a-dtoa.o)
 .text.quorem   0x08002e5c      0x108 C:\Program Files\6 2017-q1-update\arm-none-eabi\lib\thumb\v6-m\libc_nano.a(lib_a-dtoa.o)
 .text._dtoa_r  0x08002f64      0xbd0 C:\Program Files\6 2017-q1-update\arm-none-eabi\lib\thumb\v6-m\libc_nano.a(lib_a-dtoa.o)
                0x08002f64                _dtoa_r
 .text          0x08003b34        0x0 C:\Program Files\6 2017-q1-update\arm-none-eabi\lib\thumb\v6-m\libc_nano.a(lib_a-localeconv.o)
 .text.__localeconv_l
                0x08003b34        0x4 C:\Program Files\6 2017-q1-update\arm-none-eabi\lib\thumb\v6-m\libc_nano.a(lib_a-localeconv.o)
                0x08003b34                __localeconv_l
 .text._localeconv_r
                0x08003b38       0x18 C:\Program Files\6 2017-q1-update\arm-none-eabi\lib\thumb\v6-m\libc_nano.a(lib_a-localeconv.o)
                0x08003b38                _localeconv_r
 .text.localeconv
                0x08003b50       0x18 C:\Program Files\6 2017-q1-update\arm-none-eabi\lib\thumb\v6-m\libc_nano.a(lib_a-localeconv.o)
                0x08003b50                localeconv
 .text          0x08003b68        0x0 C:\Program Files\6 2017-q1-update\arm-none-eabi\lib\thumb\v6-m\libc_nano.a(lib_a-lseekr.o)
 .text._lseek_r
                0x08003b68       0x28 C:\Program Files\6 2017-q1-update\arm-none-eabi\lib\thumb\v6-m\libc_nano.a(lib_a-lseekr.o)
                0x08003b68                _lseek_r
 .text          0x08003b90        0x0 C:\Program Files\6 2017-q1-update\arm-none-eabi\lib\thumb\v6-m\libc_nano.a(lib_a-makebuf.o)
 .text.__swhatbuf_r
                0x08003b90       0x50 C:\Program Files\6 2017-q1-update\arm-none-eabi\lib\thumb\v6-m\libc_nano.a(lib_a-makebuf.o)
                0x08003b90                __swhatbuf_r
 .text.__smakebuf_r
                0x08003be0       0x88 C:\Program Files\6 2017-q1-update\arm-none-eabi\lib\thumb\v6-m\libc_nano.a(lib_a-makebuf.o)
                0x08003be0                __smakebuf_r
 .text          0x08003c68        0x0 C:\Program Files\6 2017-q1-update\arm-none-eabi\lib\thumb\v6-m\libc_nano.a(lib_a-malloc.o)
 .text.malloc   0x08003c68       0x14 C:\Program Files\6 2017-q1-update\arm-none-eabi\lib\thumb\v6-m\libc_nano.a(lib_a-malloc.o)
                0x08003c68                malloc
 .text.free     0x08003c7c       0x14 C:\Program Files\6 2017-q1-update\arm-none-eabi\lib\thumb\v6-m\libc_nano.a(lib_a-malloc.o)
                0x08003c7c                free
 .text          0x08003c90        0x0 C:\Program Files\6 2017-q1-update\arm-none-eabi\lib\thumb\v6-m\libc_nano.a(lib_a-memchr-stub.o)
 .text.memchr   0x08003c90       0x16 C:\Program Files\6 2017-q1-update\arm-none-eabi\lib\thumb\v6-m\libc_nano.a(lib_a-memchr-stub.o)
                0x08003c90                memchr
 .text          0x08003ca6        0x0 C:\Program Files\6 2017-q1-update\arm-none-eabi\lib\thumb\v6-m\libc_nano.a(lib_a-memcpy-stub.o)
 .text.memcpy   0x08003ca6       0x12 C:\Program Files\6 2017-q1-update\arm-none-eabi\lib\thumb\v6-m\libc_nano.a(lib_a-memcpy-stub.o)
                0x08003ca6                memcpy
 .text          0x08003cb8        0x0 C:\Program Files\6 2017-q1-update\arm-none-eabi\lib\thumb\v6-m\libc_nano.a(lib_a-mlock.o)
 .text.__malloc_lock
                0x08003cb8        0x2 C:\Program Files\6 2017-q1-update\arm-none-eabi\lib\thumb\v6-m\libc_nano.a(lib_a-mlock.o)
                0x08003cb8                __malloc_lock
 .text.__malloc_unlock
                0x08003cba        0x2 C:\Program Files\6 2017-q1-update\arm-none-eabi\lib\thumb\v6-m\libc_nano.a(lib_a-mlock.o)
                0x08003cba                __malloc_unlock
 .text          0x08003cbc        0x0 C:\Program Files\6 2017-q1-update\arm-none-eabi\lib\thumb\v6-m\libc_nano.a(lib_a-mprec.o)
 .text._Balloc  0x08003cbc       0x70 C:\Program Files\6 2017-q1-update\arm-none-eabi\lib\thumb\v6-m\libc_nano.a(lib_a-mprec.o)
                0x08003cbc                _Balloc
 .text._Bfree   0x08003d2c       0x32 C:\Program Files\6 2017-q1-update\arm-none-eabi\lib\thumb\v6-m\libc_nano.a(lib_a-mprec.o)
                0x08003d2c                _Bfree
 .text.__multadd
                0x08003d5e       0x78 C:\Program Files\6 2017-q1-update\arm-none-eabi\lib\thumb\v6-m\libc_nano.a(lib_a-mprec.o)
                0x08003d5e                __multadd
 .text.__s2b    0x08003dd6       0x7e C:\Program Files\6 2017-q1-update\arm-none-eabi\lib\thumb\v6-m\libc_nano.a(lib_a-mprec.o)
                0x08003dd6                __s2b
 .text.__hi0bits
                0x08003e54       0x34 C:\Program Files\6 2017-q1-update\arm-none-eabi\lib\thumb\v6-m\libc_nano.a(lib_a-mprec.o)
                0x08003e54                __hi0bits
 .text.__lo0bits
                0x08003e88       0x5e C:\Program Files\6 2017-q1-update\arm-none-eabi\lib\thumb\v6-m\libc_nano.a(lib_a-mprec.o)
                0x08003e88                __lo0bits
 .text.__i2b    0x08003ee6       0x12 C:\Program Files\6 2017-q1-update\arm-none-eabi\lib\thumb\v6-m\libc_nano.a(lib_a-mprec.o)
                0x08003ee6                __i2b
 .text.__multiply
                0x08003ef8      0x11e C:\Program Files\6 2017-q1-update\arm-none-eabi\lib\thumb\v6-m\libc_nano.a(lib_a-mprec.o)
                0x08003ef8                __multiply
 *fill*         0x08004016        0x2 
 .text.__pow5mult
                0x08004018       0xa4 C:\Program Files\6 2017-q1-update\arm-none-eabi\lib\thumb\v6-m\libc_nano.a(lib_a-mprec.o)
                0x08004018                __pow5mult
 .text.__lshift
                0x080040bc       0xa2 C:\Program Files\6 2017-q1-update\arm-none-eabi\lib\thumb\v6-m\libc_nano.a(lib_a-mprec.o)
                0x080040bc                __lshift
 .text.__mcmp   0x0800415e       0x32 C:\Program Files\6 2017-q1-update\arm-none-eabi\lib\thumb\v6-m\libc_nano.a(lib_a-mprec.o)
                0x0800415e                __mcmp
 .text.__mdiff  0x08004190       0xc8 C:\Program Files\6 2017-q1-update\arm-none-eabi\lib\thumb\v6-m\libc_nano.a(lib_a-mprec.o)
                0x08004190                __mdiff
 .text.__ulp    0x08004258       0x4c C:\Program Files\6 2017-q1-update\arm-none-eabi\lib\thumb\v6-m\libc_nano.a(lib_a-mprec.o)
                0x08004258                __ulp
 .text.__b2d    0x080042a4       0x98 C:\Program Files\6 2017-q1-update\arm-none-eabi\lib\thumb\v6-m\libc_nano.a(lib_a-mprec.o)
                0x080042a4                __b2d
 .text.__d2b    0x0800433c       0xa8 C:\Program Files\6 2017-q1-update\arm-none-eabi\lib\thumb\v6-m\libc_nano.a(lib_a-mprec.o)
                0x0800433c                __d2b
 .text.__ratio  0x080043e4       0x4e C:\Program Files\6 2017-q1-update\arm-none-eabi\lib\thumb\v6-m\libc_nano.a(lib_a-mprec.o)
                0x080043e4                __ratio
 *fill*         0x08004432        0x2 
 .text._mprec_log10
                0x08004434       0x34 C:\Program Files\6 2017-q1-update\arm-none-eabi\lib\thumb\v6-m\libc_nano.a(lib_a-mprec.o)
                0x08004434                _mprec_log10
 .text.__copybits
                0x08004468       0x2c C:\Program Files\6 2017-q1-update\arm-none-eabi\lib\thumb\v6-m\libc_nano.a(lib_a-mprec.o)
                0x08004468                __copybits
 .text.__any_on
                0x08004494       0x44 C:\Program Files\6 2017-q1-update\arm-none-eabi\lib\thumb\v6-m\libc_nano.a(lib_a-mprec.o)
                0x08004494                __any_on
 .text          0x080044d8        0x0 C:\Program Files\6 2017-q1-update\arm-none-eabi\lib\thumb\v6-m\libc_nano.a(lib_a-nano-callocr.o)
 .text._calloc_r
                0x080044d8       0x1c C:\Program Files\6 2017-q1-update\arm-none-eabi\lib\thumb\v6-m\libc_nano.a(lib_a-nano-callocr.o)
                0x080044d8                _calloc_r
 .text          0x080044f4        0x0 C:\Program Files\6 2017-q1-update\arm-none-eabi\lib\thumb\v6-m\libc_nano.a(lib_a-nano-vfprintf.o)
 .text.__sfputc_r
                0x080044f4       0x2a C:\Program Files\6 2017-q1-update\arm-none-eabi\lib\thumb\v6-m\libc_nano.a(lib_a-nano-vfprintf.o)
 .text.__sfputs_r
                0x0800451e       0x24 C:\Program Files\6 2017-q1-update\arm-none-eabi\lib\thumb\v6-m\libc_nano.a(lib_a-nano-vfprintf.o)
                0x0800451e                __sfputs_r
 .text.__sprint_r
                0x08004542       0x1c C:\Program Files\6 2017-q1-update\arm-none-eabi\lib\thumb\v6-m\libc_nano.a(lib_a-nano-vfprintf.o)
                0x08004542                __sprint_r
 *fill*         0x0800455e        0x2 
 .text._vfprintf_r
                0x08004560      0x238 C:\Program Files\6 2017-q1-update\arm-none-eabi\lib\thumb\v6-m\libc_nano.a(lib_a-nano-vfprintf.o)
                0x08004560                _vfprintf_r
                0x08004560                _vfiprintf_r
 .text.vfprintf
                0x08004798       0x18 C:\Program Files\6 2017-q1-update\arm-none-eabi\lib\thumb\v6-m\libc_nano.a(lib_a-nano-vfprintf.o)
                0x08004798                vfprintf
                0x08004798                vfiprintf
 .text          0x080047b0        0x0 C:\Program Files\6 2017-q1-update\arm-none-eabi\lib\thumb\v6-m\libc_nano.a(lib_a-readr.o)
 .text._read_r  0x080047b0       0x28 C:\Program Files\6 2017-q1-update\arm-none-eabi\lib\thumb\v6-m\libc_nano.a(lib_a-readr.o)
                0x080047b0                _read_r
 .text          0x080047d8        0x0 C:\Program Files\6 2017-q1-update\arm-none-eabi\lib\thumb\v6-m\libc_nano.a(lib_a-fstatr.o)
 .text._fstat_r
                0x080047d8       0x24 C:\Program Files\6 2017-q1-update\arm-none-eabi\lib\thumb\v6-m\libc_nano.a(lib_a-fstatr.o)
                0x080047d8                _fstat_r
 .text          0x080047fc        0x0 C:\Program Files\6 2017-q1-update\arm-none-eabi\lib\thumb\v6-m\libc_nano.a(lib_a-fvwrite.o)
 .text.__sfvwrite_r
                0x080047fc      0x2c4 C:\Program Files\6 2017-q1-update\arm-none-eabi\lib\thumb\v6-m\libc_nano.a(lib_a-fvwrite.o)
                0x080047fc                __sfvwrite_r
 .text          0x08004ac0        0x0 C:\Program Files\6 2017-q1-update\arm-none-eabi\lib\thumb\v6-m\libc_nano.a(lib_a-isattyr.o)
 .text._isatty_r
                0x08004ac0       0x24 C:\Program Files\6 2017-q1-update\arm-none-eabi\lib\thumb\v6-m\libc_nano.a(lib_a-isattyr.o)
                0x08004ac0                _isatty_r
 .text          0x08004ae4        0x0 C:\Program Files\6 2017-q1-update\arm-none-eabi\lib\thumb\v6-m\libc_nano.a(lib_a-locale.o)
 .text._setlocale_r
                0x08004ae4       0x40 C:\Program Files\6 2017-q1-update\arm-none-eabi\lib\thumb\v6-m\libc_nano.a(lib_a-locale.o)
                0x08004ae4                _setlocale_r
 .text.__locale_mb_cur_max
                0x08004b24       0x1c C:\Program Files\6 2017-q1-update\arm-none-eabi\lib\thumb\v6-m\libc_nano.a(lib_a-locale.o)
                0x08004b24                __locale_mb_cur_max
 .text.__locale_ctype_ptr_l
                0x08004b40        0x6 C:\Program Files\6 2017-q1-update\arm-none-eabi\lib\thumb\v6-m\libc_nano.a(lib_a-locale.o)
                0x08004b40                __locale_ctype_ptr_l
 *fill*         0x08004b46        0x2 
 .text.__locale_ctype_ptr
                0x08004b48       0x1c C:\Program Files\6 2017-q1-update\arm-none-eabi\lib\thumb\v6-m\libc_nano.a(lib_a-locale.o)
                0x08004b48                __locale_ctype_ptr
 .text.setlocale
                0x08004b64       0x14 C:\Program Files\6 2017-q1-update\arm-none-eabi\lib\thumb\v6-m\libc_nano.a(lib_a-locale.o)
                0x08004b64                setlocale
 .text          0x08004b78        0x0 C:\Program Files\6 2017-q1-update\arm-none-eabi\lib\thumb\v6-m\libc_nano.a(lib_a-mbtowc_r.o)
 .text._mbtowc_r
                0x08004b78       0x24 C:\Program Files\6 2017-q1-update\arm-none-eabi\lib\thumb\v6-m\libc_nano.a(lib_a-mbtowc_r.o)
                0x08004b78                _mbtowc_r
 .text.__ascii_mbtowc
                0x08004b9c       0x24 C:\Program Files\6 2017-q1-update\arm-none-eabi\lib\thumb\v6-m\libc_nano.a(lib_a-mbtowc_r.o)
                0x08004b9c                __ascii_mbtowc
 .text          0x08004bc0        0x0 C:\Program Files\6 2017-q1-update\arm-none-eabi\lib\thumb\v6-m\libc_nano.a(lib_a-memmove.o)
 .text.memmove  0x08004bc0       0x24 C:\Program Files\6 2017-q1-update\arm-none-eabi\lib\thumb\v6-m\libc_nano.a(lib_a-memmove.o)
                0x08004bc0                memmove
 .text          0x08004be4        0x0 C:\Program Files\6 2017-q1-update\arm-none-eabi\lib\thumb\v6-m\libc_nano.a(lib_a-nano-reallocr.o)
 .text._realloc_r
                0x08004be4       0x4c C:\Program Files\6 2017-q1-update\arm-none-eabi\lib\thumb\v6-m\libc_nano.a(lib_a-nano-reallocr.o)
                0x08004be4                _realloc_r
 .text          0x08004c30       0x14 C:\Program Files\6 2017-q1-update\arm-none-eabi\lib\thumb\v6-m\libc_nano.a(lib_a-strcmp.o)
                0x08004c30                strcmp
 .text          0x08004c44        0x0 C:\Program Files\6 2017-q1-update\arm-none-eabi\lib\thumb\v6-m\libc_nano.a(lib_a-wctomb_r.o)
 .text._wctomb_r
                0x08004c44       0x20 C:\Program Files\6 2017-q1-update\arm-none-eabi\lib\thumb\v6-m\libc_nano.a(lib_a-wctomb_r.o)
                0x08004c44                _wctomb_r
 .text.__ascii_wctomb
                0x08004c64       0x18 C:\Program Files\6 2017-q1-update\arm-none-eabi\lib\thumb\v6-m\libc_nano.a(lib_a-wctomb_r.o)
                0x08004c64                __ascii_wctomb
 .text          0x08004c7c        0x0 C:\Program Files\6 2017-q1-update\arm-none-eabi\lib\thumb\v6-m\libc_nano.a(lib_a-ctype_.o)
 .text          0x08004c7c        0x0 C:\Program Files\6 2017-q1-update\arm-none-eabi\lib\thumb\v6-m\libc_nano.a(lib_a-nano-msizer.o)
 .text._malloc_usable_size_r
                0x08004c7c       0x10 C:\Program Files\6 2017-q1-update\arm-none-eabi\lib\thumb\v6-m\libc_nano.a(lib_a-nano-msizer.o)
                0x08004c7c                _malloc_usable_size_r
 .text          0x08004c8c       0x14 C:\Program Files\6 2017-q1-update\lib\gcc\arm-none-eabi\6.3.1\thumb\v6-m\libgcc.a(_thumb1_case_uqi.o)
                0x08004c8c                __gnu_thumb1_case_uqi
 .text          0x08004ca0       0x7c C:\Program Files\6 2017-q1-update\lib\gcc\arm-none-eabi\6.3.1\thumb\v6-m\libgcc.a(_arm_cmpdf2.o)
                0x08004ca0                __aeabi_cdrcmple
                0x08004cb0                __aeabi_cdcmple
                0x08004cb0                __aeabi_cdcmpeq
                0x08004cc0                __aeabi_dcmpeq
                0x08004ccc                __aeabi_dcmplt
                0x08004ce0                __aeabi_dcmple
                0x08004cf4                __aeabi_dcmpgt
                0x08004d08                __aeabi_dcmpge
 .text          0x08004d1c      0x620 C:\Program Files\6 2017-q1-update\lib\gcc\arm-none-eabi\6.3.1\thumb\v6-m\libgcc.a(adddf3.o)
                0x08004d1c                __aeabi_dadd
 .text          0x0800533c       0x74 C:\Program Files\6 2017-q1-update\lib\gcc\arm-none-eabi\6.3.1\thumb\v6-m\libgcc.a(eqdf2.o)
                0x0800533c                __nedf2
                0x0800533c                __eqdf2
 .text          0x080053b0       0xc8 C:\Program Files\6 2017-q1-update\lib\gcc\arm-none-eabi\6.3.1\thumb\v6-m\libgcc.a(gedf2.o)
                0x080053b0                __gedf2
                0x080053b0                __gtdf2
 .text          0x08005478       0xc4 C:\Program Files\6 2017-q1-update\lib\gcc\arm-none-eabi\6.3.1\thumb\v6-m\libgcc.a(ledf2.o)
                0x08005478                __ledf2
                0x08005478                __ltdf2
 .text          0x0800553c      0x62c C:\Program Files\6 2017-q1-update\lib\gcc\arm-none-eabi\6.3.1\thumb\v6-m\libgcc.a(subdf3.o)
                0x0800553c                __aeabi_dsub
 .text          0x08005b68       0x40 C:\Program Files\6 2017-q1-update\lib\gcc\arm-none-eabi\6.3.1\thumb\v6-m\libgcc.a(unorddf2.o)
                0x08005b68                __aeabi_dcmpun
 .text          0x08005ba8       0x68 C:\Program Files\6 2017-q1-update\lib\gcc\arm-none-eabi\6.3.1\thumb\v6-m\libgcc.a(fixdfsi.o)
                0x08005ba8                __aeabi_d2iz
 .text          0x08005c10       0x70 C:\Program Files\6 2017-q1-update\lib\gcc\arm-none-eabi\6.3.1\thumb\v6-m\libgcc.a(floatunsidf.o)
                0x08005c10                __aeabi_ui2d
 *(.rodata*)
 .rodata        0x08005c80       0x2d main.o
 *fill*         0x08005cad        0x3 
 .rodata        0x08005cb0       0x64 init.o
 .rodata        0x08005d14       0x40 C:\Program Files\6 2017-q1-update\lib\gcc\arm-none-eabi\6.3.1\thumb\v6-m\libgcc.a(divdf3.o)
 .rodata        0x08005d54       0x40 C:\Program Files\6 2017-q1-update\lib\gcc\arm-none-eabi\6.3.1\thumb\v6-m\libgcc.a(muldf3.o)
 .rodata.__sf_fake_stderr
                0x08005d94       0x20 C:\Program Files\6 2017-q1-update\arm-none-eabi\lib\thumb\v6-m\libc_nano.a(lib_a-findfp.o)
                0x08005d94                __sf_fake_stderr
 .rodata.__sf_fake_stdin
                0x08005db4       0x20 C:\Program Files\6 2017-q1-update\arm-none-eabi\lib\thumb\v6-m\libc_nano.a(lib_a-findfp.o)
                0x08005db4                __sf_fake_stdin
 .rodata.__sf_fake_stdout
                0x08005dd4       0x20 C:\Program Files\6 2017-q1-update\arm-none-eabi\lib\thumb\v6-m\libc_nano.a(lib_a-findfp.o)
                0x08005dd4                __sf_fake_stdout
 .rodata._global_impure_ptr
                0x08005df4        0x4 C:\Program Files\6 2017-q1-update\arm-none-eabi\lib\thumb\v6-m\libc_nano.a(lib_a-impure.o)
                0x08005df4                _global_impure_ptr
 .rodata._printf_float.str1.1
                0x08005df8       0x12 C:\Program Files\6 2017-q1-update\arm-none-eabi\lib\thumb\v6-m\libc_nano.a(lib_a-nano-vfprintf_float.o)
 .rodata._printf_i.str1.1
                0x08005e0a       0x22 C:\Program Files\6 2017-q1-update\arm-none-eabi\lib\thumb\v6-m\libc_nano.a(lib_a-nano-vfprintf_i.o)
 .rodata._dtoa_r.str1.1
                0x08005e2c        0xd C:\Program Files\6 2017-q1-update\arm-none-eabi\lib\thumb\v6-m\libc_nano.a(lib_a-dtoa.o)
                                  0xf (size before relaxing)
 *fill*         0x08005e39        0x7 
 .rodata.__mprec_bigtens
                0x08005e40       0x28 C:\Program Files\6 2017-q1-update\arm-none-eabi\lib\thumb\v6-m\libc_nano.a(lib_a-mprec.o)
                0x08005e40                __mprec_bigtens
 .rodata.__mprec_tens
                0x08005e68       0xc8 C:\Program Files\6 2017-q1-update\arm-none-eabi\lib\thumb\v6-m\libc_nano.a(lib_a-mprec.o)
                0x08005e68                __mprec_tens
 .rodata.__mprec_tinytens
                0x08005f30       0x28 C:\Program Files\6 2017-q1-update\arm-none-eabi\lib\thumb\v6-m\libc_nano.a(lib_a-mprec.o)
                0x08005f30                __mprec_tinytens
 .rodata.p05.6052
                0x08005f58        0xc C:\Program Files\6 2017-q1-update\arm-none-eabi\lib\thumb\v6-m\libc_nano.a(lib_a-mprec.o)
 .rodata._vfprintf_r.str1.1
                0x08005f64       0x11 C:\Program Files\6 2017-q1-update\arm-none-eabi\lib\thumb\v6-m\libc_nano.a(lib_a-nano-vfprintf.o)
 .rodata._setlocale_r.str1.1
                0x08005f75        0x8 C:\Program Files\6 2017-q1-update\arm-none-eabi\lib\thumb\v6-m\libc_nano.a(lib_a-locale.o)
                                  0x9 (size before relaxing)
 .rodata.str1.1
                0x08005f7d        0x2 C:\Program Files\6 2017-q1-update\arm-none-eabi\lib\thumb\v6-m\libc_nano.a(lib_a-locale.o)
 .rodata._ctype_
                0x08005f7f      0x101 C:\Program Files\6 2017-q1-update\arm-none-eabi\lib\thumb\v6-m\libc_nano.a(lib_a-ctype_.o)
                0x08005f7f                _ctype_
                0x08006080                . = ALIGN (0x4)
                0x08006080                PROVIDE (__init_array_start, .)
 *(SORT(.init_array.*))
 *(.init_array)
                0x08006080                PROVIDE (__init_array_end, .)
                0x08006080                . = ALIGN (0x4)
                0x08006080                _etext = .

.glue_7         0x08006080        0x0
 .glue_7        0x08006080        0x0 linker stubs

.glue_7t        0x08006080        0x0
 .glue_7t       0x08006080        0x0 linker stubs

.vfp11_veneer   0x08006080        0x0
 .vfp11_veneer  0x08006080        0x0 linker stubs

.v4_bx          0x08006080        0x0
 .v4_bx         0x08006080        0x0 linker stubs

.iplt           0x08006080        0x0
 .iplt          0x08006080        0x0 main.o

.rel.dyn        0x08006080        0x0
 .rel.iplt      0x08006080        0x0 main.o

.data           0x20000000      0x1d4 load address 0x08006080
                0x20000000                . = ALIGN (0x4)
                0x20000000                _data = .
 *(.data*)
 .data          0x20000000        0x0 main.o
 .data          0x20000000        0x0 init.o
 .data          0x20000000        0x0 serial.o
 .data          0x20000000        0x0 adc.o
 .data          0x20000000        0x4 newlib_stubs.o
                0x20000000                environ
 .data          0x20000004        0x0 C:\Program Files\6 2017-q1-update\arm-none-eabi\lib\thumb\v6-m\libnosys.a(errno.o)
 .data          0x20000004        0x0 C:\Program Files\6 2017-q1-update\lib\gcc\arm-none-eabi\6.3.1\thumb\v6-m\libgcc.a(_divsi3.o)
 .data          0x20000004        0x0 C:\Program Files\6 2017-q1-update\lib\gcc\arm-none-eabi\6.3.1\thumb\v6-m\libgcc.a(_dvmd_tls.o)
 .data          0x20000004        0x0 C:\Program Files\6 2017-q1-update\lib\gcc\arm-none-eabi\6.3.1\thumb\v6-m\libgcc.a(divdf3.o)
 .data          0x20000004        0x0 C:\Program Files\6 2017-q1-update\lib\gcc\arm-none-eabi\6.3.1\thumb\v6-m\libgcc.a(muldf3.o)
 .data          0x20000004        0x0 C:\Program Files\6 2017-q1-update\lib\gcc\arm-none-eabi\6.3.1\thumb\v6-m\libgcc.a(floatsidf.o)
 .data          0x20000004        0x0 C:\Program Files\6 2017-q1-update\lib\gcc\arm-none-eabi\6.3.1\thumb\v6-m\libgcc.a(extendsfdf2.o)
 .data          0x20000004        0x0 C:\Program Files\6 2017-q1-update\lib\gcc\arm-none-eabi\6.3.1\thumb\v6-m\libgcc.a(truncdfsf2.o)
 .data          0x20000004        0x0 C:\Program Files\6 2017-q1-update\lib\gcc\arm-none-eabi\6.3.1\thumb\v6-m\libgcc.a(_udivsi3.o)
 .data          0x20000004        0x0 C:\Program Files\6 2017-q1-update\lib\gcc\arm-none-eabi\6.3.1\thumb\v6-m\libgcc.a(_clzsi2.o)
 .data          0x20000004        0x0 C:\Program Files\6 2017-q1-update\arm-none-eabi\lib\thumb\v6-m\libc_nano.a(lib_a-fflush.o)
 .data          0x20000004        0x0 C:\Program Files\6 2017-q1-update\arm-none-eabi\lib\thumb\v6-m\libc_nano.a(lib_a-findfp.o)
 .data          0x20000004        0x0 C:\Program Files\6 2017-q1-update\arm-none-eabi\lib\thumb\v6-m\libc_nano.a(lib_a-fwalk.o)
 .data          0x20000004        0x0 C:\Program Files\6 2017-q1-update\arm-none-eabi\lib\thumb\v6-m\libc_nano.a(lib_a-impure.o)
 .data._impure_ptr
                0x20000004        0x4 C:\Program Files\6 2017-q1-update\arm-none-eabi\lib\thumb\v6-m\libc_nano.a(lib_a-impure.o)
                0x20000004                _impure_ptr
 .data.impure_data
                0x20000008       0x60 C:\Program Files\6 2017-q1-update\arm-none-eabi\lib\thumb\v6-m\libc_nano.a(lib_a-impure.o)
 .data          0x20000068        0x0 C:\Program Files\6 2017-q1-update\arm-none-eabi\lib\thumb\v6-m\libc_nano.a(lib_a-memset.o)
 .data          0x20000068        0x0 C:\Program Files\6 2017-q1-update\arm-none-eabi\lib\thumb\v6-m\libc_nano.a(lib_a-nano-freer.o)
 .data          0x20000068        0x0 C:\Program Files\6 2017-q1-update\arm-none-eabi\lib\thumb\v6-m\libc_nano.a(lib_a-nano-mallocr.o)
 .data          0x20000068        0x0 C:\Program Files\6 2017-q1-update\arm-none-eabi\lib\thumb\v6-m\libc_nano.a(lib_a-nano-vfprintf_float.o)
 .data          0x20000068        0x0 C:\Program Files\6 2017-q1-update\arm-none-eabi\lib\thumb\v6-m\libc_nano.a(lib_a-nano-vfprintf_i.o)
 .data          0x20000068        0x0 C:\Program Files\6 2017-q1-update\arm-none-eabi\lib\thumb\v6-m\libc_nano.a(lib_a-printf.o)
 .data          0x20000068        0x0 C:\Program Files\6 2017-q1-update\arm-none-eabi\lib\thumb\v6-m\libc_nano.a(lib_a-puts.o)
 .data          0x20000068        0x0 C:\Program Files\6 2017-q1-update\arm-none-eabi\lib\thumb\v6-m\libc_nano.a(lib_a-sbrkr.o)
 .data          0x20000068        0x0 C:\Program Files\6 2017-q1-update\arm-none-eabi\lib\thumb\v6-m\libc_nano.a(lib_a-stdio.o)
 .data          0x20000068        0x0 C:\Program Files\6 2017-q1-update\arm-none-eabi\lib\thumb\v6-m\libc_nano.a(lib_a-strlen.o)
 .data          0x20000068        0x0 C:\Program Files\6 2017-q1-update\arm-none-eabi\lib\thumb\v6-m\libc_nano.a(lib_a-wbuf.o)
 .data          0x20000068        0x0 C:\Program Files\6 2017-q1-update\arm-none-eabi\lib\thumb\v6-m\libc_nano.a(lib_a-writer.o)
 .data          0x20000068        0x0 C:\Program Files\6 2017-q1-update\arm-none-eabi\lib\thumb\v6-m\libc_nano.a(lib_a-wsetup.o)
 .data          0x20000068        0x0 C:\Program Files\6 2017-q1-update\arm-none-eabi\lib\thumb\v6-m\libc_nano.a(lib_a-closer.o)
 .data          0x20000068        0x0 C:\Program Files\6 2017-q1-update\arm-none-eabi\lib\thumb\v6-m\libc_nano.a(lib_a-dtoa.o)
 .data          0x20000068        0x0 C:\Program Files\6 2017-q1-update\arm-none-eabi\lib\thumb\v6-m\libc_nano.a(lib_a-localeconv.o)
 .data          0x20000068        0x0 C:\Program Files\6 2017-q1-update\arm-none-eabi\lib\thumb\v6-m\libc_nano.a(lib_a-lseekr.o)
 .data          0x20000068        0x0 C:\Program Files\6 2017-q1-update\arm-none-eabi\lib\thumb\v6-m\libc_nano.a(lib_a-makebuf.o)
 .data          0x20000068        0x0 C:\Program Files\6 2017-q1-update\arm-none-eabi\lib\thumb\v6-m\libc_nano.a(lib_a-malloc.o)
 .data          0x20000068        0x0 C:\Program Files\6 2017-q1-update\arm-none-eabi\lib\thumb\v6-m\libc_nano.a(lib_a-memchr-stub.o)
 .data          0x20000068        0x0 C:\Program Files\6 2017-q1-update\arm-none-eabi\lib\thumb\v6-m\libc_nano.a(lib_a-memcpy-stub.o)
 .data          0x20000068        0x0 C:\Program Files\6 2017-q1-update\arm-none-eabi\lib\thumb\v6-m\libc_nano.a(lib_a-mlock.o)
 .data          0x20000068        0x0 C:\Program Files\6 2017-q1-update\arm-none-eabi\lib\thumb\v6-m\libc_nano.a(lib_a-mprec.o)
 .data          0x20000068        0x0 C:\Program Files\6 2017-q1-update\arm-none-eabi\lib\thumb\v6-m\libc_nano.a(lib_a-nano-callocr.o)
 .data          0x20000068        0x0 C:\Program Files\6 2017-q1-update\arm-none-eabi\lib\thumb\v6-m\libc_nano.a(lib_a-nano-vfprintf.o)
 .data          0x20000068        0x0 C:\Program Files\6 2017-q1-update\arm-none-eabi\lib\thumb\v6-m\libc_nano.a(lib_a-readr.o)
 .data          0x20000068        0x0 C:\Program Files\6 2017-q1-update\arm-none-eabi\lib\thumb\v6-m\libc_nano.a(lib_a-fstatr.o)
 .data          0x20000068        0x0 C:\Program Files\6 2017-q1-update\arm-none-eabi\lib\thumb\v6-m\libc_nano.a(lib_a-fvwrite.o)
 .data          0x20000068        0x0 C:\Program Files\6 2017-q1-update\arm-none-eabi\lib\thumb\v6-m\libc_nano.a(lib_a-isattyr.o)
 .data          0x20000068        0x0 C:\Program Files\6 2017-q1-update\arm-none-eabi\lib\thumb\v6-m\libc_nano.a(lib_a-locale.o)
 .data.__global_locale
                0x20000068      0x16c C:\Program Files\6 2017-q1-update\arm-none-eabi\lib\thumb\v6-m\libc_nano.a(lib_a-locale.o)
                0x20000068                __global_locale
 .data          0x200001d4        0x0 C:\Program Files\6 2017-q1-update\arm-none-eabi\lib\thumb\v6-m\libc_nano.a(lib_a-mbtowc_r.o)
 .data          0x200001d4        0x0 C:\Program Files\6 2017-q1-update\arm-none-eabi\lib\thumb\v6-m\libc_nano.a(lib_a-memmove.o)
 .data          0x200001d4        0x0 C:\Program Files\6 2017-q1-update\arm-none-eabi\lib\thumb\v6-m\libc_nano.a(lib_a-nano-reallocr.o)
 .data          0x200001d4        0x0 C:\Program Files\6 2017-q1-update\arm-none-eabi\lib\thumb\v6-m\libc_nano.a(lib_a-strcmp.o)
 .data          0x200001d4        0x0 C:\Program Files\6 2017-q1-update\arm-none-eabi\lib\thumb\v6-m\libc_nano.a(lib_a-wctomb_r.o)
 .data          0x200001d4        0x0 C:\Program Files\6 2017-q1-update\arm-none-eabi\lib\thumb\v6-m\libc_nano.a(lib_a-ctype_.o)
 .data          0x200001d4        0x0 C:\Program Files\6 2017-q1-update\arm-none-eabi\lib\thumb\v6-m\libc_nano.a(lib_a-nano-msizer.o)
 .data          0x200001d4        0x0 C:\Program Files\6 2017-q1-update\lib\gcc\arm-none-eabi\6.3.1\thumb\v6-m\libgcc.a(_thumb1_case_uqi.o)
 .data          0x200001d4        0x0 C:\Program Files\6 2017-q1-update\lib\gcc\arm-none-eabi\6.3.1\thumb\v6-m\libgcc.a(_arm_cmpdf2.o)
 .data          0x200001d4        0x0 C:\Program Files\6 2017-q1-update\lib\gcc\arm-none-eabi\6.3.1\thumb\v6-m\libgcc.a(adddf3.o)
 .data          0x200001d4        0x0 C:\Program Files\6 2017-q1-update\lib\gcc\arm-none-eabi\6.3.1\thumb\v6-m\libgcc.a(eqdf2.o)
 .data          0x200001d4        0x0 C:\Program Files\6 2017-q1-update\lib\gcc\arm-none-eabi\6.3.1\thumb\v6-m\libgcc.a(gedf2.o)
 .data          0x200001d4        0x0 C:\Program Files\6 2017-q1-update\lib\gcc\arm-none-eabi\6.3.1\thumb\v6-m\libgcc.a(ledf2.o)
 .data          0x200001d4        0x0 C:\Program Files\6 2017-q1-update\lib\gcc\arm-none-eabi\6.3.1\thumb\v6-m\libgcc.a(subdf3.o)
 .data          0x200001d4        0x0 C:\Program Files\6 2017-q1-update\lib\gcc\arm-none-eabi\6.3.1\thumb\v6-m\libgcc.a(unorddf2.o)
 .data          0x200001d4        0x0 C:\Program Files\6 2017-q1-update\lib\gcc\arm-none-eabi\6.3.1\thumb\v6-m\libgcc.a(fixdfsi.o)
 .data          0x200001d4        0x0 C:\Program Files\6 2017-q1-update\lib\gcc\arm-none-eabi\6.3.1\thumb\v6-m\libgcc.a(floatunsidf.o)
                0x200001d4                . = ALIGN (0x4)
                0x200001d4                _edata = .

.igot.plt       0x200001d4        0x0 load address 0x08006254
 .igot.plt      0x200001d4        0x0 main.o

.bss            0x200001d4       0xbc load address 0x08006254
                0x200001d4                _bss = .
 *(.bss*)
 .bss           0x200001d4        0x0 main.o
 .bss           0x200001d4        0x0 init.o
 .bss           0x200001d4        0x0 serial.o
 .bss           0x200001d4        0x0 adc.o
 .bss           0x200001d4        0x8 newlib_stubs.o
                0x200001d4                __env
 .bss           0x200001dc        0x0 C:\Program Files\6 2017-q1-update\arm-none-eabi\lib\thumb\v6-m\libnosys.a(errno.o)
 .bss           0x200001dc        0x0 C:\Program Files\6 2017-q1-update\lib\gcc\arm-none-eabi\6.3.1\thumb\v6-m\libgcc.a(_divsi3.o)
 .bss           0x200001dc        0x0 C:\Program Files\6 2017-q1-update\lib\gcc\arm-none-eabi\6.3.1\thumb\v6-m\libgcc.a(_dvmd_tls.o)
 .bss           0x200001dc        0x0 C:\Program Files\6 2017-q1-update\lib\gcc\arm-none-eabi\6.3.1\thumb\v6-m\libgcc.a(divdf3.o)
 .bss           0x200001dc        0x0 C:\Program Files\6 2017-q1-update\lib\gcc\arm-none-eabi\6.3.1\thumb\v6-m\libgcc.a(muldf3.o)
 .bss           0x200001dc        0x0 C:\Program Files\6 2017-q1-update\lib\gcc\arm-none-eabi\6.3.1\thumb\v6-m\libgcc.a(floatsidf.o)
 .bss           0x200001dc        0x0 C:\Program Files\6 2017-q1-update\lib\gcc\arm-none-eabi\6.3.1\thumb\v6-m\libgcc.a(extendsfdf2.o)
 .bss           0x200001dc        0x0 C:\Program Files\6 2017-q1-update\lib\gcc\arm-none-eabi\6.3.1\thumb\v6-m\libgcc.a(truncdfsf2.o)
 .bss           0x200001dc        0x0 C:\Program Files\6 2017-q1-update\lib\gcc\arm-none-eabi\6.3.1\thumb\v6-m\libgcc.a(_udivsi3.o)
 .bss           0x200001dc        0x0 C:\Program Files\6 2017-q1-update\lib\gcc\arm-none-eabi\6.3.1\thumb\v6-m\libgcc.a(_clzsi2.o)
 .bss           0x200001dc        0x0 C:\Program Files\6 2017-q1-update\arm-none-eabi\lib\thumb\v6-m\libc_nano.a(lib_a-fflush.o)
 .bss           0x200001dc        0x0 C:\Program Files\6 2017-q1-update\arm-none-eabi\lib\thumb\v6-m\libc_nano.a(lib_a-findfp.o)
 .bss           0x200001dc        0x0 C:\Program Files\6 2017-q1-update\arm-none-eabi\lib\thumb\v6-m\libc_nano.a(lib_a-fwalk.o)
 .bss           0x200001dc        0x0 C:\Program Files\6 2017-q1-update\arm-none-eabi\lib\thumb\v6-m\libc_nano.a(lib_a-impure.o)
 .bss           0x200001dc        0x0 C:\Program Files\6 2017-q1-update\arm-none-eabi\lib\thumb\v6-m\libc_nano.a(lib_a-memset.o)
 .bss           0x200001dc        0x0 C:\Program Files\6 2017-q1-update\arm-none-eabi\lib\thumb\v6-m\libc_nano.a(lib_a-nano-freer.o)
 .bss           0x200001dc        0x0 C:\Program Files\6 2017-q1-update\arm-none-eabi\lib\thumb\v6-m\libc_nano.a(lib_a-nano-mallocr.o)
 .bss.__malloc_free_list
                0x200001dc        0x4 C:\Program Files\6 2017-q1-update\arm-none-eabi\lib\thumb\v6-m\libc_nano.a(lib_a-nano-mallocr.o)
                0x200001dc                __malloc_free_list
 .bss.__malloc_sbrk_start
                0x200001e0        0x4 C:\Program Files\6 2017-q1-update\arm-none-eabi\lib\thumb\v6-m\libc_nano.a(lib_a-nano-mallocr.o)
                0x200001e0                __malloc_sbrk_start
 .bss           0x200001e4        0x0 C:\Program Files\6 2017-q1-update\arm-none-eabi\lib\thumb\v6-m\libc_nano.a(lib_a-nano-vfprintf_float.o)
 .bss           0x200001e4        0x0 C:\Program Files\6 2017-q1-update\arm-none-eabi\lib\thumb\v6-m\libc_nano.a(lib_a-nano-vfprintf_i.o)
 .bss           0x200001e4        0x0 C:\Program Files\6 2017-q1-update\arm-none-eabi\lib\thumb\v6-m\libc_nano.a(lib_a-printf.o)
 .bss           0x200001e4        0x0 C:\Program Files\6 2017-q1-update\arm-none-eabi\lib\thumb\v6-m\libc_nano.a(lib_a-puts.o)
 .bss           0x200001e4        0x0 C:\Program Files\6 2017-q1-update\arm-none-eabi\lib\thumb\v6-m\libc_nano.a(lib_a-sbrkr.o)
 .bss           0x200001e4        0x0 C:\Program Files\6 2017-q1-update\arm-none-eabi\lib\thumb\v6-m\libc_nano.a(lib_a-stdio.o)
 .bss           0x200001e4        0x0 C:\Program Files\6 2017-q1-update\arm-none-eabi\lib\thumb\v6-m\libc_nano.a(lib_a-strlen.o)
 .bss           0x200001e4        0x0 C:\Program Files\6 2017-q1-update\arm-none-eabi\lib\thumb\v6-m\libc_nano.a(lib_a-wbuf.o)
 .bss           0x200001e4        0x0 C:\Program Files\6 2017-q1-update\arm-none-eabi\lib\thumb\v6-m\libc_nano.a(lib_a-writer.o)
 .bss           0x200001e4        0x0 C:\Program Files\6 2017-q1-update\arm-none-eabi\lib\thumb\v6-m\libc_nano.a(lib_a-wsetup.o)
 .bss           0x200001e4        0x0 C:\Program Files\6 2017-q1-update\arm-none-eabi\lib\thumb\v6-m\libc_nano.a(lib_a-closer.o)
 .bss           0x200001e4        0x0 C:\Program Files\6 2017-q1-update\arm-none-eabi\lib\thumb\v6-m\libc_nano.a(lib_a-dtoa.o)
 .bss           0x200001e4        0x0 C:\Program Files\6 2017-q1-update\arm-none-eabi\lib\thumb\v6-m\libc_nano.a(lib_a-localeconv.o)
 .bss           0x200001e4        0x0 C:\Program Files\6 2017-q1-update\arm-none-eabi\lib\thumb\v6-m\libc_nano.a(lib_a-lseekr.o)
 .bss           0x200001e4        0x0 C:\Program Files\6 2017-q1-update\arm-none-eabi\lib\thumb\v6-m\libc_nano.a(lib_a-makebuf.o)
 .bss           0x200001e4        0x0 C:\Program Files\6 2017-q1-update\arm-none-eabi\lib\thumb\v6-m\libc_nano.a(lib_a-malloc.o)
 .bss           0x200001e4        0x0 C:\Program Files\6 2017-q1-update\arm-none-eabi\lib\thumb\v6-m\libc_nano.a(lib_a-memchr-stub.o)
 .bss           0x200001e4        0x0 C:\Program Files\6 2017-q1-update\arm-none-eabi\lib\thumb\v6-m\libc_nano.a(lib_a-memcpy-stub.o)
 .bss           0x200001e4        0x0 C:\Program Files\6 2017-q1-update\arm-none-eabi\lib\thumb\v6-m\libc_nano.a(lib_a-mlock.o)
 .bss           0x200001e4        0x0 C:\Program Files\6 2017-q1-update\arm-none-eabi\lib\thumb\v6-m\libc_nano.a(lib_a-mprec.o)
 .bss           0x200001e4        0x0 C:\Program Files\6 2017-q1-update\arm-none-eabi\lib\thumb\v6-m\libc_nano.a(lib_a-nano-callocr.o)
 .bss           0x200001e4        0x0 C:\Program Files\6 2017-q1-update\arm-none-eabi\lib\thumb\v6-m\libc_nano.a(lib_a-nano-vfprintf.o)
 .bss           0x200001e4        0x0 C:\Program Files\6 2017-q1-update\arm-none-eabi\lib\thumb\v6-m\libc_nano.a(lib_a-readr.o)
 .bss           0x200001e4        0x0 C:\Program Files\6 2017-q1-update\arm-none-eabi\lib\thumb\v6-m\libc_nano.a(lib_a-fstatr.o)
 .bss           0x200001e4        0x0 C:\Program Files\6 2017-q1-update\arm-none-eabi\lib\thumb\v6-m\libc_nano.a(lib_a-fvwrite.o)
 .bss           0x200001e4        0x0 C:\Program Files\6 2017-q1-update\arm-none-eabi\lib\thumb\v6-m\libc_nano.a(lib_a-isattyr.o)
 .bss           0x200001e4        0x0 C:\Program Files\6 2017-q1-update\arm-none-eabi\lib\thumb\v6-m\libc_nano.a(lib_a-locale.o)
 .bss._PathLocale
                0x200001e4        0x4 C:\Program Files\6 2017-q1-update\arm-none-eabi\lib\thumb\v6-m\libc_nano.a(lib_a-locale.o)
                0x200001e4                _PathLocale
 .bss           0x200001e8        0x0 C:\Program Files\6 2017-q1-update\arm-none-eabi\lib\thumb\v6-m\libc_nano.a(lib_a-mbtowc_r.o)
 .bss           0x200001e8        0x0 C:\Program Files\6 2017-q1-update\arm-none-eabi\lib\thumb\v6-m\libc_nano.a(lib_a-memmove.o)
 .bss           0x200001e8        0x0 C:\Program Files\6 2017-q1-update\arm-none-eabi\lib\thumb\v6-m\libc_nano.a(lib_a-nano-reallocr.o)
 .bss           0x200001e8        0x0 C:\Program Files\6 2017-q1-update\arm-none-eabi\lib\thumb\v6-m\libc_nano.a(lib_a-strcmp.o)
 .bss           0x200001e8        0x0 C:\Program Files\6 2017-q1-update\arm-none-eabi\lib\thumb\v6-m\libc_nano.a(lib_a-wctomb_r.o)
 .bss           0x200001e8        0x0 C:\Program Files\6 2017-q1-update\arm-none-eabi\lib\thumb\v6-m\libc_nano.a(lib_a-ctype_.o)
 .bss           0x200001e8        0x0 C:\Program Files\6 2017-q1-update\arm-none-eabi\lib\thumb\v6-m\libc_nano.a(lib_a-nano-msizer.o)
 .bss           0x200001e8        0x0 C:\Program Files\6 2017-q1-update\lib\gcc\arm-none-eabi\6.3.1\thumb\v6-m\libgcc.a(_thumb1_case_uqi.o)
 .bss           0x200001e8        0x0 C:\Program Files\6 2017-q1-update\lib\gcc\arm-none-eabi\6.3.1\thumb\v6-m\libgcc.a(_arm_cmpdf2.o)
 .bss           0x200001e8        0x0 C:\Program Files\6 2017-q1-update\lib\gcc\arm-none-eabi\6.3.1\thumb\v6-m\libgcc.a(adddf3.o)
 .bss           0x200001e8        0x0 C:\Program Files\6 2017-q1-update\lib\gcc\arm-none-eabi\6.3.1\thumb\v6-m\libgcc.a(eqdf2.o)
 .bss           0x200001e8        0x0 C:\Program Files\6 2017-q1-update\lib\gcc\arm-none-eabi\6.3.1\thumb\v6-m\libgcc.a(gedf2.o)
 .bss           0x200001e8        0x0 C:\Program Files\6 2017-q1-update\lib\gcc\arm-none-eabi\6.3.1\thumb\v6-m\libgcc.a(ledf2.o)
 .bss           0x200001e8        0x0 C:\Program Files\6 2017-q1-update\lib\gcc\arm-none-eabi\6.3.1\thumb\v6-m\libgcc.a(subdf3.o)
 .bss           0x200001e8        0x0 C:\Program Files\6 2017-q1-update\lib\gcc\arm-none-eabi\6.3.1\thumb\v6-m\libgcc.a(unorddf2.o)
 .bss           0x200001e8        0x0 C:\Program Files\6 2017-q1-update\lib\gcc\arm-none-eabi\6.3.1\thumb\v6-m\libgcc.a(fixdfsi.o)
 .bss           0x200001e8        0x0 C:\Program Files\6 2017-q1-update\lib\gcc\arm-none-eabi\6.3.1\thumb\v6-m\libgcc.a(floatunsidf.o)
 *(COMMON)
 COMMON         0x200001e8       0xa4 serial.o
                0x200001e8                ComError
                0x200001ec                ComRXBuffer
                0x20000238                ComTXBuffer
                0x20000284                ComOpen
                0x20000288                ComBusy
 COMMON         0x2000028c        0x4 C:\Program Files\6 2017-q1-update\arm-none-eabi\lib\thumb\v6-m\libnosys.a(errno.o)
                0x2000028c                errno
                0x20000290                . = ALIGN (0x4)
                0x20000290                _ebss = .
                [!provide]                PROVIDE (end, .)
                0x20000290                PROVIDE (_HeapStart, .)
                0x20002000                PROVIDE (_StackTop, (ORIGIN (ram) + LENGTH (ram)))
OUTPUT(main.elf elf32-littlearm)

.debug_info     0x00000000     0x1d31
 .debug_info    0x00000000      0x939 main.o
 .debug_info    0x00000939      0x130 init.o
 .debug_info    0x00000a69      0x32c serial.o
 .debug_info    0x00000d95       0x53 adc.o
 .debug_info    0x00000de8      0xf49 newlib_stubs.o

.debug_abbrev   0x00000000      0x6de
 .debug_abbrev  0x00000000      0x202 main.o
 .debug_abbrev  0x00000202       0xc5 init.o
 .debug_abbrev  0x000002c7      0x15b serial.o
 .debug_abbrev  0x00000422       0x51 adc.o
 .debug_abbrev  0x00000473      0x26b newlib_stubs.o

.debug_aranges  0x00000000       0xa8
 .debug_aranges
                0x00000000       0x20 main.o
 .debug_aranges
                0x00000020       0x28 init.o
 .debug_aranges
                0x00000048       0x20 serial.o
 .debug_aranges
                0x00000068       0x20 adc.o
 .debug_aranges
                0x00000088       0x20 newlib_stubs.o

.debug_line     0x00000000      0x5a7
 .debug_line    0x00000000      0x16f main.o
 .debug_line    0x0000016f       0x8e init.o
 .debug_line    0x000001fd      0x12a serial.o
 .debug_line    0x00000327       0x51 adc.o
 .debug_line    0x00000378      0x22f newlib_stubs.o

.debug_str      0x00000000      0x92a
 .debug_str     0x00000000      0x55b main.o
                                0x5d0 (size before relaxing)
 .debug_str     0x0000055b       0x97 init.o
                                0x185 (size before relaxing)
 .debug_str     0x000005f2       0xd8 serial.o
                                0x1ea (size before relaxing)
 .debug_str     0x000006ca       0x16 adc.o
                                 0xe8 (size before relaxing)
 .debug_str     0x000006e0      0x24a newlib_stubs.o
                                0x805 (size before relaxing)

.comment        0x00000000       0x7f
 .comment       0x00000000       0x7f main.o
                                 0x80 (size before relaxing)
 .comment       0x0000007f       0x80 init.o
 .comment       0x0000007f       0x80 serial.o
 .comment       0x0000007f       0x80 adc.o
 .comment       0x0000007f       0x80 newlib_stubs.o

.ARM.attributes
                0x00000000       0x2f
 .ARM.attributes
                0x00000000       0x31 main.o
 .ARM.attributes
                0x00000031       0x31 init.o
 .ARM.attributes
                0x00000062       0x31 serial.o
 .ARM.attributes
                0x00000093       0x31 adc.o
 .ARM.attributes
                0x000000c4       0x31 newlib_stubs.o
 .ARM.attributes
                0x000000f5       0x2c C:\Program Files\6 2017-q1-update\arm-none-eabi\lib\thumb\v6-m\libnosys.a(errno.o)
 .ARM.attributes
                0x00000121       0x1e C:\Program Files\6 2017-q1-update\lib\gcc\arm-none-eabi\6.3.1\thumb\v6-m\libgcc.a(_divsi3.o)
 .ARM.attributes
                0x0000013f       0x1e C:\Program Files\6 2017-q1-update\lib\gcc\arm-none-eabi\6.3.1\thumb\v6-m\libgcc.a(_dvmd_tls.o)
 .ARM.attributes
                0x0000015d       0x2c C:\Program Files\6 2017-q1-update\lib\gcc\arm-none-eabi\6.3.1\thumb\v6-m\libgcc.a(divdf3.o)
 .ARM.attributes
                0x00000189       0x2c C:\Program Files\6 2017-q1-update\lib\gcc\arm-none-eabi\6.3.1\thumb\v6-m\libgcc.a(muldf3.o)
 .ARM.attributes
                0x000001b5       0x2c C:\Program Files\6 2017-q1-update\lib\gcc\arm-none-eabi\6.3.1\thumb\v6-m\libgcc.a(floatsidf.o)
 .ARM.attributes
                0x000001e1       0x2c C:\Program Files\6 2017-q1-update\lib\gcc\arm-none-eabi\6.3.1\thumb\v6-m\libgcc.a(extendsfdf2.o)
 .ARM.attributes
                0x0000020d       0x2c C:\Program Files\6 2017-q1-update\lib\gcc\arm-none-eabi\6.3.1\thumb\v6-m\libgcc.a(truncdfsf2.o)
 .ARM.attributes
                0x00000239       0x1e C:\Program Files\6 2017-q1-update\lib\gcc\arm-none-eabi\6.3.1\thumb\v6-m\libgcc.a(_udivsi3.o)
 .ARM.attributes
                0x00000257       0x1e C:\Program Files\6 2017-q1-update\lib\gcc\arm-none-eabi\6.3.1\thumb\v6-m\libgcc.a(_clzsi2.o)
 .ARM.attributes
                0x00000275       0x2c C:\Program Files\6 2017-q1-update\arm-none-eabi\lib\thumb\v6-m\libc_nano.a(lib_a-fflush.o)
 .ARM.attributes
                0x000002a1       0x2c C:\Program Files\6 2017-q1-update\arm-none-eabi\lib\thumb\v6-m\libc_nano.a(lib_a-findfp.o)
 .ARM.attributes
                0x000002cd       0x2c C:\Program Files\6 2017-q1-update\arm-none-eabi\lib\thumb\v6-m\libc_nano.a(lib_a-fwalk.o)
 .ARM.attributes
                0x000002f9       0x2c C:\Program Files\6 2017-q1-update\arm-none-eabi\lib\thumb\v6-m\libc_nano.a(lib_a-impure.o)
 .ARM.attributes
                0x00000325       0x2c C:\Program Files\6 2017-q1-update\arm-none-eabi\lib\thumb\v6-m\libc_nano.a(lib_a-memset.o)
 .ARM.attributes
                0x00000351       0x2c C:\Program Files\6 2017-q1-update\arm-none-eabi\lib\thumb\v6-m\libc_nano.a(lib_a-nano-freer.o)
 .ARM.attributes
                0x0000037d       0x2c C:\Program Files\6 2017-q1-update\arm-none-eabi\lib\thumb\v6-m\libc_nano.a(lib_a-nano-mallocr.o)
 .ARM.attributes
                0x000003a9       0x2c C:\Program Files\6 2017-q1-update\arm-none-eabi\lib\thumb\v6-m\libc_nano.a(lib_a-nano-vfprintf_float.o)
 .ARM.attributes
                0x000003d5       0x2c C:\Program Files\6 2017-q1-update\arm-none-eabi\lib\thumb\v6-m\libc_nano.a(lib_a-nano-vfprintf_i.o)
 .ARM.attributes
                0x00000401       0x2c C:\Program Files\6 2017-q1-update\arm-none-eabi\lib\thumb\v6-m\libc_nano.a(lib_a-printf.o)
 .ARM.attributes
                0x0000042d       0x2c C:\Program Files\6 2017-q1-update\arm-none-eabi\lib\thumb\v6-m\libc_nano.a(lib_a-puts.o)
 .ARM.attributes
                0x00000459       0x2c C:\Program Files\6 2017-q1-update\arm-none-eabi\lib\thumb\v6-m\libc_nano.a(lib_a-sbrkr.o)
 .ARM.attributes
                0x00000485       0x2c C:\Program Files\6 2017-q1-update\arm-none-eabi\lib\thumb\v6-m\libc_nano.a(lib_a-stdio.o)
 .ARM.attributes
                0x000004b1       0x1c C:\Program Files\6 2017-q1-update\arm-none-eabi\lib\thumb\v6-m\libc_nano.a(lib_a-strlen.o)
 .ARM.attributes
                0x000004cd       0x2c C:\Program Files\6 2017-q1-update\arm-none-eabi\lib\thumb\v6-m\libc_nano.a(lib_a-wbuf.o)
 .ARM.attributes
                0x000004f9       0x2c C:\Program Files\6 2017-q1-update\arm-none-eabi\lib\thumb\v6-m\libc_nano.a(lib_a-writer.o)
 .ARM.attributes
                0x00000525       0x2c C:\Program Files\6 2017-q1-update\arm-none-eabi\lib\thumb\v6-m\libc_nano.a(lib_a-wsetup.o)
 .ARM.attributes
                0x00000551       0x2c C:\Program Files\6 2017-q1-update\arm-none-eabi\lib\thumb\v6-m\libc_nano.a(lib_a-closer.o)
 .ARM.attributes
                0x0000057d       0x2c C:\Program Files\6 2017-q1-update\arm-none-eabi\lib\thumb\v6-m\libc_nano.a(lib_a-dtoa.o)
 .ARM.attributes
                0x000005a9       0x2c C:\Program Files\6 2017-q1-update\arm-none-eabi\lib\thumb\v6-m\libc_nano.a(lib_a-localeconv.o)
 .ARM.attributes
                0x000005d5       0x2c C:\Program Files\6 2017-q1-update\arm-none-eabi\lib\thumb\v6-m\libc_nano.a(lib_a-lseekr.o)
 .ARM.attributes
                0x00000601       0x2c C:\Program Files\6 2017-q1-update\arm-none-eabi\lib\thumb\v6-m\libc_nano.a(lib_a-makebuf.o)
 .ARM.attributes
                0x0000062d       0x2c C:\Program Files\6 2017-q1-update\arm-none-eabi\lib\thumb\v6-m\libc_nano.a(lib_a-malloc.o)
 .ARM.attributes
                0x00000659       0x2c C:\Program Files\6 2017-q1-update\arm-none-eabi\lib\thumb\v6-m\libc_nano.a(lib_a-memchr-stub.o)
 .ARM.attributes
                0x00000685       0x2c C:\Program Files\6 2017-q1-update\arm-none-eabi\lib\thumb\v6-m\libc_nano.a(lib_a-memcpy-stub.o)
 .ARM.attributes
                0x000006b1       0x2c C:\Program Files\6 2017-q1-update\arm-none-eabi\lib\thumb\v6-m\libc_nano.a(lib_a-mlock.o)
 .ARM.attributes
                0x000006dd       0x2c C:\Program Files\6 2017-q1-update\arm-none-eabi\lib\thumb\v6-m\libc_nano.a(lib_a-mprec.o)
 .ARM.attributes
                0x00000709       0x2c C:\Program Files\6 2017-q1-update\arm-none-eabi\lib\thumb\v6-m\libc_nano.a(lib_a-nano-callocr.o)
 .ARM.attributes
                0x00000735       0x2c C:\Program Files\6 2017-q1-update\arm-none-eabi\lib\thumb\v6-m\libc_nano.a(lib_a-nano-vfprintf.o)
 .ARM.attributes
                0x00000761       0x2c C:\Program Files\6 2017-q1-update\arm-none-eabi\lib\thumb\v6-m\libc_nano.a(lib_a-readr.o)
 .ARM.attributes
                0x0000078d       0x2c C:\Program Files\6 2017-q1-update\arm-none-eabi\lib\thumb\v6-m\libc_nano.a(lib_a-fstatr.o)
 .ARM.attributes
                0x000007b9       0x2c C:\Program Files\6 2017-q1-update\arm-none-eabi\lib\thumb\v6-m\libc_nano.a(lib_a-fvwrite.o)
 .ARM.attributes
                0x000007e5       0x2c C:\Program Files\6 2017-q1-update\arm-none-eabi\lib\thumb\v6-m\libc_nano.a(lib_a-isattyr.o)
 .ARM.attributes
                0x00000811       0x2c C:\Program Files\6 2017-q1-update\arm-none-eabi\lib\thumb\v6-m\libc_nano.a(lib_a-locale.o)
 .ARM.attributes
                0x0000083d       0x2c C:\Program Files\6 2017-q1-update\arm-none-eabi\lib\thumb\v6-m\libc_nano.a(lib_a-mbtowc_r.o)
 .ARM.attributes
                0x00000869       0x2c C:\Program Files\6 2017-q1-update\arm-none-eabi\lib\thumb\v6-m\libc_nano.a(lib_a-memmove.o)
 .ARM.attributes
                0x00000895       0x2c C:\Program Files\6 2017-q1-update\arm-none-eabi\lib\thumb\v6-m\libc_nano.a(lib_a-nano-reallocr.o)
 .ARM.attributes
                0x000008c1       0x1c C:\Program Files\6 2017-q1-update\arm-none-eabi\lib\thumb\v6-m\libc_nano.a(lib_a-strcmp.o)
 .ARM.attributes
                0x000008dd       0x2c C:\Program Files\6 2017-q1-update\arm-none-eabi\lib\thumb\v6-m\libc_nano.a(lib_a-wctomb_r.o)
 .ARM.attributes
                0x00000909       0x2c C:\Program Files\6 2017-q1-update\arm-none-eabi\lib\thumb\v6-m\libc_nano.a(lib_a-ctype_.o)
 .ARM.attributes
                0x00000935       0x2c C:\Program Files\6 2017-q1-update\arm-none-eabi\lib\thumb\v6-m\libc_nano.a(lib_a-nano-msizer.o)
 .ARM.attributes
                0x00000961       0x1e C:\Program Files\6 2017-q1-update\lib\gcc\arm-none-eabi\6.3.1\thumb\v6-m\libgcc.a(_thumb1_case_uqi.o)
 .ARM.attributes
                0x0000097f       0x1e C:\Program Files\6 2017-q1-update\lib\gcc\arm-none-eabi\6.3.1\thumb\v6-m\libgcc.a(_arm_cmpdf2.o)
 .ARM.attributes
                0x0000099d       0x2c C:\Program Files\6 2017-q1-update\lib\gcc\arm-none-eabi\6.3.1\thumb\v6-m\libgcc.a(adddf3.o)
 .ARM.attributes
                0x000009c9       0x2c C:\Program Files\6 2017-q1-update\lib\gcc\arm-none-eabi\6.3.1\thumb\v6-m\libgcc.a(eqdf2.o)
 .ARM.attributes
                0x000009f5       0x2c C:\Program Files\6 2017-q1-update\lib\gcc\arm-none-eabi\6.3.1\thumb\v6-m\libgcc.a(gedf2.o)
 .ARM.attributes
                0x00000a21       0x2c C:\Program Files\6 2017-q1-update\lib\gcc\arm-none-eabi\6.3.1\thumb\v6-m\libgcc.a(ledf2.o)
 .ARM.attributes
                0x00000a4d       0x2c C:\Program Files\6 2017-q1-update\lib\gcc\arm-none-eabi\6.3.1\thumb\v6-m\libgcc.a(subdf3.o)
 .ARM.attributes
                0x00000a79       0x2c C:\Program Files\6 2017-q1-update\lib\gcc\arm-none-eabi\6.3.1\thumb\v6-m\libgcc.a(unorddf2.o)
 .ARM.attributes
                0x00000aa5       0x2c C:\Program Files\6 2017-q1-update\lib\gcc\arm-none-eabi\6.3.1\thumb\v6-m\libgcc.a(fixdfsi.o)
 .ARM.attributes
                0x00000ad1       0x2c C:\Program Files\6 2017-q1-update\lib\gcc\arm-none-eabi\6.3.1\thumb\v6-m\libgcc.a(floatunsidf.o)

.debug_frame    0x00000000     0x1434
 .debug_frame   0x00000000       0x50 main.o
 .debug_frame   0x00000050       0x94 init.o
 .debug_frame   0x000000e4      0x1a4 serial.o
 .debug_frame   0x00000288       0x48 adc.o
 .debug_frame   0x000002d0      0x228 newlib_stubs.o
 .debug_frame   0x000004f8       0x20 C:\Program Files\6 2017-q1-update\lib\gcc\arm-none-eabi\6.3.1\thumb\v6-m\libgcc.a(_divsi3.o)
 .debug_frame   0x00000518       0x3c C:\Program Files\6 2017-q1-update\lib\gcc\arm-none-eabi\6.3.1\thumb\v6-m\libgcc.a(divdf3.o)
 .debug_frame   0x00000554       0x3c C:\Program Files\6 2017-q1-update\lib\gcc\arm-none-eabi\6.3.1\thumb\v6-m\libgcc.a(muldf3.o)
 .debug_frame   0x00000590       0x2c C:\Program Files\6 2017-q1-update\lib\gcc\arm-none-eabi\6.3.1\thumb\v6-m\libgcc.a(floatsidf.o)
 .debug_frame   0x000005bc       0x2c C:\Program Files\6 2017-q1-update\lib\gcc\arm-none-eabi\6.3.1\thumb\v6-m\libgcc.a(extendsfdf2.o)
 .debug_frame   0x000005e8       0x30 C:\Program Files\6 2017-q1-update\lib\gcc\arm-none-eabi\6.3.1\thumb\v6-m\libgcc.a(truncdfsf2.o)
 .debug_frame   0x00000618       0x20 C:\Program Files\6 2017-q1-update\lib\gcc\arm-none-eabi\6.3.1\thumb\v6-m\libgcc.a(_udivsi3.o)
 .debug_frame   0x00000638       0x68 C:\Program Files\6 2017-q1-update\arm-none-eabi\lib\thumb\v6-m\libc_nano.a(lib_a-fflush.o)
 .debug_frame   0x000006a0      0x140 C:\Program Files\6 2017-q1-update\arm-none-eabi\lib\thumb\v6-m\libc_nano.a(lib_a-findfp.o)
 .debug_frame   0x000007e0       0x58 C:\Program Files\6 2017-q1-update\arm-none-eabi\lib\thumb\v6-m\libc_nano.a(lib_a-fwalk.o)
 .debug_frame   0x00000838       0x20 C:\Program Files\6 2017-q1-update\arm-none-eabi\lib\thumb\v6-m\libc_nano.a(lib_a-memset.o)
 .debug_frame   0x00000858       0x2c C:\Program Files\6 2017-q1-update\arm-none-eabi\lib\thumb\v6-m\libc_nano.a(lib_a-nano-freer.o)
 .debug_frame   0x00000884       0x2c C:\Program Files\6 2017-q1-update\arm-none-eabi\lib\thumb\v6-m\libc_nano.a(lib_a-nano-mallocr.o)
 .debug_frame   0x000008b0       0x70 C:\Program Files\6 2017-q1-update\arm-none-eabi\lib\thumb\v6-m\libc_nano.a(lib_a-nano-vfprintf_float.o)
 .debug_frame   0x00000920       0x54 C:\Program Files\6 2017-q1-update\arm-none-eabi\lib\thumb\v6-m\libc_nano.a(lib_a-nano-vfprintf_i.o)
 .debug_frame   0x00000974       0x50 C:\Program Files\6 2017-q1-update\arm-none-eabi\lib\thumb\v6-m\libc_nano.a(lib_a-printf.o)
 .debug_frame   0x000009c4       0x44 C:\Program Files\6 2017-q1-update\arm-none-eabi\lib\thumb\v6-m\libc_nano.a(lib_a-puts.o)
 .debug_frame   0x00000a08       0x2c C:\Program Files\6 2017-q1-update\arm-none-eabi\lib\thumb\v6-m\libc_nano.a(lib_a-sbrkr.o)
 .debug_frame   0x00000a34       0x90 C:\Program Files\6 2017-q1-update\arm-none-eabi\lib\thumb\v6-m\libc_nano.a(lib_a-stdio.o)
 .debug_frame   0x00000ac4       0x48 C:\Program Files\6 2017-q1-update\arm-none-eabi\lib\thumb\v6-m\libc_nano.a(lib_a-wbuf.o)
 .debug_frame   0x00000b0c       0x2c C:\Program Files\6 2017-q1-update\arm-none-eabi\lib\thumb\v6-m\libc_nano.a(lib_a-writer.o)
 .debug_frame   0x00000b38       0x2c C:\Program Files\6 2017-q1-update\arm-none-eabi\lib\thumb\v6-m\libc_nano.a(lib_a-wsetup.o)
 .debug_frame   0x00000b64       0x2c C:\Program Files\6 2017-q1-update\arm-none-eabi\lib\thumb\v6-m\libc_nano.a(lib_a-closer.o)
 .debug_frame   0x00000b90       0x54 C:\Program Files\6 2017-q1-update\arm-none-eabi\lib\thumb\v6-m\libc_nano.a(lib_a-dtoa.o)
 .debug_frame   0x00000be4       0x40 C:\Program Files\6 2017-q1-update\arm-none-eabi\lib\thumb\v6-m\libc_nano.a(lib_a-localeconv.o)
 .debug_frame   0x00000c24       0x2c C:\Program Files\6 2017-q1-update\arm-none-eabi\lib\thumb\v6-m\libc_nano.a(lib_a-lseekr.o)
 .debug_frame   0x00000c50       0x54 C:\Program Files\6 2017-q1-update\arm-none-eabi\lib\thumb\v6-m\libc_nano.a(lib_a-makebuf.o)
 .debug_frame   0x00000ca4       0x40 C:\Program Files\6 2017-q1-update\arm-none-eabi\lib\thumb\v6-m\libc_nano.a(lib_a-malloc.o)
 .debug_frame   0x00000ce4       0x20 C:\Program Files\6 2017-q1-update\arm-none-eabi\lib\thumb\v6-m\libc_nano.a(lib_a-memchr-stub.o)
 .debug_frame   0x00000d04       0x28 C:\Program Files\6 2017-q1-update\arm-none-eabi\lib\thumb\v6-m\libc_nano.a(lib_a-memcpy-stub.o)
 .debug_frame   0x00000d2c       0x30 C:\Program Files\6 2017-q1-update\arm-none-eabi\lib\thumb\v6-m\libc_nano.a(lib_a-mlock.o)
 .debug_frame   0x00000d5c      0x238 C:\Program Files\6 2017-q1-update\arm-none-eabi\lib\thumb\v6-m\libc_nano.a(lib_a-mprec.o)
 .debug_frame   0x00000f94       0x2c C:\Program Files\6 2017-q1-update\arm-none-eabi\lib\thumb\v6-m\libc_nano.a(lib_a-nano-callocr.o)
 .debug_frame   0x00000fc0       0x9c C:\Program Files\6 2017-q1-update\arm-none-eabi\lib\thumb\v6-m\libc_nano.a(lib_a-nano-vfprintf.o)
 .debug_frame   0x0000105c       0x2c C:\Program Files\6 2017-q1-update\arm-none-eabi\lib\thumb\v6-m\libc_nano.a(lib_a-readr.o)
 .debug_frame   0x00001088       0x2c C:\Program Files\6 2017-q1-update\arm-none-eabi\lib\thumb\v6-m\libc_nano.a(lib_a-fstatr.o)
 .debug_frame   0x000010b4       0x30 C:\Program Files\6 2017-q1-update\arm-none-eabi\lib\thumb\v6-m\libc_nano.a(lib_a-fvwrite.o)
 .debug_frame   0x000010e4       0x2c C:\Program Files\6 2017-q1-update\arm-none-eabi\lib\thumb\v6-m\libc_nano.a(lib_a-isattyr.o)
 .debug_frame   0x00001110       0x74 C:\Program Files\6 2017-q1-update\arm-none-eabi\lib\thumb\v6-m\libc_nano.a(lib_a-locale.o)
 .debug_frame   0x00001184       0x44 C:\Program Files\6 2017-q1-update\arm-none-eabi\lib\thumb\v6-m\libc_nano.a(lib_a-mbtowc_r.o)
 .debug_frame   0x000011c8       0x28 C:\Program Files\6 2017-q1-update\arm-none-eabi\lib\thumb\v6-m\libc_nano.a(lib_a-memmove.o)
 .debug_frame   0x000011f0       0x30 C:\Program Files\6 2017-q1-update\arm-none-eabi\lib\thumb\v6-m\libc_nano.a(lib_a-nano-reallocr.o)
 .debug_frame   0x00001220       0x20 C:\Program Files\6 2017-q1-update\arm-none-eabi\lib\thumb\v6-m\libc_nano.a(lib_a-strcmp.o)
 .debug_frame   0x00001240       0x38 C:\Program Files\6 2017-q1-update\arm-none-eabi\lib\thumb\v6-m\libc_nano.a(lib_a-wctomb_r.o)
 .debug_frame   0x00001278       0x20 C:\Program Files\6 2017-q1-update\arm-none-eabi\lib\thumb\v6-m\libc_nano.a(lib_a-nano-msizer.o)
 .debug_frame   0x00001298       0x3c C:\Program Files\6 2017-q1-update\lib\gcc\arm-none-eabi\6.3.1\thumb\v6-m\libgcc.a(adddf3.o)
 .debug_frame   0x000012d4       0x38 C:\Program Files\6 2017-q1-update\lib\gcc\arm-none-eabi\6.3.1\thumb\v6-m\libgcc.a(eqdf2.o)
 .debug_frame   0x0000130c       0x38 C:\Program Files\6 2017-q1-update\lib\gcc\arm-none-eabi\6.3.1\thumb\v6-m\libgcc.a(gedf2.o)
 .debug_frame   0x00001344       0x38 C:\Program Files\6 2017-q1-update\lib\gcc\arm-none-eabi\6.3.1\thumb\v6-m\libgcc.a(ledf2.o)
 .debug_frame   0x0000137c       0x38 C:\Program Files\6 2017-q1-update\lib\gcc\arm-none-eabi\6.3.1\thumb\v6-m\libgcc.a(subdf3.o)
 .debug_frame   0x000013b4       0x2c C:\Program Files\6 2017-q1-update\lib\gcc\arm-none-eabi\6.3.1\thumb\v6-m\libgcc.a(unorddf2.o)
 .debug_frame   0x000013e0       0x2c C:\Program Files\6 2017-q1-update\lib\gcc\arm-none-eabi\6.3.1\thumb\v6-m\libgcc.a(fixdfsi.o)
 .debug_frame   0x0000140c       0x28 C:\Program Files\6 2017-q1-update\lib\gcc\arm-none-eabi\6.3.1\thumb\v6-m\libgcc.a(floatunsidf.o)

.debug_ranges   0x00000000       0x18
 .debug_ranges  0x00000000       0x18 init.o

Cross Reference Table

Symbol                                            File
ComBusy                                           serial.o
ComError                                          serial.o
ComOpen                                           serial.o
ComRXBuffer                                       serial.o
ComTXBuffer                                       serial.o
Default_Handler                                   init.o
GetBuf                                            serial.o
GetBufCount                                       serial.o
Hard_Fault_Handler                                init.o
PutBuf                                            serial.o
ReadCom                                           serial.o
ResetInit                                         init.o
Vectors                                           init.o
WriteCom                                          serial.o
_Balloc                                           C:\Program Files\6 2017-q1-update\arm-none-eabi\lib\thumb\v6-m\libc_nano.a(lib_a-mprec.o)
                                                  C:\Program Files\6 2017-q1-update\arm-none-eabi\lib\thumb\v6-m\libc_nano.a(lib_a-dtoa.o)
_Bfree                                            C:\Program Files\6 2017-q1-update\arm-none-eabi\lib\thumb\v6-m\libc_nano.a(lib_a-mprec.o)
                                                  C:\Program Files\6 2017-q1-update\arm-none-eabi\lib\thumb\v6-m\libc_nano.a(lib_a-dtoa.o)
_HeapStart                                        newlib_stubs.o
_PathLocale                                       C:\Program Files\6 2017-q1-update\arm-none-eabi\lib\thumb\v6-m\libc_nano.a(lib_a-locale.o)
_StackTop                                         newlib_stubs.o
                                                  init.o
__aeabi_cdcmpeq                                   C:\Program Files\6 2017-q1-update\lib\gcc\arm-none-eabi\6.3.1\thumb\v6-m\libgcc.a(_arm_cmpdf2.o)
__aeabi_cdcmple                                   C:\Program Files\6 2017-q1-update\lib\gcc\arm-none-eabi\6.3.1\thumb\v6-m\libgcc.a(_arm_cmpdf2.o)
__aeabi_cdrcmple                                  C:\Program Files\6 2017-q1-update\lib\gcc\arm-none-eabi\6.3.1\thumb\v6-m\libgcc.a(_arm_cmpdf2.o)
__aeabi_d2f                                       C:\Program Files\6 2017-q1-update\lib\gcc\arm-none-eabi\6.3.1\thumb\v6-m\libgcc.a(truncdfsf2.o)
                                                  main.o
__aeabi_d2iz                                      C:\Program Files\6 2017-q1-update\lib\gcc\arm-none-eabi\6.3.1\thumb\v6-m\libgcc.a(fixdfsi.o)
                                                  C:\Program Files\6 2017-q1-update\arm-none-eabi\lib\thumb\v6-m\libc_nano.a(lib_a-dtoa.o)
__aeabi_dadd                                      C:\Program Files\6 2017-q1-update\lib\gcc\arm-none-eabi\6.3.1\thumb\v6-m\libgcc.a(adddf3.o)
                                                  C:\Program Files\6 2017-q1-update\arm-none-eabi\lib\thumb\v6-m\libc_nano.a(lib_a-dtoa.o)
__aeabi_dcmpeq                                    C:\Program Files\6 2017-q1-update\lib\gcc\arm-none-eabi\6.3.1\thumb\v6-m\libgcc.a(_arm_cmpdf2.o)
                                                  C:\Program Files\6 2017-q1-update\arm-none-eabi\lib\thumb\v6-m\libc_nano.a(lib_a-dtoa.o)
                                                  C:\Program Files\6 2017-q1-update\arm-none-eabi\lib\thumb\v6-m\libc_nano.a(lib_a-nano-vfprintf_float.o)
__aeabi_dcmpge                                    C:\Program Files\6 2017-q1-update\lib\gcc\arm-none-eabi\6.3.1\thumb\v6-m\libgcc.a(_arm_cmpdf2.o)
                                                  C:\Program Files\6 2017-q1-update\arm-none-eabi\lib\thumb\v6-m\libc_nano.a(lib_a-dtoa.o)
__aeabi_dcmpgt                                    C:\Program Files\6 2017-q1-update\lib\gcc\arm-none-eabi\6.3.1\thumb\v6-m\libgcc.a(_arm_cmpdf2.o)
                                                  C:\Program Files\6 2017-q1-update\arm-none-eabi\lib\thumb\v6-m\libc_nano.a(lib_a-dtoa.o)
__aeabi_dcmple                                    C:\Program Files\6 2017-q1-update\lib\gcc\arm-none-eabi\6.3.1\thumb\v6-m\libgcc.a(_arm_cmpdf2.o)
                                                  C:\Program Files\6 2017-q1-update\arm-none-eabi\lib\thumb\v6-m\libc_nano.a(lib_a-nano-vfprintf_float.o)
__aeabi_dcmplt                                    C:\Program Files\6 2017-q1-update\lib\gcc\arm-none-eabi\6.3.1\thumb\v6-m\libgcc.a(_arm_cmpdf2.o)
                                                  C:\Program Files\6 2017-q1-update\arm-none-eabi\lib\thumb\v6-m\libc_nano.a(lib_a-dtoa.o)
                                                  C:\Program Files\6 2017-q1-update\arm-none-eabi\lib\thumb\v6-m\libc_nano.a(lib_a-nano-vfprintf_float.o)
__aeabi_dcmpun                                    C:\Program Files\6 2017-q1-update\lib\gcc\arm-none-eabi\6.3.1\thumb\v6-m\libgcc.a(unorddf2.o)
                                                  C:\Program Files\6 2017-q1-update\arm-none-eabi\lib\thumb\v6-m\libc_nano.a(lib_a-nano-vfprintf_float.o)
__aeabi_ddiv                                      C:\Program Files\6 2017-q1-update\lib\gcc\arm-none-eabi\6.3.1\thumb\v6-m\libgcc.a(divdf3.o)
                                                  C:\Program Files\6 2017-q1-update\arm-none-eabi\lib\thumb\v6-m\libc_nano.a(lib_a-mprec.o)
                                                  C:\Program Files\6 2017-q1-update\arm-none-eabi\lib\thumb\v6-m\libc_nano.a(lib_a-dtoa.o)
                                                  main.o
__aeabi_dmul                                      C:\Program Files\6 2017-q1-update\lib\gcc\arm-none-eabi\6.3.1\thumb\v6-m\libgcc.a(muldf3.o)
                                                  C:\Program Files\6 2017-q1-update\arm-none-eabi\lib\thumb\v6-m\libc_nano.a(lib_a-mprec.o)
                                                  C:\Program Files\6 2017-q1-update\arm-none-eabi\lib\thumb\v6-m\libc_nano.a(lib_a-dtoa.o)
                                                  main.o
__aeabi_dsub                                      C:\Program Files\6 2017-q1-update\lib\gcc\arm-none-eabi\6.3.1\thumb\v6-m\libgcc.a(subdf3.o)
                                                  C:\Program Files\6 2017-q1-update\arm-none-eabi\lib\thumb\v6-m\libc_nano.a(lib_a-dtoa.o)
__aeabi_f2d                                       C:\Program Files\6 2017-q1-update\lib\gcc\arm-none-eabi\6.3.1\thumb\v6-m\libgcc.a(extendsfdf2.o)
                                                  main.o
__aeabi_i2d                                       C:\Program Files\6 2017-q1-update\lib\gcc\arm-none-eabi\6.3.1\thumb\v6-m\libgcc.a(floatsidf.o)
                                                  C:\Program Files\6 2017-q1-update\arm-none-eabi\lib\thumb\v6-m\libc_nano.a(lib_a-dtoa.o)
                                                  main.o
__aeabi_idiv                                      C:\Program Files\6 2017-q1-update\lib\gcc\arm-none-eabi\6.3.1\thumb\v6-m\libgcc.a(_divsi3.o)
                                                  C:\Program Files\6 2017-q1-update\arm-none-eabi\lib\thumb\v6-m\libc_nano.a(lib_a-fvwrite.o)
                                                  C:\Program Files\6 2017-q1-update\arm-none-eabi\lib\thumb\v6-m\libc_nano.a(lib_a-mprec.o)
                                                  C:\Program Files\6 2017-q1-update\arm-none-eabi\lib\thumb\v6-m\libc_nano.a(lib_a-nano-vfprintf_float.o)
                                                  serial.o
__aeabi_idiv0                                     C:\Program Files\6 2017-q1-update\lib\gcc\arm-none-eabi\6.3.1\thumb\v6-m\libgcc.a(_dvmd_tls.o)
                                                  C:\Program Files\6 2017-q1-update\lib\gcc\arm-none-eabi\6.3.1\thumb\v6-m\libgcc.a(_udivsi3.o)
                                                  C:\Program Files\6 2017-q1-update\lib\gcc\arm-none-eabi\6.3.1\thumb\v6-m\libgcc.a(_divsi3.o)
__aeabi_idivmod                                   C:\Program Files\6 2017-q1-update\lib\gcc\arm-none-eabi\6.3.1\thumb\v6-m\libgcc.a(_divsi3.o)
                                                  C:\Program Files\6 2017-q1-update\arm-none-eabi\lib\thumb\v6-m\libc_nano.a(lib_a-nano-vfprintf_float.o)
__aeabi_ldiv0                                     C:\Program Files\6 2017-q1-update\lib\gcc\arm-none-eabi\6.3.1\thumb\v6-m\libgcc.a(_dvmd_tls.o)
__aeabi_ui2d                                      C:\Program Files\6 2017-q1-update\lib\gcc\arm-none-eabi\6.3.1\thumb\v6-m\libgcc.a(floatunsidf.o)
                                                  C:\Program Files\6 2017-q1-update\arm-none-eabi\lib\thumb\v6-m\libc_nano.a(lib_a-dtoa.o)
__aeabi_uidiv                                     C:\Program Files\6 2017-q1-update\lib\gcc\arm-none-eabi\6.3.1\thumb\v6-m\libgcc.a(_udivsi3.o)
                                                  C:\Program Files\6 2017-q1-update\arm-none-eabi\lib\thumb\v6-m\libc_nano.a(lib_a-dtoa.o)
                                                  C:\Program Files\6 2017-q1-update\arm-none-eabi\lib\thumb\v6-m\libc_nano.a(lib_a-nano-vfprintf_i.o)
                                                  C:\Program Files\6 2017-q1-update\lib\gcc\arm-none-eabi\6.3.1\thumb\v6-m\libgcc.a(divdf3.o)
__aeabi_uidivmod                                  C:\Program Files\6 2017-q1-update\lib\gcc\arm-none-eabi\6.3.1\thumb\v6-m\libgcc.a(_udivsi3.o)
                                                  C:\Program Files\6 2017-q1-update\arm-none-eabi\lib\thumb\v6-m\libc_nano.a(lib_a-nano-vfprintf_i.o)
                                                  C:\Program Files\6 2017-q1-update\lib\gcc\arm-none-eabi\6.3.1\thumb\v6-m\libgcc.a(divdf3.o)
__any_on                                          C:\Program Files\6 2017-q1-update\arm-none-eabi\lib\thumb\v6-m\libc_nano.a(lib_a-mprec.o)
__ascii_mbtowc                                    C:\Program Files\6 2017-q1-update\arm-none-eabi\lib\thumb\v6-m\libc_nano.a(lib_a-mbtowc_r.o)
                                                  C:\Program Files\6 2017-q1-update\arm-none-eabi\lib\thumb\v6-m\libc_nano.a(lib_a-locale.o)
__ascii_wctomb                                    C:\Program Files\6 2017-q1-update\arm-none-eabi\lib\thumb\v6-m\libc_nano.a(lib_a-wctomb_r.o)
                                                  C:\Program Files\6 2017-q1-update\arm-none-eabi\lib\thumb\v6-m\libc_nano.a(lib_a-locale.o)
__b2d                                             C:\Program Files\6 2017-q1-update\arm-none-eabi\lib\thumb\v6-m\libc_nano.a(lib_a-mprec.o)
__clzsi2                                          C:\Program Files\6 2017-q1-update\lib\gcc\arm-none-eabi\6.3.1\thumb\v6-m\libgcc.a(_clzsi2.o)
                                                  C:\Program Files\6 2017-q1-update\lib\gcc\arm-none-eabi\6.3.1\thumb\v6-m\libgcc.a(floatunsidf.o)
                                                  C:\Program Files\6 2017-q1-update\lib\gcc\arm-none-eabi\6.3.1\thumb\v6-m\libgcc.a(subdf3.o)
                                                  C:\Program Files\6 2017-q1-update\lib\gcc\arm-none-eabi\6.3.1\thumb\v6-m\libgcc.a(adddf3.o)
                                                  C:\Program Files\6 2017-q1-update\lib\gcc\arm-none-eabi\6.3.1\thumb\v6-m\libgcc.a(extendsfdf2.o)
                                                  C:\Program Files\6 2017-q1-update\lib\gcc\arm-none-eabi\6.3.1\thumb\v6-m\libgcc.a(floatsidf.o)
                                                  C:\Program Files\6 2017-q1-update\lib\gcc\arm-none-eabi\6.3.1\thumb\v6-m\libgcc.a(muldf3.o)
                                                  C:\Program Files\6 2017-q1-update\lib\gcc\arm-none-eabi\6.3.1\thumb\v6-m\libgcc.a(divdf3.o)
__copybits                                        C:\Program Files\6 2017-q1-update\arm-none-eabi\lib\thumb\v6-m\libc_nano.a(lib_a-mprec.o)
__cvt                                             C:\Program Files\6 2017-q1-update\arm-none-eabi\lib\thumb\v6-m\libc_nano.a(lib_a-nano-vfprintf_float.o)
__d2b                                             C:\Program Files\6 2017-q1-update\arm-none-eabi\lib\thumb\v6-m\libc_nano.a(lib_a-mprec.o)
                                                  C:\Program Files\6 2017-q1-update\arm-none-eabi\lib\thumb\v6-m\libc_nano.a(lib_a-dtoa.o)
__divsi3                                          C:\Program Files\6 2017-q1-update\lib\gcc\arm-none-eabi\6.3.1\thumb\v6-m\libgcc.a(_divsi3.o)
__env                                             newlib_stubs.o
__eqdf2                                           C:\Program Files\6 2017-q1-update\lib\gcc\arm-none-eabi\6.3.1\thumb\v6-m\libgcc.a(eqdf2.o)
                                                  C:\Program Files\6 2017-q1-update\lib\gcc\arm-none-eabi\6.3.1\thumb\v6-m\libgcc.a(_arm_cmpdf2.o)
__exponent                                        C:\Program Files\6 2017-q1-update\arm-none-eabi\lib\thumb\v6-m\libc_nano.a(lib_a-nano-vfprintf_float.o)
__fp_lock_all                                     C:\Program Files\6 2017-q1-update\arm-none-eabi\lib\thumb\v6-m\libc_nano.a(lib_a-findfp.o)
__fp_unlock_all                                   C:\Program Files\6 2017-q1-update\arm-none-eabi\lib\thumb\v6-m\libc_nano.a(lib_a-findfp.o)
__gedf2                                           C:\Program Files\6 2017-q1-update\lib\gcc\arm-none-eabi\6.3.1\thumb\v6-m\libgcc.a(gedf2.o)
                                                  C:\Program Files\6 2017-q1-update\lib\gcc\arm-none-eabi\6.3.1\thumb\v6-m\libgcc.a(_arm_cmpdf2.o)
__global_locale                                   C:\Program Files\6 2017-q1-update\arm-none-eabi\lib\thumb\v6-m\libc_nano.a(lib_a-locale.o)
                                                  C:\Program Files\6 2017-q1-update\arm-none-eabi\lib\thumb\v6-m\libc_nano.a(lib_a-wctomb_r.o)
                                                  C:\Program Files\6 2017-q1-update\arm-none-eabi\lib\thumb\v6-m\libc_nano.a(lib_a-mbtowc_r.o)
                                                  C:\Program Files\6 2017-q1-update\arm-none-eabi\lib\thumb\v6-m\libc_nano.a(lib_a-localeconv.o)
__gnu_thumb1_case_uqi                             C:\Program Files\6 2017-q1-update\lib\gcc\arm-none-eabi\6.3.1\thumb\v6-m\libgcc.a(_thumb1_case_uqi.o)
                                                  C:\Program Files\6 2017-q1-update\arm-none-eabi\lib\thumb\v6-m\libc_nano.a(lib_a-dtoa.o)
__gtdf2                                           C:\Program Files\6 2017-q1-update\lib\gcc\arm-none-eabi\6.3.1\thumb\v6-m\libgcc.a(gedf2.o)
__hi0bits                                         C:\Program Files\6 2017-q1-update\arm-none-eabi\lib\thumb\v6-m\libc_nano.a(lib_a-mprec.o)
                                                  C:\Program Files\6 2017-q1-update\arm-none-eabi\lib\thumb\v6-m\libc_nano.a(lib_a-dtoa.o)
__i2b                                             C:\Program Files\6 2017-q1-update\arm-none-eabi\lib\thumb\v6-m\libc_nano.a(lib_a-mprec.o)
                                                  C:\Program Files\6 2017-q1-update\arm-none-eabi\lib\thumb\v6-m\libc_nano.a(lib_a-dtoa.o)
__init_array_end                                  init.o
__init_array_start                                init.o
__ledf2                                           C:\Program Files\6 2017-q1-update\lib\gcc\arm-none-eabi\6.3.1\thumb\v6-m\libgcc.a(ledf2.o)
                                                  C:\Program Files\6 2017-q1-update\lib\gcc\arm-none-eabi\6.3.1\thumb\v6-m\libgcc.a(_arm_cmpdf2.o)
__lo0bits                                         C:\Program Files\6 2017-q1-update\arm-none-eabi\lib\thumb\v6-m\libc_nano.a(lib_a-mprec.o)
__locale_ctype_ptr                                C:\Program Files\6 2017-q1-update\arm-none-eabi\lib\thumb\v6-m\libc_nano.a(lib_a-locale.o)
__locale_ctype_ptr_l                              C:\Program Files\6 2017-q1-update\arm-none-eabi\lib\thumb\v6-m\libc_nano.a(lib_a-locale.o)
__locale_mb_cur_max                               C:\Program Files\6 2017-q1-update\arm-none-eabi\lib\thumb\v6-m\libc_nano.a(lib_a-locale.o)
__localeconv_l                                    C:\Program Files\6 2017-q1-update\arm-none-eabi\lib\thumb\v6-m\libc_nano.a(lib_a-localeconv.o)
__lshift                                          C:\Program Files\6 2017-q1-update\arm-none-eabi\lib\thumb\v6-m\libc_nano.a(lib_a-mprec.o)
                                                  C:\Program Files\6 2017-q1-update\arm-none-eabi\lib\thumb\v6-m\libc_nano.a(lib_a-dtoa.o)
__ltdf2                                           C:\Program Files\6 2017-q1-update\lib\gcc\arm-none-eabi\6.3.1\thumb\v6-m\libgcc.a(ledf2.o)
__malloc_free_list                                C:\Program Files\6 2017-q1-update\arm-none-eabi\lib\thumb\v6-m\libc_nano.a(lib_a-nano-mallocr.o)
                                                  C:\Program Files\6 2017-q1-update\arm-none-eabi\lib\thumb\v6-m\libc_nano.a(lib_a-nano-freer.o)
__malloc_lock                                     C:\Program Files\6 2017-q1-update\arm-none-eabi\lib\thumb\v6-m\libc_nano.a(lib_a-mlock.o)
                                                  C:\Program Files\6 2017-q1-update\arm-none-eabi\lib\thumb\v6-m\libc_nano.a(lib_a-nano-mallocr.o)
                                                  C:\Program Files\6 2017-q1-update\arm-none-eabi\lib\thumb\v6-m\libc_nano.a(lib_a-nano-freer.o)
__malloc_sbrk_start                               C:\Program Files\6 2017-q1-update\arm-none-eabi\lib\thumb\v6-m\libc_nano.a(lib_a-nano-mallocr.o)
__malloc_unlock                                   C:\Program Files\6 2017-q1-update\arm-none-eabi\lib\thumb\v6-m\libc_nano.a(lib_a-mlock.o)
                                                  C:\Program Files\6 2017-q1-update\arm-none-eabi\lib\thumb\v6-m\libc_nano.a(lib_a-nano-mallocr.o)
                                                  C:\Program Files\6 2017-q1-update\arm-none-eabi\lib\thumb\v6-m\libc_nano.a(lib_a-nano-freer.o)
__mcmp                                            C:\Program Files\6 2017-q1-update\arm-none-eabi\lib\thumb\v6-m\libc_nano.a(lib_a-mprec.o)
                                                  C:\Program Files\6 2017-q1-update\arm-none-eabi\lib\thumb\v6-m\libc_nano.a(lib_a-dtoa.o)
__mdiff                                           C:\Program Files\6 2017-q1-update\arm-none-eabi\lib\thumb\v6-m\libc_nano.a(lib_a-mprec.o)
                                                  C:\Program Files\6 2017-q1-update\arm-none-eabi\lib\thumb\v6-m\libc_nano.a(lib_a-dtoa.o)
__mprec_bigtens                                   C:\Program Files\6 2017-q1-update\arm-none-eabi\lib\thumb\v6-m\libc_nano.a(lib_a-mprec.o)
                                                  C:\Program Files\6 2017-q1-update\arm-none-eabi\lib\thumb\v6-m\libc_nano.a(lib_a-dtoa.o)
__mprec_tens                                      C:\Program Files\6 2017-q1-update\arm-none-eabi\lib\thumb\v6-m\libc_nano.a(lib_a-mprec.o)
                                                  C:\Program Files\6 2017-q1-update\arm-none-eabi\lib\thumb\v6-m\libc_nano.a(lib_a-dtoa.o)
__mprec_tinytens                                  C:\Program Files\6 2017-q1-update\arm-none-eabi\lib\thumb\v6-m\libc_nano.a(lib_a-mprec.o)
__multadd                                         C:\Program Files\6 2017-q1-update\arm-none-eabi\lib\thumb\v6-m\libc_nano.a(lib_a-mprec.o)
                                                  C:\Program Files\6 2017-q1-update\arm-none-eabi\lib\thumb\v6-m\libc_nano.a(lib_a-dtoa.o)
__multiply                                        C:\Program Files\6 2017-q1-update\arm-none-eabi\lib\thumb\v6-m\libc_nano.a(lib_a-mprec.o)
                                                  C:\Program Files\6 2017-q1-update\arm-none-eabi\lib\thumb\v6-m\libc_nano.a(lib_a-dtoa.o)
__nedf2                                           C:\Program Files\6 2017-q1-update\lib\gcc\arm-none-eabi\6.3.1\thumb\v6-m\libgcc.a(eqdf2.o)
__pow5mult                                        C:\Program Files\6 2017-q1-update\arm-none-eabi\lib\thumb\v6-m\libc_nano.a(lib_a-mprec.o)
                                                  C:\Program Files\6 2017-q1-update\arm-none-eabi\lib\thumb\v6-m\libc_nano.a(lib_a-dtoa.o)
__ratio                                           C:\Program Files\6 2017-q1-update\arm-none-eabi\lib\thumb\v6-m\libc_nano.a(lib_a-mprec.o)
__s2b                                             C:\Program Files\6 2017-q1-update\arm-none-eabi\lib\thumb\v6-m\libc_nano.a(lib_a-mprec.o)
__sclose                                          C:\Program Files\6 2017-q1-update\arm-none-eabi\lib\thumb\v6-m\libc_nano.a(lib_a-stdio.o)